
> gvteway@0.1.0 build /Users/julianclarkson/Documents/Dragonflyone/apps/gvteway
> NODE_OPTIONS='--max-old-space-size=8192' next build

  ▲ Next.js 14.2.28
  - Environments: .env.local
  - Experiments (use with caution):
    · cpus

   Creating an optimized production build ...
<w> [webpack.cache.PackFileCacheStrategy] Serializing big strings (130kiB) impacts deserialization performance (consider using Buffer instead and decode when needed)

warn - Unnecessary typehint `length` in `leading-[length:--line-height-{level}-lg]`.
warn - You can safely update it to `leading-[--line-height-{level}-lg]`.

warn - Unnecessary typehint `length` in `leading-[length:--line-height-{level}-md]`.
warn - You can safely update it to `leading-[--line-height-{level}-md]`.

warn - Unnecessary typehint `length` in `leading-[length:--line-height-{level}-sm]`.
warn - You can safely update it to `leading-[--line-height-{level}-sm]`.

warn - Unnecessary typehint `length` in `leading-[length:--line-height-{level}-xl]`.
warn - You can safely update it to `leading-[--line-height-{level}-xl]`.
 ⚠ Compiled with warnings

../../node_modules/.pnpm/@supabase+realtime-js@2.89.0/node_modules/@supabase/realtime-js/dist/module/lib/websocket-factory.js
A Node.js API is used (process.versions at line: 39) which is not supported in the Edge Runtime.
Learn more: https://nextjs.org/docs/api-reference/edge-runtime

Import trace for requested module:
../../node_modules/.pnpm/@supabase+realtime-js@2.89.0/node_modules/@supabase/realtime-js/dist/module/lib/websocket-factory.js
../../node_modules/.pnpm/@supabase+realtime-js@2.89.0/node_modules/@supabase/realtime-js/dist/module/index.js
../../node_modules/.pnpm/@supabase+supabase-js@2.89.0/node_modules/@supabase/supabase-js/dist/index.mjs
../../node_modules/.pnpm/@supabase+ssr@0.5.2_@supabase+supabase-js@2.89.0/node_modules/@supabase/ssr/dist/module/createBrowserClient.js
../../node_modules/.pnpm/@supabase+ssr@0.5.2_@supabase+supabase-js@2.89.0/node_modules/@supabase/ssr/dist/module/index.js

../../node_modules/.pnpm/@supabase+supabase-js@2.89.0/node_modules/@supabase/supabase-js/dist/index.mjs
A Node.js API is used (process.version at line: 395) which is not supported in the Edge Runtime.
Learn more: https://nextjs.org/docs/api-reference/edge-runtime

Import trace for requested module:
../../node_modules/.pnpm/@supabase+supabase-js@2.89.0/node_modules/@supabase/supabase-js/dist/index.mjs
../../node_modules/.pnpm/@supabase+ssr@0.5.2_@supabase+supabase-js@2.89.0/node_modules/@supabase/ssr/dist/module/createBrowserClient.js
../../node_modules/.pnpm/@supabase+ssr@0.5.2_@supabase+supabase-js@2.89.0/node_modules/@supabase/ssr/dist/module/index.js

   Skipping validation of types
   Skipping linting
   Collecting page data ...
PageNotFoundError: Cannot find module for page: /api/ab-testing
    at getPagePath (/Users/julianclarkson/Documents/Dragonflyone/node_modules/.pnpm/next@14.2.28_@babel+core@7.28.5_@opentelemetry+api@1.9.0_@playwright+test@1.57.0_react-dom@18_3opvhfzyn3dkgiqrdyhnwzqu5u/node_modules/next/dist/server/require.js:94:15)
    at requirePage (/Users/julianclarkson/Documents/Dragonflyone/node_modules/.pnpm/next@14.2.28_@babel+core@7.28.5_@opentelemetry+api@1.9.0_@playwright+test@1.57.0_react-dom@18_3opvhfzyn3dkgiqrdyhnwzqu5u/node_modules/next/dist/server/require.js:99:22)
    at /Users/julianclarkson/Documents/Dragonflyone/node_modules/.pnpm/next@14.2.28_@babel+core@7.28.5_@opentelemetry+api@1.9.0_@playwright+test@1.57.0_react-dom@18_3opvhfzyn3dkgiqrdyhnwzqu5u/node_modules/next/dist/server/load-components.js:103:84
    at process.processTicksAndRejections (node:internal/process/task_queues:105:5)
    at async loadComponentsImpl (/Users/julianclarkson/Documents/Dragonflyone/node_modules/.pnpm/next@14.2.28_@babel+core@7.28.5_@opentelemetry+api@1.9.0_@playwright+test@1.57.0_react-dom@18_3opvhfzyn3dkgiqrdyhnwzqu5u/node_modules/next/dist/server/load-components.js:103:26)
    at async /Users/julianclarkson/Documents/Dragonflyone/node_modules/.pnpm/next@14.2.28_@babel+core@7.28.5_@opentelemetry+api@1.9.0_@playwright+test@1.57.0_react-dom@18_3opvhfzyn3dkgiqrdyhnwzqu5u/node_modules/next/dist/build/utils.js:1116:32
    at async Span.traceAsyncFn (/Users/julianclarkson/Documents/Dragonflyone/node_modules/.pnpm/next@14.2.28_@babel+core@7.28.5_@opentelemetry+api@1.9.0_@playwright+test@1.57.0_react-dom@18_3opvhfzyn3dkgiqrdyhnwzqu5u/node_modules/next/dist/trace/trace.js:154:20) {
  code: 'ENOENT'
}
PageNotFoundError: Cannot find module for page: /api/abandoned-cart
    at getPagePath (/Users/julianclarkson/Documents/Dragonflyone/node_modules/.pnpm/next@14.2.28_@babel+core@7.28.5_@opentelemetry+api@1.9.0_@playwright+test@1.57.0_react-dom@18_3opvhfzyn3dkgiqrdyhnwzqu5u/node_modules/next/dist/server/require.js:94:15)
    at requirePage (/Users/julianclarkson/Documents/Dragonflyone/node_modules/.pnpm/next@14.2.28_@babel+core@7.28.5_@opentelemetry+api@1.9.0_@playwright+test@1.57.0_react-dom@18_3opvhfzyn3dkgiqrdyhnwzqu5u/node_modules/next/dist/server/require.js:99:22)
    at /Users/julianclarkson/Documents/Dragonflyone/node_modules/.pnpm/next@14.2.28_@babel+core@7.28.5_@opentelemetry+api@1.9.0_@playwright+test@1.57.0_react-dom@18_3opvhfzyn3dkgiqrdyhnwzqu5u/node_modules/next/dist/server/load-components.js:103:84
    at process.processTicksAndRejections (node:internal/process/task_queues:105:5)
    at async loadComponentsImpl (/Users/julianclarkson/Documents/Dragonflyone/node_modules/.pnpm/next@14.2.28_@babel+core@7.28.5_@opentelemetry+api@1.9.0_@playwright+test@1.57.0_react-dom@18_3opvhfzyn3dkgiqrdyhnwzqu5u/node_modules/next/dist/server/load-components.js:103:26)
    at async /Users/julianclarkson/Documents/Dragonflyone/node_modules/.pnpm/next@14.2.28_@babel+core@7.28.5_@opentelemetry+api@1.9.0_@playwright+test@1.57.0_react-dom@18_3opvhfzyn3dkgiqrdyhnwzqu5u/node_modules/next/dist/build/utils.js:1116:32
    at async Span.traceAsyncFn (/Users/julianclarkson/Documents/Dragonflyone/node_modules/.pnpm/next@14.2.28_@babel+core@7.28.5_@opentelemetry+api@1.9.0_@playwright+test@1.57.0_react-dom@18_3opvhfzyn3dkgiqrdyhnwzqu5u/node_modules/next/dist/trace/trace.js:154:20) {
  code: 'ENOENT'
}

> Build error occurred
Error: Failed to collect page data for /api/ab-testing
    at /Users/julianclarkson/Documents/Dragonflyone/node_modules/.pnpm/next@14.2.28_@babel+core@7.28.5_@opentelemetry+api@1.9.0_@playwright+test@1.57.0_react-dom@18_3opvhfzyn3dkgiqrdyhnwzqu5u/node_modules/next/dist/build/utils.js:1269:15
    at process.processTicksAndRejections (node:internal/process/task_queues:105:5) {
  type: 'Error'
}
 ELIFECYCLE  Command failed with exit code 1.
