
> gvteway@0.1.0 lint /Users/julianclarkson/Documents/Dragonflyone/apps/gvteway
> next lint --max-warnings 9999


./src/app/accessibility/request/page.tsx
50:9  Warning: 'router' is assigned a value but never used. Allowed unused vars must match /^_/u.  @typescript-eslint/no-unused-vars

./src/app/admin/integrations/page.tsx
16:40  Warning: Unexpected any. Specify a different type.  @typescript-eslint/no-explicit-any

./src/app/admin/pos/cashless/page.tsx
5:10  Warning: 'Wifi' is defined but never used. Allowed unused vars must match /^_/u.  @typescript-eslint/no-unused-vars
5:16  Warning: 'CreditCard' is defined but never used. Allowed unused vars must match /^_/u.  @typescript-eslint/no-unused-vars
5:28  Warning: 'Smartphone' is defined but never used. Allowed unused vars must match /^_/u.  @typescript-eslint/no-unused-vars
5:40  Warning: 'Watch' is defined but never used. Allowed unused vars must match /^_/u.  @typescript-eslint/no-unused-vars
5:47  Warning: 'QrCode' is defined but never used. Allowed unused vars must match /^_/u.  @typescript-eslint/no-unused-vars
103:21  Warning: 'setTerminals' is assigned a value but never used. Allowed unused vars must match /^_/u.  @typescript-eslint/no-unused-vars
104:24  Warning: 'setTransactions' is assigned a value but never used. Allowed unused vars must match /^_/u.  @typescript-eslint/no-unused-vars

./src/app/api/ab-testing/route.ts
16:7  Warning: 'supabase' is assigned a value but never used. Allowed unused vars must match /^_/u.  @typescript-eslint/no-unused-vars
18:36  Warning: Unexpected any. Specify a different type.  @typescript-eslint/no-explicit-any
62:58  Warning: Unexpected any. Specify a different type.  @typescript-eslint/no-explicit-any
80:50  Warning: Unexpected any. Specify a different type.  @typescript-eslint/no-explicit-any
80:64  Warning: Unexpected any. Specify a different type.  @typescript-eslint/no-explicit-any
103:41  Warning: Unexpected any. Specify a different type.  @typescript-eslint/no-explicit-any
115:50  Warning: Unexpected any. Specify a different type.  @typescript-eslint/no-explicit-any
140:19  Warning: Unexpected any. Specify a different type.  @typescript-eslint/no-explicit-any
213:19  Warning: Unexpected any. Specify a different type.  @typescript-eslint/no-explicit-any
252:19  Warning: Unexpected any. Specify a different type.  @typescript-eslint/no-explicit-any
257:34  Warning: Unexpected any. Specify a different type.  @typescript-eslint/no-explicit-any
257:42  Warning: Unexpected any. Specify a different type.  @typescript-eslint/no-explicit-any
269:39  Warning: Unexpected any. Specify a different type.  @typescript-eslint/no-explicit-any

./src/app/api/abandoned-cart/route.ts
15:7  Warning: 'supabase' is assigned a value but never used. Allowed unused vars must match /^_/u.  @typescript-eslint/no-unused-vars
17:36  Warning: Unexpected any. Specify a different type.  @typescript-eslint/no-explicit-any

./src/app/api/accessibility/requests/route.ts
15:7  Warning: 'supabase' is assigned a value but never used. Allowed unused vars must match /^_/u.  @typescript-eslint/no-unused-vars
17:36  Warning: Unexpected any. Specify a different type.  @typescript-eslint/no-explicit-any
54:35  Warning: Unexpected any. Specify a different type.  @typescript-eslint/no-explicit-any
55:34  Warning: Unexpected any. Specify a different type.  @typescript-eslint/no-explicit-any

./src/app/api/accessibility/route.ts
15:7  Warning: 'supabase' is assigned a value but never used. Allowed unused vars must match /^_/u.  @typescript-eslint/no-unused-vars
17:36  Warning: Unexpected any. Specify a different type.  @typescript-eslint/no-explicit-any

./src/app/api/activity/feed/route.ts
15:7  Warning: 'supabase' is assigned a value but never used. Allowed unused vars must match /^_/u.  @typescript-eslint/no-unused-vars
17:36  Warning: Unexpected any. Specify a different type.  @typescript-eslint/no-explicit-any
84:36  Warning: Unexpected any. Specify a different type.  @typescript-eslint/no-explicit-any
85:38  Warning: Unexpected any. Specify a different type.  @typescript-eslint/no-explicit-any
87:39  Warning: Unexpected any. Specify a different type.  @typescript-eslint/no-explicit-any
88:39  Warning: Unexpected any. Specify a different type.  @typescript-eslint/no-explicit-any
90:40  Warning: Unexpected any. Specify a different type.  @typescript-eslint/no-explicit-any
92:38  Warning: Unexpected any. Specify a different type.  @typescript-eslint/no-explicit-any

./src/app/api/ad-campaigns/route.ts
16:7  Warning: 'supabase' is assigned a value but never used. Allowed unused vars must match /^_/u.  @typescript-eslint/no-unused-vars
18:36  Warning: Unexpected any. Specify a different type.  @typescript-eslint/no-explicit-any
96:48  Warning: Unexpected any. Specify a different type.  @typescript-eslint/no-explicit-any
96:56  Warning: Unexpected any. Specify a different type.  @typescript-eslint/no-explicit-any
125:19  Warning: Unexpected any. Specify a different type.  @typescript-eslint/no-explicit-any
190:19  Warning: Unexpected any. Specify a different type.  @typescript-eslint/no-explicit-any
249:19  Warning: Unexpected any. Specify a different type.  @typescript-eslint/no-explicit-any

./src/app/api/admin/promo-codes/[id]/route.ts
16:7  Warning: 'supabase' is assigned a value but never used. Allowed unused vars must match /^_/u.  @typescript-eslint/no-unused-vars
18:36  Warning: Unexpected any. Specify a different type.  @typescript-eslint/no-explicit-any

./src/app/api/admin/promo-codes/route.ts
16:7  Warning: 'supabase' is assigned a value but never used. Allowed unused vars must match /^_/u.  @typescript-eslint/no-unused-vars
18:36  Warning: Unexpected any. Specify a different type.  @typescript-eslint/no-explicit-any

./src/app/api/admin/reconciliation/route.ts
132:89  Warning: Unexpected any. Specify a different type.  @typescript-eslint/no-explicit-any
169:61  Warning: Unexpected any. Specify a different type.  @typescript-eslint/no-explicit-any

./src/app/api/advanced-search/route.ts
16:7  Warning: 'supabase' is assigned a value but never used. Allowed unused vars must match /^_/u.  @typescript-eslint/no-unused-vars
18:36  Warning: Unexpected any. Specify a different type.  @typescript-eslint/no-explicit-any
158:20  Warning: Unexpected any. Specify a different type.  @typescript-eslint/no-explicit-any
303:20  Warning: Unexpected any. Specify a different type.  @typescript-eslint/no-explicit-any

./src/app/api/age-restrictions/route.ts
16:7  Warning: 'supabase' is assigned a value but never used. Allowed unused vars must match /^_/u.  @typescript-eslint/no-unused-vars
18:36  Warning: Unexpected any. Specify a different type.  @typescript-eslint/no-explicit-any
48:19  Warning: Unexpected any. Specify a different type.  @typescript-eslint/no-explicit-any
67:19  Warning: Unexpected any. Specify a different type.  @typescript-eslint/no-explicit-any
90:19  Warning: Unexpected any. Specify a different type.  @typescript-eslint/no-explicit-any

./src/app/api/age-verification/route.ts
15:7  Warning: 'supabase' is assigned a value but never used. Allowed unused vars must match /^_/u.  @typescript-eslint/no-unused-vars
17:36  Warning: Unexpected any. Specify a different type.  @typescript-eslint/no-explicit-any

./src/app/api/ai/nlp-search/route.ts
15:36  Warning: Unexpected any. Specify a different type.  @typescript-eslint/no-explicit-any
68:18  Warning: Unexpected any. Specify a different type.  @typescript-eslint/no-explicit-any
416:41  Warning: 'parsed' is defined but never used. Allowed unused args must match /^_/u.  @typescript-eslint/no-unused-vars
416:62  Warning: 'results' is defined but never used. Allowed unused args must match /^_/u.  @typescript-eslint/no-unused-vars
416:71  Warning: Unexpected any. Specify a different type.  @typescript-eslint/no-explicit-any

./src/app/api/ai/recommendations/route.ts
15:7  Warning: 'supabase' is assigned a value but never used. Allowed unused vars must match /^_/u.  @typescript-eslint/no-unused-vars
17:36  Warning: Unexpected any. Specify a different type.  @typescript-eslint/no-explicit-any
67:34  Warning: Unexpected any. Specify a different type.  @typescript-eslint/no-explicit-any

./src/app/api/ai-recommendations/route.ts
17:36  Warning: Unexpected any. Specify a different type.  @typescript-eslint/no-explicit-any
48:26  Warning: Unexpected any. Specify a different type.  @typescript-eslint/no-explicit-any
77:36  Warning: Unexpected any. Specify a different type.  @typescript-eslint/no-explicit-any
77:56  Warning: Unexpected any. Specify a different type.  @typescript-eslint/no-explicit-any
77:72  Warning: Unexpected any. Specify a different type.  @typescript-eslint/no-explicit-any
77:80  Warning: Unexpected any. Specify a different type.  @typescript-eslint/no-explicit-any
112:56  Warning: Unexpected any. Specify a different type.  @typescript-eslint/no-explicit-any
140:52  Warning: 'profile' is defined but never used. Allowed unused args must match /^_/u.  @typescript-eslint/no-unused-vars
140:61  Warning: Unexpected any. Specify a different type.  @typescript-eslint/no-explicit-any
158:43  Warning: Unexpected any. Specify a different type.  @typescript-eslint/no-explicit-any
174:41  Warning: Unexpected any. Specify a different type.  @typescript-eslint/no-explicit-any
174:55  Warning: Unexpected any. Specify a different type.  @typescript-eslint/no-explicit-any

./src/app/api/ambassador-program/route.ts
15:7  Warning: 'supabase' is assigned a value but never used. Allowed unused vars must match /^_/u.  @typescript-eslint/no-unused-vars
17:36  Warning: Unexpected any. Specify a different type.  @typescript-eslint/no-explicit-any

./src/app/api/anti-scalping/route.ts
15:7  Warning: 'supabase' is assigned a value but never used. Allowed unused vars must match /^_/u.  @typescript-eslint/no-unused-vars
17:36  Warning: Unexpected any. Specify a different type.  @typescript-eslint/no-explicit-any
140:41  Warning: 'device_fingerprint' is assigned a value but never used. Allowed unused vars must match /^_/u.  @typescript-eslint/no-unused-vars

./src/app/api/approval-workflows/route.ts
15:7  Warning: 'supabase' is assigned a value but never used. Allowed unused vars must match /^_/u.  @typescript-eslint/no-unused-vars
17:36  Warning: Unexpected any. Specify a different type.  @typescript-eslint/no-explicit-any
71:26  Warning: Unexpected any. Specify a different type.  @typescript-eslint/no-explicit-any

./src/app/api/ar-experiences/route.ts
15:7  Warning: 'supabase' is assigned a value but never used. Allowed unused vars must match /^_/u.  @typescript-eslint/no-unused-vars
17:36  Warning: Unexpected any. Specify a different type.  @typescript-eslint/no-explicit-any
58:45  Warning: 'venue_id' is assigned a value but never used. Allowed unused vars must match /^_/u.  @typescript-eslint/no-unused-vars

./src/app/api/artist-amplification/route.ts
16:7  Warning: 'supabase' is assigned a value but never used. Allowed unused vars must match /^_/u.  @typescript-eslint/no-unused-vars
18:36  Warning: Unexpected any. Specify a different type.  @typescript-eslint/no-explicit-any
67:19  Warning: Unexpected any. Specify a different type.  @typescript-eslint/no-explicit-any
132:19  Warning: Unexpected any. Specify a different type.  @typescript-eslint/no-explicit-any
155:19  Warning: Unexpected any. Specify a different type.  @typescript-eslint/no-explicit-any

./src/app/api/artists/[id]/follow/route.ts
15:7  Warning: 'supabase' is assigned a value but never used. Allowed unused vars must match /^_/u.  @typescript-eslint/no-unused-vars
17:36  Warning: Unexpected any. Specify a different type.  @typescript-eslint/no-explicit-any

./src/app/api/artists/[id]/follow/status/route.ts
15:7  Warning: 'supabase' is assigned a value but never used. Allowed unused vars must match /^_/u.  @typescript-eslint/no-unused-vars
17:36  Warning: Unexpected any. Specify a different type.  @typescript-eslint/no-explicit-any

./src/app/api/artists/route.ts
17:7  Warning: 'supabase' is assigned a value but never used. Allowed unused vars must match /^_/u.  @typescript-eslint/no-unused-vars
19:36  Warning: Unexpected any. Specify a different type.  @typescript-eslint/no-explicit-any

./src/app/api/auth/callback/route.ts
16:7  Warning: 'supabase' is assigned a value but never used. Allowed unused vars must match /^_/u.  @typescript-eslint/no-unused-vars
18:36  Warning: Unexpected any. Specify a different type.  @typescript-eslint/no-explicit-any

./src/app/api/auth/magic-link/route.ts
17:7  Warning: 'supabase' is assigned a value but never used. Allowed unused vars must match /^_/u.  @typescript-eslint/no-unused-vars
19:36  Warning: Unexpected any. Specify a different type.  @typescript-eslint/no-explicit-any

./src/app/api/auth/me/route.ts
16:7  Warning: 'supabase' is assigned a value but never used. Allowed unused vars must match /^_/u.  @typescript-eslint/no-unused-vars
18:36  Warning: Unexpected any. Specify a different type.  @typescript-eslint/no-explicit-any

./src/app/api/auth/oauth/[provider]/route.ts
16:7  Warning: 'supabase' is assigned a value but never used. Allowed unused vars must match /^_/u.  @typescript-eslint/no-unused-vars
18:36  Warning: Unexpected any. Specify a different type.  @typescript-eslint/no-explicit-any

./src/app/api/auth/password/reset/route.ts
17:7  Warning: 'supabase' is assigned a value but never used. Allowed unused vars must match /^_/u.  @typescript-eslint/no-unused-vars
19:36  Warning: Unexpected any. Specify a different type.  @typescript-eslint/no-explicit-any

./src/app/api/auth/password/update/route.ts
17:7  Warning: 'supabase' is assigned a value but never used. Allowed unused vars must match /^_/u.  @typescript-eslint/no-unused-vars
19:36  Warning: Unexpected any. Specify a different type.  @typescript-eslint/no-explicit-any

./src/app/api/auth/refresh/route.ts
17:7  Warning: 'supabase' is assigned a value but never used. Allowed unused vars must match /^_/u.  @typescript-eslint/no-unused-vars
19:36  Warning: Unexpected any. Specify a different type.  @typescript-eslint/no-explicit-any

./src/app/api/auth/signin/route.ts
17:7  Warning: 'supabase' is assigned a value but never used. Allowed unused vars must match /^_/u.  @typescript-eslint/no-unused-vars
19:36  Warning: Unexpected any. Specify a different type.  @typescript-eslint/no-explicit-any

./src/app/api/auth/signout/route.ts
16:7  Warning: 'supabase' is assigned a value but never used. Allowed unused vars must match /^_/u.  @typescript-eslint/no-unused-vars
18:36  Warning: Unexpected any. Specify a different type.  @typescript-eslint/no-explicit-any

./src/app/api/auth/signup/route.ts
17:7  Warning: 'supabase' is assigned a value but never used. Allowed unused vars must match /^_/u.  @typescript-eslint/no-unused-vars
19:36  Warning: Unexpected any. Specify a different type.  @typescript-eslint/no-explicit-any

./src/app/api/auth/verify-email/route.ts
18:36  Warning: Unexpected any. Specify a different type.  @typescript-eslint/no-explicit-any

./src/app/api/batch/tickets/route.ts
23:75  Warning: Unexpected any. Specify a different type.  @typescript-eslint/no-explicit-any

./src/app/api/bulk-posting/route.ts
16:7  Warning: 'supabase' is assigned a value but never used. Allowed unused vars must match /^_/u.  @typescript-eslint/no-unused-vars
18:36  Warning: Unexpected any. Specify a different type.  @typescript-eslint/no-explicit-any
60:19  Warning: Unexpected any. Specify a different type.  @typescript-eslint/no-explicit-any
132:19  Warning: Unexpected any. Specify a different type.  @typescript-eslint/no-explicit-any

./src/app/api/bundle-deals/route.ts
16:7  Warning: 'supabase' is assigned a value but never used. Allowed unused vars must match /^_/u.  @typescript-eslint/no-unused-vars
18:36  Warning: Unexpected any. Specify a different type.  @typescript-eslint/no-explicit-any
59:67  Warning: Unexpected any. Specify a different type.  @typescript-eslint/no-explicit-any
98:19  Warning: Unexpected any. Specify a different type.  @typescript-eslint/no-explicit-any
160:19  Warning: Unexpected any. Specify a different type.  @typescript-eslint/no-explicit-any
183:19  Warning: Unexpected any. Specify a different type.  @typescript-eslint/no-explicit-any
203:19  Warning: Unexpected any. Specify a different type.  @typescript-eslint/no-explicit-any

./src/app/api/bundles/route.ts
15:7  Warning: 'supabase' is assigned a value but never used. Allowed unused vars must match /^_/u.  @typescript-eslint/no-unused-vars
17:36  Warning: Unexpected any. Specify a different type.  @typescript-eslint/no-explicit-any
56:37  Warning: Unexpected any. Specify a different type.  @typescript-eslint/no-explicit-any
158:35  Warning: Unexpected any. Specify a different type.  @typescript-eslint/no-explicit-any

./src/app/api/campaigns/route.ts
151:41  Warning: Unexpected any. Specify a different type.  @typescript-eslint/no-explicit-any
221:99  Warning: Unexpected any. Specify a different type.  @typescript-eslint/no-explicit-any
284:112  Warning: Unexpected any. Specify a different type.  @typescript-eslint/no-explicit-any

./src/app/api/capacity/route.ts
19:36  Warning: Unexpected any. Specify a different type.  @typescript-eslint/no-explicit-any
109:41  Warning: Unexpected any. Specify a different type.  @typescript-eslint/no-explicit-any
127:45  Warning: Unexpected any. Specify a different type.  @typescript-eslint/no-explicit-any
152:60  Warning: Unexpected any. Specify a different type.  @typescript-eslint/no-explicit-any
153:59  Warning: Unexpected any. Specify a different type.  @typescript-eslint/no-explicit-any
180:45  Warning: Unexpected any. Specify a different type.  @typescript-eslint/no-explicit-any
244:63  Warning: Unexpected any. Specify a different type.  @typescript-eslint/no-explicit-any
281:35  Warning: Unexpected any. Specify a different type.  @typescript-eslint/no-explicit-any
282:33  Warning: Unexpected any. Specify a different type.  @typescript-eslint/no-explicit-any
311:52  Warning: Unexpected any. Specify a different type.  @typescript-eslint/no-explicit-any
312:48  Warning: Unexpected any. Specify a different type.  @typescript-eslint/no-explicit-any
385:50  Warning: Unexpected any. Specify a different type.  @typescript-eslint/no-explicit-any

./src/app/api/cashless-payments/route.ts
16:7  Warning: 'supabase' is assigned a value but never used. Allowed unused vars must match /^_/u.  @typescript-eslint/no-unused-vars
18:36  Warning: Unexpected any. Specify a different type.  @typescript-eslint/no-explicit-any
61:19  Warning: Unexpected any. Specify a different type.  @typescript-eslint/no-explicit-any
145:19  Warning: Unexpected any. Specify a different type.  @typescript-eslint/no-explicit-any

./src/app/api/charity-campaigns/route.ts
15:7  Warning: 'supabase' is assigned a value but never used. Allowed unused vars must match /^_/u.  @typescript-eslint/no-unused-vars
17:36  Warning: Unexpected any. Specify a different type.  @typescript-eslint/no-explicit-any
46:56  Warning: Unexpected any. Specify a different type.  @typescript-eslint/no-explicit-any
47:89  Warning: Unexpected any. Specify a different type.  @typescript-eslint/no-explicit-any

./src/app/api/checkout/route.ts
17:7  Warning: 'supabase' is assigned a value but never used. Allowed unused vars must match /^_/u.  @typescript-eslint/no-unused-vars
19:36  Warning: Unexpected any. Specify a different type.  @typescript-eslint/no-explicit-any
182:9  Warning: 'giftCardId' is assigned a value but never used. Allowed unused vars must match /^_/u.  @typescript-eslint/no-unused-vars

./src/app/api/checkout/session/route.test.ts
21:35  Warning: Unexpected any. Specify a different type.  @typescript-eslint/no-explicit-any
83:83  Warning: Unexpected any. Specify a different type.  @typescript-eslint/no-explicit-any
187:101  Warning: Unexpected any. Specify a different type.  @typescript-eslint/no-explicit-any

./src/app/api/collections/[id]/route.ts
15:7  Warning: 'supabase' is assigned a value but never used. Allowed unused vars must match /^_/u.  @typescript-eslint/no-unused-vars
17:36  Warning: Unexpected any. Specify a different type.  @typescript-eslint/no-explicit-any
58:20  Warning: Unexpected any. Specify a different type.  @typescript-eslint/no-explicit-any
58:28  Warning: Unexpected any. Specify a different type.  @typescript-eslint/no-explicit-any
59:19  Warning: Unexpected any. Specify a different type.  @typescript-eslint/no-explicit-any
81:35  Warning: Unexpected any. Specify a different type.  @typescript-eslint/no-explicit-any

./src/app/api/collections/route.ts
15:7  Warning: 'supabase' is assigned a value but never used. Allowed unused vars must match /^_/u.  @typescript-eslint/no-unused-vars
17:36  Warning: Unexpected any. Specify a different type.  @typescript-eslint/no-explicit-any
63:54  Warning: Unexpected any. Specify a different type.  @typescript-eslint/no-explicit-any

./src/app/api/comment-moderation/route.ts
16:7  Warning: 'supabase' is assigned a value but never used. Allowed unused vars must match /^_/u.  @typescript-eslint/no-unused-vars
18:36  Warning: Unexpected any. Specify a different type.  @typescript-eslint/no-explicit-any
77:19  Warning: Unexpected any. Specify a different type.  @typescript-eslint/no-explicit-any
150:19  Warning: Unexpected any. Specify a different type.  @typescript-eslint/no-explicit-any
189:19  Warning: Unexpected any. Specify a different type.  @typescript-eslint/no-explicit-any

./src/app/api/community/events/route.ts
17:7  Warning: 'supabase' is assigned a value but never used. Allowed unused vars must match /^_/u.  @typescript-eslint/no-unused-vars
19:36  Warning: Unexpected any. Specify a different type.  @typescript-eslint/no-explicit-any

./src/app/api/community/forums/route.ts
13:27  Warning: 'request' is defined but never used. Allowed unused args must match /^_/u.  @typescript-eslint/no-unused-vars

./src/app/api/community/groups/route.ts
65:41  Warning: Unexpected any. Specify a different type.  @typescript-eslint/no-explicit-any

./src/app/api/community/polls/[id]/vote/route.ts
15:7  Warning: 'supabase' is assigned a value but never used. Allowed unused vars must match /^_/u.  @typescript-eslint/no-unused-vars
17:36  Warning: Unexpected any. Specify a different type.  @typescript-eslint/no-explicit-any

./src/app/api/community/polls/route.ts
15:7  Warning: 'supabase' is assigned a value but never used. Allowed unused vars must match /^_/u.  @typescript-eslint/no-unused-vars
17:36  Warning: Unexpected any. Specify a different type.  @typescript-eslint/no-explicit-any
87:45  Warning: Unexpected any. Specify a different type.  @typescript-eslint/no-explicit-any
105:38  Warning: Unexpected any. Specify a different type.  @typescript-eslint/no-explicit-any

./src/app/api/community/route.ts
16:7  Warning: 'supabase' is assigned a value but never used. Allowed unused vars must match /^_/u.  @typescript-eslint/no-unused-vars
18:36  Warning: Unexpected any. Specify a different type.  @typescript-eslint/no-explicit-any
90:20  Warning: Unexpected any. Specify a different type.  @typescript-eslint/no-explicit-any

./src/app/api/community-analytics/route.ts
15:7  Warning: 'supabase' is assigned a value but never used. Allowed unused vars must match /^_/u.  @typescript-eslint/no-unused-vars
17:36  Warning: Unexpected any. Specify a different type.  @typescript-eslint/no-explicit-any

./src/app/api/community-challenges/route.ts
15:7  Warning: 'supabase' is assigned a value but never used. Allowed unused vars must match /^_/u.  @typescript-eslint/no-unused-vars
17:36  Warning: Unexpected any. Specify a different type.  @typescript-eslint/no-explicit-any

./src/app/api/content/categories/route.ts
15:7  Warning: 'supabase' is assigned a value but never used. Allowed unused vars must match /^_/u.  @typescript-eslint/no-unused-vars
17:36  Warning: Unexpected any. Specify a different type.  @typescript-eslint/no-explicit-any
21:27  Warning: 'request' is defined but never used. Allowed unused args must match /^_/u.  @typescript-eslint/no-unused-vars

./src/app/api/content/exclusive/route.ts
15:7  Warning: 'supabase' is assigned a value but never used. Allowed unused vars must match /^_/u.  @typescript-eslint/no-unused-vars
17:36  Warning: Unexpected any. Specify a different type.  @typescript-eslint/no-explicit-any
97:31  Warning: Unexpected any. Specify a different type.  @typescript-eslint/no-explicit-any

./src/app/api/content-calendar/route.ts
16:7  Warning: 'supabase' is assigned a value but never used. Allowed unused vars must match /^_/u.  @typescript-eslint/no-unused-vars
18:36  Warning: Unexpected any. Specify a different type.  @typescript-eslint/no-explicit-any
55:55  Warning: Unexpected any. Specify a different type.  @typescript-eslint/no-explicit-any
63:19  Warning: Unexpected any. Specify a different type.  @typescript-eslint/no-explicit-any
77:41  Warning: Unexpected any. Specify a different type.  @typescript-eslint/no-explicit-any
108:19  Warning: Unexpected any. Specify a different type.  @typescript-eslint/no-explicit-any
155:19  Warning: Unexpected any. Specify a different type.  @typescript-eslint/no-explicit-any
172:19  Warning: Unexpected any. Specify a different type.  @typescript-eslint/no-explicit-any

./src/app/api/content-optimization/route.ts
15:7  Warning: 'supabase' is assigned a value but never used. Allowed unused vars must match /^_/u.  @typescript-eslint/no-unused-vars
17:36  Warning: Unexpected any. Specify a different type.  @typescript-eslint/no-explicit-any
44:11  Warning: 'supabase' is assigned a value but never used. Allowed unused vars must match /^_/u.  @typescript-eslint/no-unused-vars
64:19  Warning: Unexpected any. Specify a different type.  @typescript-eslint/no-explicit-any
71:11  Warning: 'supabase' is assigned a value but never used. Allowed unused vars must match /^_/u.  @typescript-eslint/no-unused-vars
75:41  Warning: Unexpected any. Specify a different type.  @typescript-eslint/no-explicit-any
81:34  Warning: Unexpected any. Specify a different type.  @typescript-eslint/no-explicit-any
82:24  Warning: Unexpected any. Specify a different type.  @typescript-eslint/no-explicit-any
125:19  Warning: Unexpected any. Specify a different type.  @typescript-eslint/no-explicit-any

./src/app/api/contest-giveaway/route.ts
15:7  Warning: 'supabase' is assigned a value but never used. Allowed unused vars must match /^_/u.  @typescript-eslint/no-unused-vars
17:36  Warning: Unexpected any. Specify a different type.  @typescript-eslint/no-explicit-any

./src/app/api/contests/route.ts
15:7  Warning: 'supabase' is assigned a value but never used. Allowed unused vars must match /^_/u.  @typescript-eslint/no-unused-vars
17:36  Warning: Unexpected any. Specify a different type.  @typescript-eslint/no-explicit-any

./src/app/api/crisis-management/route.ts
16:7  Warning: 'supabase' is assigned a value but never used. Allowed unused vars must match /^_/u.  @typescript-eslint/no-unused-vars
18:36  Warning: Unexpected any. Specify a different type.  @typescript-eslint/no-explicit-any
70:19  Warning: Unexpected any. Specify a different type.  @typescript-eslint/no-explicit-any
129:19  Warning: Unexpected any. Specify a different type.  @typescript-eslint/no-explicit-any
186:19  Warning: Unexpected any. Specify a different type.  @typescript-eslint/no-explicit-any

./src/app/api/currency-pricing/route.ts
15:7  Warning: 'supabase' is assigned a value but never used. Allowed unused vars must match /^_/u.  @typescript-eslint/no-unused-vars
17:36  Warning: Unexpected any. Specify a different type.  @typescript-eslint/no-explicit-any
114:19  Warning: Unexpected any. Specify a different type.  @typescript-eslint/no-explicit-any
147:48  Warning: Unexpected any. Specify a different type.  @typescript-eslint/no-explicit-any
166:19  Warning: Unexpected any. Specify a different type.  @typescript-eslint/no-explicit-any

./src/app/api/deals/route.ts
15:7  Warning: 'supabase' is assigned a value but never used. Allowed unused vars must match /^_/u.  @typescript-eslint/no-unused-vars
17:36  Warning: Unexpected any. Specify a different type.  @typescript-eslint/no-explicit-any

./src/app/api/dietary-notifications/route.ts
15:7  Warning: 'supabase' is assigned a value but never used. Allowed unused vars must match /^_/u.  @typescript-eslint/no-unused-vars
17:36  Warning: Unexpected any. Specify a different type.  @typescript-eslint/no-explicit-any
91:40  Warning: Unexpected any. Specify a different type.  @typescript-eslint/no-explicit-any
91:58  Warning: Unexpected any. Specify a different type.  @typescript-eslint/no-explicit-any

./src/app/api/digital-wallet/route.ts
15:7  Warning: 'supabase' is assigned a value but never used. Allowed unused vars must match /^_/u.  @typescript-eslint/no-unused-vars
17:36  Warning: Unexpected any. Specify a different type.  @typescript-eslint/no-explicit-any
105:41  Warning: Unexpected any. Specify a different type.  @typescript-eslint/no-explicit-any

./src/app/api/directions/parking/route.ts
15:7  Warning: 'supabase' is assigned a value but never used. Allowed unused vars must match /^_/u.  @typescript-eslint/no-unused-vars
17:36  Warning: Unexpected any. Specify a different type.  @typescript-eslint/no-explicit-any

./src/app/api/directions/transport/route.ts
15:7  Warning: 'supabase' is assigned a value but never used. Allowed unused vars must match /^_/u.  @typescript-eslint/no-unused-vars
17:36  Warning: Unexpected any. Specify a different type.  @typescript-eslint/no-explicit-any

./src/app/api/directions/venue/route.ts
15:7  Warning: 'supabase' is assigned a value but never used. Allowed unused vars must match /^_/u.  @typescript-eslint/no-unused-vars
17:36  Warning: Unexpected any. Specify a different type.  @typescript-eslint/no-explicit-any

./src/app/api/discounts/verify/route.ts
15:7  Warning: 'supabase' is assigned a value but never used. Allowed unused vars must match /^_/u.  @typescript-eslint/no-unused-vars
17:36  Warning: Unexpected any. Specify a different type.  @typescript-eslint/no-explicit-any
39:7  Warning: 'event_id' is assigned a value but never used. Allowed unused vars must match /^_/u.  @typescript-eslint/no-unused-vars

./src/app/api/discover/quiz/route.ts
15:7  Warning: 'supabase' is assigned a value but never used. Allowed unused vars must match /^_/u.  @typescript-eslint/no-unused-vars
17:36  Warning: Unexpected any. Specify a different type.  @typescript-eslint/no-explicit-any
92:47  Warning: Unexpected any. Specify a different type.  @typescript-eslint/no-explicit-any
106:35  Warning: Unexpected any. Specify a different type.  @typescript-eslint/no-explicit-any

./src/app/api/early-access/route.ts
15:7  Warning: 'supabase' is assigned a value but never used. Allowed unused vars must match /^_/u.  @typescript-eslint/no-unused-vars
17:36  Warning: Unexpected any. Specify a different type.  @typescript-eslint/no-explicit-any
36:64  Warning: Unexpected any. Specify a different type.  @typescript-eslint/no-explicit-any

./src/app/api/early-bird/route.ts
16:7  Warning: 'supabase' is assigned a value but never used. Allowed unused vars must match /^_/u.  @typescript-eslint/no-unused-vars
18:36  Warning: Unexpected any. Specify a different type.  @typescript-eslint/no-explicit-any

./src/app/api/event-aggregators/route.ts
16:7  Warning: 'supabase' is assigned a value but never used. Allowed unused vars must match /^_/u.  @typescript-eslint/no-unused-vars
18:36  Warning: Unexpected any. Specify a different type.  @typescript-eslint/no-explicit-any
61:19  Warning: Unexpected any. Specify a different type.  @typescript-eslint/no-explicit-any
118:41  Warning: Unexpected any. Specify a different type.  @typescript-eslint/no-explicit-any
162:19  Warning: Unexpected any. Specify a different type.  @typescript-eslint/no-explicit-any
185:19  Warning: Unexpected any. Specify a different type.  @typescript-eslint/no-explicit-any
205:19  Warning: Unexpected any. Specify a different type.  @typescript-eslint/no-explicit-any

./src/app/api/event-collaboration/route.ts
15:7  Warning: 'supabase' is assigned a value but never used. Allowed unused vars must match /^_/u.  @typescript-eslint/no-unused-vars
17:36  Warning: Unexpected any. Specify a different type.  @typescript-eslint/no-explicit-any

./src/app/api/event-parking/route.ts
16:7  Warning: 'supabase' is assigned a value but never used. Allowed unused vars must match /^_/u.  @typescript-eslint/no-unused-vars
18:36  Warning: Unexpected any. Specify a different type.  @typescript-eslint/no-explicit-any
50:19  Warning: Unexpected any. Specify a different type.  @typescript-eslint/no-explicit-any
69:19  Warning: Unexpected any. Specify a different type.  @typescript-eslint/no-explicit-any
92:19  Warning: Unexpected any. Specify a different type.  @typescript-eslint/no-explicit-any
109:19  Warning: Unexpected any. Specify a different type.  @typescript-eslint/no-explicit-any

./src/app/api/events/[id]/entry-info/route.ts
15:7  Warning: 'supabase' is assigned a value but never used. Allowed unused vars must match /^_/u.  @typescript-eslint/no-unused-vars
17:36  Warning: Unexpected any. Specify a different type.  @typescript-eslint/no-explicit-any
59:35  Warning: Unexpected any. Specify a different type.  @typescript-eslint/no-explicit-any

./src/app/api/events/[id]/partners/route.ts
17:7  Warning: 'supabase' is assigned a value but never used. Allowed unused vars must match /^_/u.  @typescript-eslint/no-unused-vars
19:36  Warning: Unexpected any. Specify a different type.  @typescript-eslint/no-explicit-any

./src/app/api/events/[id]/program/route.ts
15:7  Warning: 'supabase' is assigned a value but never used. Allowed unused vars must match /^_/u.  @typescript-eslint/no-unused-vars
17:36  Warning: Unexpected any. Specify a different type.  @typescript-eslint/no-explicit-any
79:51  Warning: Unexpected any. Specify a different type.  @typescript-eslint/no-explicit-any
88:40  Warning: Unexpected any. Specify a different type.  @typescript-eslint/no-explicit-any
91:51  Warning: Unexpected any. Specify a different type.  @typescript-eslint/no-explicit-any
100:47  Warning: Unexpected any. Specify a different type.  @typescript-eslint/no-explicit-any
115:36  Warning: Unexpected any. Specify a different type.  @typescript-eslint/no-explicit-any
117:52  Warning: Unexpected any. Specify a different type.  @typescript-eslint/no-explicit-any
124:45  Warning: Unexpected any. Specify a different type.  @typescript-eslint/no-explicit-any
136:47  Warning: Unexpected any. Specify a different type.  @typescript-eslint/no-explicit-any
145:43  Warning: Unexpected any. Specify a different type.  @typescript-eslint/no-explicit-any

./src/app/api/events/[id]/qr-checkin/route.ts
16:41  Warning: Unexpected any. Specify a different type.  @typescript-eslint/no-explicit-any
117:41  Warning: Unexpected any. Specify a different type.  @typescript-eslint/no-explicit-any

./src/app/api/events/[id]/route.ts
16:7  Warning: 'supabase' is assigned a value but never used. Allowed unused vars must match /^_/u.  @typescript-eslint/no-unused-vars
18:36  Warning: Unexpected any. Specify a different type.  @typescript-eslint/no-explicit-any

./src/app/api/events/[id]/seating/route.ts
27:41  Warning: Unexpected any. Specify a different type.  @typescript-eslint/no-explicit-any
58:41  Warning: Unexpected any. Specify a different type.  @typescript-eslint/no-explicit-any
137:41  Warning: Unexpected any. Specify a different type.  @typescript-eslint/no-explicit-any

./src/app/api/events/[id]/tickets/generate/route.ts
21:41  Warning: Unexpected any. Specify a different type.  @typescript-eslint/no-explicit-any

./src/app/api/events/[id]/waitlist/route.ts
17:41  Warning: Unexpected any. Specify a different type.  @typescript-eslint/no-explicit-any
39:37  Warning: Unexpected any. Specify a different type.  @typescript-eslint/no-explicit-any
40:38  Warning: Unexpected any. Specify a different type.  @typescript-eslint/no-explicit-any
41:39  Warning: Unexpected any. Specify a different type.  @typescript-eslint/no-explicit-any
42:37  Warning: Unexpected any. Specify a different type.  @typescript-eslint/no-explicit-any
54:41  Warning: Unexpected any. Specify a different type.  @typescript-eslint/no-explicit-any

./src/app/api/events/enhanced/route.ts
18:7  Warning: 'supabase' is assigned a value but never used. Allowed unused vars must match /^_/u.  @typescript-eslint/no-unused-vars
20:36  Warning: Unexpected any. Specify a different type.  @typescript-eslint/no-explicit-any
78:21  Warning: Unexpected any. Specify a different type.  @typescript-eslint/no-explicit-any
89:41  Warning: Unexpected any. Specify a different type.  @typescript-eslint/no-explicit-any
108:21  Warning: Unexpected any. Specify a different type.  @typescript-eslint/no-explicit-any

./src/app/api/events/map/route.ts
15:7  Warning: 'supabase' is assigned a value but never used. Allowed unused vars must match /^_/u.  @typescript-eslint/no-unused-vars
17:36  Warning: Unexpected any. Specify a different type.  @typescript-eslint/no-explicit-any
114:39  Warning: Unexpected any. Specify a different type.  @typescript-eslint/no-explicit-any
123:47  Warning: Unexpected any. Specify a different type.  @typescript-eslint/no-explicit-any
141:17  Warning: Unexpected any. Specify a different type.  @typescript-eslint/no-explicit-any
141:25  Warning: Unexpected any. Specify a different type.  @typescript-eslint/no-explicit-any
144:21  Warning: Unexpected any. Specify a different type.  @typescript-eslint/no-explicit-any
147:28  Warning: Unexpected any. Specify a different type.  @typescript-eslint/no-explicit-any

./src/app/api/events/nearby/route.ts
15:7  Warning: 'supabase' is assigned a value but never used. Allowed unused vars must match /^_/u.  @typescript-eslint/no-unused-vars
17:36  Warning: Unexpected any. Specify a different type.  @typescript-eslint/no-explicit-any
87:39  Warning: Unexpected any. Specify a different type.  @typescript-eslint/no-explicit-any
93:47  Warning: Unexpected any. Specify a different type.  @typescript-eslint/no-explicit-any
109:17  Warning: Unexpected any. Specify a different type.  @typescript-eslint/no-explicit-any
109:25  Warning: Unexpected any. Specify a different type.  @typescript-eslint/no-explicit-any

./src/app/api/events/route.ts
71:41  Warning: Unexpected any. Specify a different type.  @typescript-eslint/no-explicit-any
98:21  Warning: Unexpected any. Specify a different type.  @typescript-eslint/no-explicit-any

./src/app/api/events/templates/route.ts
15:7  Warning: 'supabase' is assigned a value but never used. Allowed unused vars must match /^_/u.  @typescript-eslint/no-unused-vars
17:36  Warning: Unexpected any. Specify a different type.  @typescript-eslint/no-explicit-any
90:11  Warning: 'supabase' is assigned a value but never used. Allowed unused vars must match /^_/u.  @typescript-eslint/no-unused-vars

./src/app/api/exclusive-content/route.ts
15:7  Warning: 'supabase' is assigned a value but never used. Allowed unused vars must match /^_/u.  @typescript-eslint/no-unused-vars
17:36  Warning: Unexpected any. Specify a different type.  @typescript-eslint/no-explicit-any

./src/app/api/experience-discovery/route.ts
15:7  Warning: 'supabase' is assigned a value but never used. Allowed unused vars must match /^_/u.  @typescript-eslint/no-unused-vars
17:36  Warning: Unexpected any. Specify a different type.  @typescript-eslint/no-explicit-any
129:39  Warning: Unexpected any. Specify a different type.  @typescript-eslint/no-explicit-any
130:23  Warning: Unexpected any. Specify a different type.  @typescript-eslint/no-explicit-any

./src/app/api/experiences/route.ts
17:7  Warning: 'supabase' is assigned a value but never used. Allowed unused vars must match /^_/u.  @typescript-eslint/no-unused-vars
19:36  Warning: Unexpected any. Specify a different type.  @typescript-eslint/no-explicit-any

./src/app/api/fan-chapters/route.ts
15:7  Warning: 'supabase' is assigned a value but never used. Allowed unused vars must match /^_/u.  @typescript-eslint/no-unused-vars
17:36  Warning: Unexpected any. Specify a different type.  @typescript-eslint/no-explicit-any

./src/app/api/fan-club-access/route.ts
16:7  Warning: 'supabase' is assigned a value but never used. Allowed unused vars must match /^_/u.  @typescript-eslint/no-unused-vars
18:36  Warning: Unexpected any. Specify a different type.  @typescript-eslint/no-explicit-any
117:19  Warning: Unexpected any. Specify a different type.  @typescript-eslint/no-explicit-any
180:19  Warning: Unexpected any. Specify a different type.  @typescript-eslint/no-explicit-any
203:19  Warning: Unexpected any. Specify a different type.  @typescript-eslint/no-explicit-any
223:19  Warning: Unexpected any. Specify a different type.  @typescript-eslint/no-explicit-any

./src/app/api/fan-clubs/route.ts
15:7  Warning: 'supabase' is assigned a value but never used. Allowed unused vars must match /^_/u.  @typescript-eslint/no-unused-vars
17:36  Warning: Unexpected any. Specify a different type.  @typescript-eslint/no-explicit-any

./src/app/api/fan-content/route.ts
15:7  Warning: 'supabase' is assigned a value but never used. Allowed unused vars must match /^_/u.  @typescript-eslint/no-unused-vars
17:36  Warning: Unexpected any. Specify a different type.  @typescript-eslint/no-explicit-any

./src/app/api/fan-mentorship/route.ts
15:7  Warning: 'supabase' is assigned a value but never used. Allowed unused vars must match /^_/u.  @typescript-eslint/no-unused-vars
17:36  Warning: Unexpected any. Specify a different type.  @typescript-eslint/no-explicit-any

./src/app/api/fan-profiles/route.ts
16:7  Warning: 'supabase' is assigned a value but never used. Allowed unused vars must match /^_/u.  @typescript-eslint/no-unused-vars
18:36  Warning: Unexpected any. Specify a different type.  @typescript-eslint/no-explicit-any
137:30  Warning: Unexpected any. Specify a different type.  @typescript-eslint/no-explicit-any

./src/app/api/fan-spotlight/route.ts
16:7  Warning: 'supabase' is assigned a value but never used. Allowed unused vars must match /^_/u.  @typescript-eslint/no-unused-vars
18:36  Warning: Unexpected any. Specify a different type.  @typescript-eslint/no-explicit-any
62:19  Warning: Unexpected any. Specify a different type.  @typescript-eslint/no-explicit-any
81:19  Warning: Unexpected any. Specify a different type.  @typescript-eslint/no-explicit-any
132:19  Warning: Unexpected any. Specify a different type.  @typescript-eslint/no-explicit-any

./src/app/api/favorites/route.ts
16:7  Warning: 'supabase' is assigned a value but never used. Allowed unused vars must match /^_/u.  @typescript-eslint/no-unused-vars
18:36  Warning: Unexpected any. Specify a different type.  @typescript-eslint/no-explicit-any

./src/app/api/follows/route.ts
16:7  Warning: 'supabase' is assigned a value but never used. Allowed unused vars must match /^_/u.  @typescript-eslint/no-unused-vars
18:36  Warning: Unexpected any. Specify a different type.  @typescript-eslint/no-explicit-any

./src/app/api/friends/location/route.ts
15:7  Warning: 'supabase' is assigned a value but never used. Allowed unused vars must match /^_/u.  @typescript-eslint/no-unused-vars
17:36  Warning: Unexpected any. Specify a different type.  @typescript-eslint/no-explicit-any

./src/app/api/friends/meetups/route.ts
15:7  Warning: 'supabase' is assigned a value but never used. Allowed unused vars must match /^_/u.  @typescript-eslint/no-unused-vars
17:36  Warning: Unexpected any. Specify a different type.  @typescript-eslint/no-explicit-any
52:31  Warning: Unexpected any. Specify a different type.  @typescript-eslint/no-explicit-any
53:31  Warning: Unexpected any. Specify a different type.  @typescript-eslint/no-explicit-any
55:56  Warning: Unexpected any. Specify a different type.  @typescript-eslint/no-explicit-any
55:91  Warning: Unexpected any. Specify a different type.  @typescript-eslint/no-explicit-any

./src/app/api/friends/route.ts
15:7  Warning: 'supabase' is assigned a value but never used. Allowed unused vars must match /^_/u.  @typescript-eslint/no-unused-vars
17:36  Warning: Unexpected any. Specify a different type.  @typescript-eslint/no-explicit-any
59:53  Warning: Unexpected any. Specify a different type.  @typescript-eslint/no-explicit-any
60:46  Warning: Unexpected any. Specify a different type.  @typescript-eslint/no-explicit-any
62:17  Warning: Unexpected any. Specify a different type.  @typescript-eslint/no-explicit-any
71:42  Warning: Unexpected any. Specify a different type.  @typescript-eslint/no-explicit-any

./src/app/api/ga-floor-config/route.ts
16:7  Warning: 'supabase' is assigned a value but never used. Allowed unused vars must match /^_/u.  @typescript-eslint/no-unused-vars
18:36  Warning: Unexpected any. Specify a different type.  @typescript-eslint/no-explicit-any
50:19  Warning: Unexpected any. Specify a different type.  @typescript-eslint/no-explicit-any
69:19  Warning: Unexpected any. Specify a different type.  @typescript-eslint/no-explicit-any
92:19  Warning: Unexpected any. Specify a different type.  @typescript-eslint/no-explicit-any

./src/app/api/gamification/route.ts
17:36  Warning: Unexpected any. Specify a different type.  @typescript-eslint/no-explicit-any

./src/app/api/gift-cards/my-cards/route.ts
15:7  Warning: 'supabase' is assigned a value but never used. Allowed unused vars must match /^_/u.  @typescript-eslint/no-unused-vars
17:36  Warning: Unexpected any. Specify a different type.  @typescript-eslint/no-explicit-any

./src/app/api/gift-cards/purchase/route.ts
16:7  Warning: 'supabase' is assigned a value but never used. Allowed unused vars must match /^_/u.  @typescript-eslint/no-unused-vars
18:36  Warning: Unexpected any. Specify a different type.  @typescript-eslint/no-explicit-any

./src/app/api/gift-cards/redeem/route.ts
15:7  Warning: 'supabase' is assigned a value but never used. Allowed unused vars must match /^_/u.  @typescript-eslint/no-unused-vars
17:36  Warning: Unexpected any. Specify a different type.  @typescript-eslint/no-explicit-any

./src/app/api/gift-cards/route.ts
15:7  Warning: 'supabase' is assigned a value but never used. Allowed unused vars must match /^_/u.  @typescript-eslint/no-unused-vars
17:36  Warning: Unexpected any. Specify a different type.  @typescript-eslint/no-explicit-any

./src/app/api/gift-registry/route.ts
16:7  Warning: 'supabase' is assigned a value but never used. Allowed unused vars must match /^_/u.  @typescript-eslint/no-unused-vars
18:36  Warning: Unexpected any. Specify a different type.  @typescript-eslint/no-explicit-any
73:19  Warning: Unexpected any. Specify a different type.  @typescript-eslint/no-explicit-any
157:19  Warning: Unexpected any. Specify a different type.  @typescript-eslint/no-explicit-any
180:19  Warning: Unexpected any. Specify a different type.  @typescript-eslint/no-explicit-any
207:19  Warning: Unexpected any. Specify a different type.  @typescript-eslint/no-explicit-any

./src/app/api/group-organizer/route.ts
16:7  Warning: 'supabase' is assigned a value but never used. Allowed unused vars must match /^_/u.  @typescript-eslint/no-unused-vars
18:36  Warning: Unexpected any. Specify a different type.  @typescript-eslint/no-explicit-any
73:54  Warning: Unexpected any. Specify a different type.  @typescript-eslint/no-explicit-any
74:52  Warning: Unexpected any. Specify a different type.  @typescript-eslint/no-explicit-any
75:61  Warning: Unexpected any. Specify a different type.  @typescript-eslint/no-explicit-any
93:19  Warning: Unexpected any. Specify a different type.  @typescript-eslint/no-explicit-any
214:19  Warning: Unexpected any. Specify a different type.  @typescript-eslint/no-explicit-any
271:19  Warning: Unexpected any. Specify a different type.  @typescript-eslint/no-explicit-any

./src/app/api/groups/route.ts
15:7  Warning: 'supabase' is assigned a value but never used. Allowed unused vars must match /^_/u.  @typescript-eslint/no-unused-vars
17:36  Warning: Unexpected any. Specify a different type.  @typescript-eslint/no-explicit-any
177:13  Warning: 'group_id' is assigned a value but never used. Allowed unused vars must match /^_/u.  @typescript-eslint/no-unused-vars

./src/app/api/guest-chat/route.ts
18:36  Warning: Unexpected any. Specify a different type.  @typescript-eslint/no-explicit-any
92:13  Warning: 'category' is assigned a value but never used. Allowed unused vars must match /^_/u.  @typescript-eslint/no-unused-vars
370:42  Warning: Unexpected any. Specify a different type.  @typescript-eslint/no-explicit-any

./src/app/api/health/route.ts
16:36  Warning: Unexpected any. Specify a different type.  @typescript-eslint/no-explicit-any
26:27  Warning: 'request' is defined but never used. Allowed unused args must match /^_/u.  @typescript-eslint/no-unused-vars

./src/app/api/influencer-affiliates/route.ts
16:7  Warning: 'supabase' is assigned a value but never used. Allowed unused vars must match /^_/u.  @typescript-eslint/no-unused-vars
18:36  Warning: Unexpected any. Specify a different type.  @typescript-eslint/no-explicit-any
94:19  Warning: Unexpected any. Specify a different type.  @typescript-eslint/no-explicit-any
229:19  Warning: Unexpected any. Specify a different type.  @typescript-eslint/no-explicit-any
252:19  Warning: Unexpected any. Specify a different type.  @typescript-eslint/no-explicit-any

./src/app/api/influencer-tracking/route.ts
15:7  Warning: 'supabase' is assigned a value but never used. Allowed unused vars must match /^_/u.  @typescript-eslint/no-unused-vars
17:36  Warning: Unexpected any. Specify a different type.  @typescript-eslint/no-explicit-any
122:33  Warning: Unexpected any. Specify a different type.  @typescript-eslint/no-explicit-any

./src/app/api/instagram-templates/route.ts
16:7  Warning: 'supabase' is assigned a value but never used. Allowed unused vars must match /^_/u.  @typescript-eslint/no-unused-vars
18:36  Warning: Unexpected any. Specify a different type.  @typescript-eslint/no-explicit-any
50:19  Warning: Unexpected any. Specify a different type.  @typescript-eslint/no-explicit-any
69:19  Warning: Unexpected any. Specify a different type.  @typescript-eslint/no-explicit-any
92:19  Warning: Unexpected any. Specify a different type.  @typescript-eslint/no-explicit-any

./src/app/api/integrations/iot/route.ts
17:36  Warning: Unexpected any. Specify a different type.  @typescript-eslint/no-explicit-any
169:71  Warning: Unexpected any. Specify a different type.  @typescript-eslint/no-explicit-any

./src/app/api/integrations/live-streaming/route.ts
15:7  Warning: 'supabase' is assigned a value but never used. Allowed unused vars must match /^_/u.  @typescript-eslint/no-unused-vars
17:36  Warning: Unexpected any. Specify a different type.  @typescript-eslint/no-explicit-any
192:50  Warning: Unexpected any. Specify a different type.  @typescript-eslint/no-explicit-any

./src/app/api/integrations/marketing-sync/route.ts
16:7  Warning: 'supabase' is assigned a value but never used. Allowed unused vars must match /^_/u.  @typescript-eslint/no-unused-vars
18:36  Warning: Unexpected any. Specify a different type.  @typescript-eslint/no-explicit-any
91:44  Warning: Unexpected any. Specify a different type.  @typescript-eslint/no-explicit-any

./src/app/api/integrations/payment-gateways/route.ts
15:7  Warning: 'supabase' is assigned a value but never used. Allowed unused vars must match /^_/u.  @typescript-eslint/no-unused-vars
17:36  Warning: Unexpected any. Specify a different type.  @typescript-eslint/no-explicit-any
174:74  Warning: Unexpected any. Specify a different type.  @typescript-eslint/no-explicit-any

./src/app/api/integrations/social-media/route.ts
15:7  Warning: 'supabase' is assigned a value but never used. Allowed unused vars must match /^_/u.  @typescript-eslint/no-unused-vars
17:36  Warning: Unexpected any. Specify a different type.  @typescript-eslint/no-explicit-any
95:67  Warning: Unexpected any. Specify a different type.  @typescript-eslint/no-explicit-any
277:52  Warning: Unexpected any. Specify a different type.  @typescript-eslint/no-explicit-any
319:35  Warning: 'tone' is assigned a value but never used. Allowed unused vars must match /^_/u.  @typescript-eslint/no-unused-vars

./src/app/api/integrations/streaming/route.ts
15:7  Warning: 'supabase' is assigned a value but never used. Allowed unused vars must match /^_/u.  @typescript-eslint/no-unused-vars
17:36  Warning: Unexpected any. Specify a different type.  @typescript-eslint/no-explicit-any

./src/app/api/inventory-alerts/route.ts
15:7  Warning: 'supabase' is assigned a value but never used. Allowed unused vars must match /^_/u.  @typescript-eslint/no-unused-vars
17:36  Warning: Unexpected any. Specify a different type.  @typescript-eslint/no-explicit-any

./src/app/api/inventory-sync/route.ts
15:7  Warning: 'supabase' is assigned a value but never used. Allowed unused vars must match /^_/u.  @typescript-eslint/no-unused-vars
17:36  Warning: Unexpected any. Specify a different type.  @typescript-eslint/no-explicit-any
27:11  Warning: 'locationId' is assigned a value but never used. Allowed unused vars must match /^_/u.  @typescript-eslint/no-unused-vars
49:65  Warning: Unexpected any. Specify a different type.  @typescript-eslint/no-explicit-any
72:19  Warning: Unexpected any. Specify a different type.  @typescript-eslint/no-explicit-any
217:19  Warning: Unexpected any. Specify a different type.  @typescript-eslint/no-explicit-any

./src/app/api/landing-pages/route.ts
16:7  Warning: 'supabase' is assigned a value but never used. Allowed unused vars must match /^_/u.  @typescript-eslint/no-unused-vars
18:36  Warning: Unexpected any. Specify a different type.  @typescript-eslint/no-explicit-any

./src/app/api/limited-releases/route.ts
15:7  Warning: 'supabase' is assigned a value but never used. Allowed unused vars must match /^_/u.  @typescript-eslint/no-unused-vars
17:36  Warning: Unexpected any. Specify a different type.  @typescript-eslint/no-explicit-any

./src/app/api/live-social-feed/route.ts
15:7  Warning: 'supabase' is assigned a value but never used. Allowed unused vars must match /^_/u.  @typescript-eslint/no-unused-vars
17:36  Warning: Unexpected any. Specify a different type.  @typescript-eslint/no-explicit-any

./src/app/api/live-tweet-wall/route.ts
16:7  Warning: 'supabase' is assigned a value but never used. Allowed unused vars must match /^_/u.  @typescript-eslint/no-unused-vars
18:36  Warning: Unexpected any. Specify a different type.  @typescript-eslint/no-explicit-any
74:19  Warning: Unexpected any. Specify a different type.  @typescript-eslint/no-explicit-any
130:19  Warning: Unexpected any. Specify a different type.  @typescript-eslint/no-explicit-any
189:19  Warning: Unexpected any. Specify a different type.  @typescript-eslint/no-explicit-any

./src/app/api/local-partnerships/route.ts
16:7  Warning: 'supabase' is assigned a value but never used. Allowed unused vars must match /^_/u.  @typescript-eslint/no-unused-vars
18:36  Warning: Unexpected any. Specify a different type.  @typescript-eslint/no-explicit-any
72:19  Warning: Unexpected any. Specify a different type.  @typescript-eslint/no-explicit-any
141:19  Warning: Unexpected any. Specify a different type.  @typescript-eslint/no-explicit-any
176:19  Warning: Unexpected any. Specify a different type.  @typescript-eslint/no-explicit-any
196:19  Warning: Unexpected any. Specify a different type.  @typescript-eslint/no-explicit-any

./src/app/api/lost-found/route.ts
15:7  Warning: 'supabase' is assigned a value but never used. Allowed unused vars must match /^_/u.  @typescript-eslint/no-unused-vars
17:36  Warning: Unexpected any. Specify a different type.  @typescript-eslint/no-explicit-any
166:38  Warning: Unexpected any. Specify a different type.  @typescript-eslint/no-explicit-any

./src/app/api/loyalty/route.ts
17:7  Warning: 'supabase' is assigned a value but never used. Allowed unused vars must match /^_/u.  @typescript-eslint/no-unused-vars
19:36  Warning: Unexpected any. Specify a different type.  @typescript-eslint/no-explicit-any

./src/app/api/loyalty-rewards/route.ts
16:7  Warning: 'supabase' is assigned a value but never used. Allowed unused vars must match /^_/u.  @typescript-eslint/no-unused-vars
18:36  Warning: Unexpected any. Specify a different type.  @typescript-eslint/no-explicit-any

./src/app/api/marketing/campaigns/route.ts
17:7  Warning: 'supabase' is assigned a value but never used. Allowed unused vars must match /^_/u.  @typescript-eslint/no-unused-vars
19:36  Warning: Unexpected any. Specify a different type.  @typescript-eslint/no-explicit-any

./src/app/api/marketing/lists/route.ts
17:7  Warning: 'supabase' is assigned a value but never used. Allowed unused vars must match /^_/u.  @typescript-eslint/no-unused-vars
19:36  Warning: Unexpected any. Specify a different type.  @typescript-eslint/no-explicit-any

./src/app/api/marketing/templates/route.ts
17:7  Warning: 'supabase' is assigned a value but never used. Allowed unused vars must match /^_/u.  @typescript-eslint/no-unused-vars
19:36  Warning: Unexpected any. Specify a different type.  @typescript-eslint/no-explicit-any

./src/app/api/marketing-analytics/route.ts
15:7  Warning: 'supabase' is assigned a value but never used. Allowed unused vars must match /^_/u.  @typescript-eslint/no-unused-vars
17:36  Warning: Unexpected any. Specify a different type.  @typescript-eslint/no-explicit-any
167:19  Warning: Unexpected any. Specify a different type.  @typescript-eslint/no-explicit-any

./src/app/api/match/events/route.ts
15:7  Warning: 'supabase' is assigned a value but never used. Allowed unused vars must match /^_/u.  @typescript-eslint/no-unused-vars
17:36  Warning: Unexpected any. Specify a different type.  @typescript-eslint/no-explicit-any
40:68  Warning: Unexpected any. Specify a different type.  @typescript-eslint/no-explicit-any
41:77  Warning: Unexpected any. Specify a different type.  @typescript-eslint/no-explicit-any
119:37  Warning: Unexpected any. Specify a different type.  @typescript-eslint/no-explicit-any

./src/app/api/match/interests/route.ts
15:7  Warning: 'supabase' is assigned a value but never used. Allowed unused vars must match /^_/u.  @typescript-eslint/no-unused-vars
17:36  Warning: Unexpected any. Specify a different type.  @typescript-eslint/no-explicit-any

./src/app/api/match/users/route.ts
15:7  Warning: 'supabase' is assigned a value but never used. Allowed unused vars must match /^_/u.  @typescript-eslint/no-unused-vars
17:36  Warning: Unexpected any. Specify a different type.  @typescript-eslint/no-explicit-any
64:63  Warning: Unexpected any. Specify a different type.  @typescript-eslint/no-explicit-any
96:35  Warning: Unexpected any. Specify a different type.  @typescript-eslint/no-explicit-any

./src/app/api/media-kit/route.ts
16:7  Warning: 'supabase' is assigned a value but never used. Allowed unused vars must match /^_/u.  @typescript-eslint/no-unused-vars
18:36  Warning: Unexpected any. Specify a different type.  @typescript-eslint/no-explicit-any
76:19  Warning: Unexpected any. Specify a different type.  @typescript-eslint/no-explicit-any
174:19  Warning: Unexpected any. Specify a different type.  @typescript-eslint/no-explicit-any
213:19  Warning: Unexpected any. Specify a different type.  @typescript-eslint/no-explicit-any
236:19  Warning: Unexpected any. Specify a different type.  @typescript-eslint/no-explicit-any

./src/app/api/member-benefits/route.ts
16:7  Warning: 'supabase' is assigned a value but never used. Allowed unused vars must match /^_/u.  @typescript-eslint/no-unused-vars
18:36  Warning: Unexpected any. Specify a different type.  @typescript-eslint/no-explicit-any
59:19  Warning: Unexpected any. Specify a different type.  @typescript-eslint/no-explicit-any
78:19  Warning: Unexpected any. Specify a different type.  @typescript-eslint/no-explicit-any
101:19  Warning: Unexpected any. Specify a different type.  @typescript-eslint/no-explicit-any
118:19  Warning: Unexpected any. Specify a different type.  @typescript-eslint/no-explicit-any

./src/app/api/member-directory/route.ts
15:7  Warning: 'supabase' is assigned a value but never used. Allowed unused vars must match /^_/u.  @typescript-eslint/no-unused-vars
17:36  Warning: Unexpected any. Specify a different type.  @typescript-eslint/no-explicit-any
34:11  Warning: 'interests' is assigned a value but never used. Allowed unused vars must match /^_/u.  @typescript-eslint/no-unused-vars
51:46  Warning: Unexpected any. Specify a different type.  @typescript-eslint/no-explicit-any

./src/app/api/memberships/route.ts
18:7  Warning: 'supabase' is assigned a value but never used. Allowed unused vars must match /^_/u.  @typescript-eslint/no-unused-vars
20:36  Warning: Unexpected any. Specify a different type.  @typescript-eslint/no-explicit-any
34:41  Warning: Unexpected any. Specify a different type.  @typescript-eslint/no-explicit-any
75:21  Warning: Unexpected any. Specify a different type.  @typescript-eslint/no-explicit-any
87:41  Warning: Unexpected any. Specify a different type.  @typescript-eslint/no-explicit-any
107:21  Warning: Unexpected any. Specify a different type.  @typescript-eslint/no-explicit-any

./src/app/api/memberships/subscribe/route.ts
16:41  Warning: Unexpected any. Specify a different type.  @typescript-eslint/no-explicit-any
66:29  Warning: Unexpected any. Specify a different type.  @typescript-eslint/no-explicit-any
110:43  Warning: Unexpected any. Specify a different type.  @typescript-eslint/no-explicit-any

./src/app/api/memory-book/route.ts
15:7  Warning: 'supabase' is assigned a value but never used. Allowed unused vars must match /^_/u.  @typescript-eslint/no-unused-vars
17:36  Warning: Unexpected any. Specify a different type.  @typescript-eslint/no-explicit-any

./src/app/api/merch/catalog/route.ts
15:7  Warning: 'supabase' is assigned a value but never used. Allowed unused vars must match /^_/u.  @typescript-eslint/no-unused-vars
17:36  Warning: Unexpected any. Specify a different type.  @typescript-eslint/no-explicit-any
74:44  Warning: Unexpected any. Specify a different type.  @typescript-eslint/no-explicit-any

./src/app/api/merchandise/route.ts
16:7  Warning: 'supabase' is assigned a value but never used. Allowed unused vars must match /^_/u.  @typescript-eslint/no-unused-vars
18:36  Warning: Unexpected any. Specify a different type.  @typescript-eslint/no-explicit-any
114:51  Warning: Unexpected any. Specify a different type.  @typescript-eslint/no-explicit-any
116:43  Warning: Unexpected any. Specify a different type.  @typescript-eslint/no-explicit-any

./src/app/api/messages/conversations/[id]/route.ts
15:7  Warning: 'supabase' is assigned a value but never used. Allowed unused vars must match /^_/u.  @typescript-eslint/no-unused-vars
17:36  Warning: Unexpected any. Specify a different type.  @typescript-eslint/no-explicit-any
78:33  Warning: Unexpected any. Specify a different type.  @typescript-eslint/no-explicit-any
79:35  Warning: Unexpected any. Specify a different type.  @typescript-eslint/no-explicit-any

./src/app/api/messages/conversations/route.ts
15:7  Warning: 'supabase' is assigned a value but never used. Allowed unused vars must match /^_/u.  @typescript-eslint/no-unused-vars
17:36  Warning: Unexpected any. Specify a different type.  @typescript-eslint/no-explicit-any
72:41  Warning: Unexpected any. Specify a different type.  @typescript-eslint/no-explicit-any
73:43  Warning: Unexpected any. Specify a different type.  @typescript-eslint/no-explicit-any
74:45  Warning: Unexpected any. Specify a different type.  @typescript-eslint/no-explicit-any
75:47  Warning: Unexpected any. Specify a different type.  @typescript-eslint/no-explicit-any

./src/app/api/messaging/route.ts
15:7  Warning: 'supabase' is assigned a value but never used. Allowed unused vars must match /^_/u.  @typescript-eslint/no-unused-vars
17:36  Warning: Unexpected any. Specify a different type.  @typescript-eslint/no-explicit-any

./src/app/api/mobile-ticket-delivery/route.ts
16:7  Warning: 'supabase' is assigned a value but never used. Allowed unused vars must match /^_/u.  @typescript-eslint/no-unused-vars
18:36  Warning: Unexpected any. Specify a different type.  @typescript-eslint/no-explicit-any
44:19  Warning: Unexpected any. Specify a different type.  @typescript-eslint/no-explicit-any
92:43  Warning: Unexpected any. Specify a different type.  @typescript-eslint/no-explicit-any
99:22  Warning: Unexpected any. Specify a different type.  @typescript-eslint/no-explicit-any
115:19  Warning: Unexpected any. Specify a different type.  @typescript-eslint/no-explicit-any
141:19  Warning: Unexpected any. Specify a different type.  @typescript-eslint/no-explicit-any

./src/app/api/multi-language/route.ts
15:7  Warning: 'supabase' is assigned a value but never used. Allowed unused vars must match /^_/u.  @typescript-eslint/no-unused-vars
17:36  Warning: Unexpected any. Specify a different type.  @typescript-eslint/no-explicit-any
87:19  Warning: Unexpected any. Specify a different type.  @typescript-eslint/no-explicit-any
169:19  Warning: Unexpected any. Specify a different type.  @typescript-eslint/no-explicit-any

./src/app/api/multi-language-events/route.ts
15:7  Warning: 'supabase' is assigned a value but never used. Allowed unused vars 
