=== Audit Report - Sat Dec 13 00:01:36 EST 2025 ===

--- LINT CHECK ---
turbo 2.6.1

• Packages in scope: atlvs, compvss, gvteway
• Running lint in 3 packages
• Remote caching disabled
compvss:lint: cache miss, executing 143226a917115900
atlvs:lint: cache hit, replaying logs d24a0b4e23be080d
atlvs:lint: 
atlvs:lint: 
atlvs:lint: > atlvs@0.1.0 lint /Users/julianclarkson/Documents/Dragonflyone/apps/atlvs
atlvs:lint: > next lint --max-warnings 9999
atlvs:lint: 
atlvs:lint: [32m✔ No ESLint warnings or errors[39m
gvteway:lint: cache miss, executing 00900cec537d032f

--- TYPESCRIPT CHECK ---
turbo 2.6.1

• Packages in scope: @ghxstship/config, @ghxstship/ui
• Running build in 2 packages
• Remote caching disabled
@ghxstship/config:build: cache hit, replaying logs f5857a358af18fdd
@ghxstship/config:build: 
@ghxstship/config:build: 
@ghxstship/config:build: > @ghxstship/config@0.0.1 build /Users/julianclarkson/Documents/Dragonflyone/packages/config
@ghxstship/config:build: > tsc -p tsconfig.json
@ghxstship/config:build: 
@ghxstship/ui:build: cache hit, replaying logs 80d7a90d948ef8e7
@ghxstship/ui:build: 
@ghxstship/ui:build: 
@ghxstship/ui:build: > @ghxstship/ui@0.0.1 build /Users/julianclarkson/Documents/Dragonflyone/packages/ui
@ghxstship/ui:build: > tsc -p tsconfig.json
@ghxstship/ui:build: 

 Tasks:    2 successful, 2 total
Cached:    2 cached, 2 total
  Time:    86ms >>> FULL TURBO


--- BUILD VERIFICATION ---
turbo 2.6.1

• Packages in scope: atlvs
• Running build in 1 packages
• Remote caching disabled
@ghxstship/config:build: cache hit, replaying logs f5857a358af18fdd
@ghxstship/config:build: 
@ghxstship/config:build: 
@ghxstship/config:build: > @ghxstship/config@0.0.1 build /Users/julianclarkson/Documents/Dragonflyone/packages/config
@ghxstship/config:build: > tsc -p tsconfig.json
@ghxstship/config:build: 
@ghxstship/ui:build: cache hit, replaying logs 80d7a90d948ef8e7
@ghxstship/ui:build: 
@ghxstship/ui:build: 
@ghxstship/ui:build: > @ghxstship/ui@0.0.1 build /Users/julianclarkson/Documents/Dragonflyone/packages/ui
@ghxstship/ui:build: > tsc -p tsconfig.json
@ghxstship/ui:build: 
atlvs:build: cache miss, executing 2160356d0436ab62
atlvs:build: 
atlvs:build: > atlvs@0.1.0 build /Users/julianclarkson/Documents/Dragonflyone/apps/atlvs
atlvs:build: > NODE_OPTIONS='--max-old-space-size=8192' next build --no-lint
atlvs:build: 
atlvs:build:  ⚠ Linting is disabled.
atlvs:build:   ▲ Next.js 14.2.34
atlvs:build:   - Environments: .env.local
atlvs:build: 
atlvs:build:    Creating an optimized production build ...
atlvs:build:    Using tsconfig file: tsconfig.build.json
atlvs:build:  ✓ Compiled successfully
atlvs:build:    Skipping validation of types
atlvs:build:    Collecting page data ...
atlvs:build: unhandledRejection Error [PageNotFoundError]: Cannot find module for page: /_document
atlvs:build:     at getPagePath (/Users/julianclarkson/Documents/Dragonflyone/node_modules/.pnpm/next@14.2.34_@babel+core@7.28.5_@opentelemetry+api@1.9.0_@playwright+test@1.56.1_react-dom@18_7hgdyk63qyoywe26j4c7wzx2ra/node_modules/next/dist/server/require.js:94:15)
atlvs:build:     at requirePage (/Users/julianclarkson/Documents/Dragonflyone/node_modules/.pnpm/next@14.2.34_@babel+core@7.28.5_@opentelemetry+api@1.9.0_@playwright+test@1.56.1_react-dom@18_7hgdyk63qyoywe26j4c7wzx2ra/node_modules/next/dist/server/require.js:99:22)
atlvs:build:     at /Users/julianclarkson/Documents/Dragonflyone/node_modules/.pnpm/next@14.2.34_@babel+core@7.28.5_@opentelemetry+api@1.9.0_@playwright+test@1.56.1_react-dom@18_7hgdyk63qyoywe26j4c7wzx2ra/node_modules/next/dist/server/load-components.js:72:65
atlvs:build:     at process.processTicksAndRejections (node:internal/process/task_queues:105:5)
atlvs:build:     at async Promise.all (index 0)
atlvs:build:     at async loadComponentsImpl (/Users/julianclarkson/Documents/Dragonflyone/node_modules/.pnpm/next@14.2.34_@babel+core@7.28.5_@opentelemetry+api@1.9.0_@playwright+test@1.56.1_react-dom@18_7hgdyk63qyoywe26j4c7wzx2ra/node_modules/next/dist/server/load-components.js:71:33)
atlvs:build:     at async Object.getDefinedNamedExports (/Users/julianclarkson/Documents/Dragonflyone/node_modules/.pnpm/next@14.2.34_@babel+core@7.28.5_@opentelemetry+api@1.9.0_@playwright+test@1.56.1_react-dom@18_7hgdyk63qyoywe26j4c7wzx2ra/node_modules/next/dist/build/utils.js:1291:24) {
atlvs:build:   type: 'PageNotFoundError',
atlvs:build:   code: 'ENOENT'
atlvs:build: }
atlvs:build:  ELIFECYCLE  Command failed with exit code 1.
atlvs:build: ERROR: command finished with error: command (/Users/julianclarkson/Documents/Dragonflyone/apps/atlvs) /Users/julianclarkson/Library/pnpm/.tools/@pnpm+macos-arm64/9.0.0/bin/pnpm run build exited (1)
atlvs#build: command (/Users/julianclarkson/Documents/Dragonflyone/apps/atlvs) /Users/julianclarkson/Library/pnpm/.tools/@pnpm+macos-arm64/9.0.0/bin/pnpm run build exited (1)

 Tasks:    2 successful, 3 total
Cached:    2 cached, 3 total
  Time:    1h14m23.485s 
Failed:    atlvs#build

 ERROR  run failed: command  exited (1)
turbo 2.6.1

• Packages in scope: compvss
• Running build in 1 packages
• Remote caching disabled
@ghxstship/ui:build: cache miss, executing 557a247db42d80d0
@ghxstship/config:build: cache miss, executing 673f0148b61158f9
@ghxstship/ui:build: 
@ghxstship/ui:build: > @ghxstship/ui@0.0.1 build /Users/julianclarkson/Documents/Dragonflyone/packages/ui
@ghxstship/ui:build: > tsc -p tsconfig.json
@ghxstship/ui:build: 
@ghxstship/config:build: 
@ghxstship/config:build: > @ghxstship/config@0.0.1 build /Users/julianclarkson/Documents/Dragonflyone/packages/config
@ghxstship/config:build: > tsc -p tsconfig.json
@ghxstship/config:build: 
compvss:build: cache miss, executing 082d707a8823c7de
compvss:build: 
compvss:build: > compvss@0.1.0 build /Users/julianclarkson/Documents/Dragonflyone/apps/compvss
compvss:build: > NODE_OPTIONS='--max-old-space-size=8192' next build
compvss:build: 
compvss:build:   ▲ Next.js 14.2.34
compvss:build:   - Environments: .env.local
compvss:build:   - Experiments (use with caution):
compvss:build:     · missingSuspenseWithCSRBailout
compvss:build: 
compvss:build:    Creating an optimized production build ...
compvss:build: <w> [webpack.cache.PackFileCacheStrategy] Caching failed for pack: Error: ENOENT: no such file or directory, rename '/Users/julianclarkson/Documents/Dragonflyone/apps/compvss/.next/cache/webpack/server-production/1.pack_' -> '/Users/julianclarkson/Documents/Dragonflyone/apps/compvss/.next/cache/webpack/server-production/1.pack'
compvss:build:  ✓ Compiled successfully
compvss:build:    Skipping validation of types
compvss:build:    Skipping linting
compvss:build:    Collecting page data ...
compvss:build:  ⚠ Using edge runtime on a page currently disables static generation for that page
compvss:build:    Generating static pages (0/121) ...
compvss:build:  ⚠ Entire page "/communications/channels" deopted into client-side rendering due to "useSearchParams()". Read more: https://nextjs.org/docs/messages/deopted-into-client-rendering
compvss:build:     at n (/Users/julianclarkson/Documents/Dragonflyone/apps/compvss/.next/server/chunks/6939.js:41:676431)
compvss:build:     at h (/Users/julianclarkson/Documents/Dragonflyone/apps/compvss/.next/server/chunks/6939.js:41:687416)
compvss:build:     at m (/Users/julianclarkson/Documents/Dragonflyone/apps/compvss/.next/server/chunks/8072.js:10:4905)
compvss:build:     at p (/Users/julianclarkson/Documents/Dragonflyone/apps/compvss/.next/server/app/communications/channels/page.js:1:2648)
compvss:build:     at nj (/Users/julianclarkson/Documents/Dragonflyone/node_modules/.pnpm/next@14.2.34_@babel+core@7.28.5_@opentelemetry+api@1.9.0_@playwright+test@1.56.1_react-dom@18_7hgdyk63qyoywe26j4c7wzx2ra/node_modules/next/dist/compiled/next-server/app-page.runtime.prod.js:12:46252)
compvss:build:     at nM (/Users/julianclarkson/Documents/Dragonflyone/node_modules/.pnpm/next@14.2.34_@babel+core@7.28.5_@opentelemetry+api@1.9.0_@playwright+test@1.56.1_react-dom@18_7hgdyk63qyoywe26j4c7wzx2ra/node_modules/next/dist/compiled/next-server/app-page.runtime.prod.js:12:47572)
compvss:build:     at nL (/Users/julianclarkson/Documents/Dragonflyone/node_modules/.pnpm/next@14.2.34_@babel+core@7.28.5_@opentelemetry+api@1.9.0_@playwright+test@1.56.1_react-dom@18_7hgdyk63qyoywe26j4c7wzx2ra/node_modules/next/dist/compiled/next-server/app-page.runtime.prod.js:12:64547)
compvss:build:     at nI (/Users/julianclarkson/Documents/Dragonflyone/node_modules/.pnpm/next@14.2.34_@babel+core@7.28.5_@opentelemetry+api@1.9.0_@playwright+test@1.56.1_react-dom@18_7hgdyk63qyoywe26j4c7wzx2ra/node_modules/next/dist/compiled/next-server/app-page.runtime.prod.js:12:47011)
compvss:build:     at nM (/Users/julianclarkson/Documents/Dragonflyone/node_modules/.pnpm/next@14.2.34_@babel+core@7.28.5_@opentelemetry+api@1.9.0_@playwright+test@1.56.1_react-dom@18_7hgdyk63qyoywe26j4c7wzx2ra/node_modules/next/dist/compiled/next-server/app-page.runtime.prod.js:12:47718)
compvss:build:     at nM (/Users/julianclarkson/Documents/Dragonflyone/node_modules/.pnpm/next@14.2.34_@babel+core@7.28.5_@opentelemetry+api@1.9.0_@playwright+test@1.56.1_react-dom@18_7hgdyk63qyoywe26j4c7wzx2ra/node_modules/next/dist/compiled/next-server/app-page.runtime.prod.js:12:61547)
compvss:build:  ⚠ Entire page "/bid-portal" deopted into client-side rendering due to "useSearchParams()". Read more: https://nextjs.org/docs/messages/deopted-into-client-rendering
compvss:build:     at n (/Users/julianclarkson/Documents/Dragonflyone/apps/compvss/.next/server/chunks/6939.js:41:676431)
compvss:build:     at h (/Users/julianclarkson/Documents/Dragonflyone/apps/compvss/.next/server/chunks/6939.js:41:687416)
compvss:build:     at m (/Users/julianclarkson/Documents/Dragonflyone/apps/compvss/.next/server/chunks/8072.js:10:4905)
compvss:build:     at c (/Users/julianclarkson/Documents/Dragonflyone/apps/compvss/.next/server/app/bid-portal/page.js:1:2457)
compvss:build:     at nj (/Users/julianclarkson/Documents/Dragonflyone/node_modules/.pnpm/next@14.2.34_@babel+core@7.28.5_@opentelemetry+api@1.9.0_@playwright+test@1.56.1_react-dom@18_7hgdyk63qyoywe26j4c7wzx2ra/node_modules/next/dist/compiled/next-server/app-page.runtime.prod.js:12:46252)
compvss:build:     at nM (/Users/julianclarkson/Documents/Dragonflyone/node_modules/.pnpm/next@14.2.34_@babel+core@7.28.5_@opentelemetry+api@1.9.0_@playwright+test@1.56.1_react-dom@18_7hgdyk63qyoywe26j4c7wzx2ra/node_modules/next/dist/compiled/next-server/app-page.runtime.prod.js:12:47572)
compvss:build:     at nL (/Users/julianclarkson/Documents/Dragonflyone/node_modules/.pnpm/next@14.2.34_@babel+core@7.28.5_@opentelemetry+api@1.9.0_@playwright+test@1.56.1_react-dom@18_7hgdyk63qyoywe26j4c7wzx2ra/node_modules/next/dist/compiled/next-server/app-page.runtime.prod.js:12:64547)
compvss:build:     at nI (/Users/julianclarkson/Documents/Dragonflyone/node_modules/.pnpm/next@14.2.34_@babel+core@7.28.5_@opentelemetry+api@1.9.0_@playwright+test@1.56.1_react-dom@18_7hgdyk63qyoywe26j4c7wzx2ra/node_modules/next/dist/compiled/next-server/app-page.runtime.prod.js:12:47011)
compvss:build:     at nM (/Users/julianclarkson/Documents/Dragonflyone/node_modules/.pnpm/next@14.2.34_@babel+core@7.28.5_@opentelemetry+api@1.9.0_@playwright+test@1.56.1_react-dom@18_7hgdyk63qyoywe26j4c7wzx2ra/node_modules/next/dist/compiled/next-server/app-page.runtime.prod.js:12:47718)
compvss:build:     at nM (/Users/julianclarkson/Documents/Dragonflyone/node_modules/.pnpm/next@14.2.34_@babel+core@7.28.5_@opentelemetry+api@1.9.0_@playwright+test@1.56.1_react-dom@18_7hgdyk63qyoywe26j4c7wzx2ra/node_modules/next/dist/compiled/next-server/app-page.runtime.prod.js:12:61547)
compvss:build:  ⚠ Entire page "/emergency" deopted into client-side rendering due to "useSearchParams()". Read more: https://nextjs.org/docs/messages/deopted-into-client-rendering
compvss:build:     at n (/Users/julianclarkson/Documents/Dragonflyone/apps/compvss/.next/server/chunks/6939.js:41:676431)
compvss:build:     at h (/Users/julianclarkson/Documents/Dragonflyone/apps/compvss/.next/server/chunks/6939.js:41:687416)
compvss:build:     at m (/Users/julianclarkson/Documents/Dragonflyone/apps/compvss/.next/server/chunks/8072.js:10:4905)
compvss:build:     at d (/Users/julianclarkson/Documents/Dragonflyone/apps/compvss/.next/server/app/emergency/page.js:1:2439)
compvss:build:     at nj (/Users/julianclarkson/Documents/Dragonflyone/node_modules/.pnpm/next@14.2.34_@babel+core@7.28.5_@opentelemetry+api@1.9.0_@playwright+test@1.56.1_react-dom@18_7hgdyk63qyoywe26j4c7wzx2ra/node_modules/next/dist/compiled/next-server/app-page.runtime.prod.js:12:46252)
compvss:build:     at nM (/Users/julianclarkson/Documents/Dragonflyone/node_modules/.pnpm/next@14.2.34_@babel+core@7.28.5_@opentelemetry+api@1.9.0_@playwright+test@1.56.1_react-dom@18_7hgdyk63qyoywe26j4c7wzx2ra/node_modules/next/dist/compiled/next-server/app-page.runtime.prod.js:12:47572)
compvss:build:     at nL (/Users/julianclarkson/Documents/Dragonflyone/node_modules/.pnpm/next@14.2.34_@babel+core@7.28.5_@opentelemetry+api@1.9.0_@playwright+test@1.56.1_react-dom@18_7hgdyk63qyoywe26j4c7wzx2ra/node_modules/next/dist/compiled/next-server/app-page.runtime.prod.js:12:64547)
compvss:build:     at nI (/Users/julianclarkson/Documents/Dragonflyone/node_modules/.pnpm/next@14.2.34_@babel+core@7.28.5_@opentelemetry+api@1.9.0_@playwright+test@1.56.1_react-dom@18_7hgdyk63qyoywe26j4c7wzx2ra/node_modules/next/dist/compiled/next-server/app-page.runtime.prod.js:12:47011)
compvss:build:     at nM (/Users/julianclarkson/Documents/Dragonflyone/node_modules/.pnpm/next@14.2.34_@babel+core@7.28.5_@opentelemetry+api@1.9.0_@playwright+test@1.56.1_react-dom@18_7hgdyk63qyoywe26j4c7wzx2ra/node_modules/next/dist/compiled/next-server/app-page.runtime.prod.js:12:47718)
compvss:build:     at nM (/Users/julianclarkson/Documents/Dragonflyone/node_modules/.pnpm/next@14.2.34_@babel+core@7.28.5_@opentelemetry+api@1.9.0_@playwright+test@1.56.1_react-dom@18_7hgdyk63qyoywe26j4c7wzx2ra/node_modules/next/dist/compiled/next-server/app-page.runtime.prod.js:12:61547)
compvss:build:  ⚠ Entire page "/advancing" deopted into client-side rendering due to "useSearchParams()". Read more: https://nextjs.org/docs/messages/deopted-into-client-rendering
compvss:build:     at n (/Users/julianclarkson/Documents/Dragonflyone/apps/compvss/.next/server/chunks/6939.js:41:676431)
compvss:build:     at h (/Users/julianclarkson/Documents/Dragonflyone/apps/compvss/.next/server/chunks/6939.js:41:687416)
compvss:build:     at m (/Users/julianclarkson/Documents/Dragonflyone/apps/compvss/.next/server/chunks/8072.js:10:4905)
compvss:build:     at u (/Users/julianclarkson/Documents/Dragonflyone/apps/compvss/.next/server/app/advancing/page.js:1:4814)
compvss:build:     at nj (/Users/julianclarkson/Documents/Dragonflyone/node_modules/.pnpm/next@14.2.34_@babel+core@7.28.5_@opentelemetry+api@1.9.0_@playwright+test@1.56.1_react-dom@18_7hgdyk63qyoywe26j4c7wzx2ra/node_modules/next/dist/compiled/next-server/app-page.runtime.prod.js:12:46252)
compvss:build:     at nM (/Users/julianclarkson/Documents/Dragonflyone/node_modules/.pnpm/next@14.2.34_@babel+core@7.28.5_@opentelemetry+api@1.9.0_@playwright+test@1.56.1_react-dom@18_7hgdyk63qyoywe26j4c7wzx2ra/node_modules/next/dist/compiled/next-server/app-page.runtime.prod.js:12:47572)
compvss:build:     at nL (/Users/julianclarkson/Documents/Dragonflyone/node_modules/.pnpm/next@14.2.34_@babel+core@7.28.5_@opentelemetry+api@1.9.0_@playwright+test@1.56.1_react-dom@18_7hgdyk63qyoywe26j4c7wzx2ra/node_modules/next/dist/compiled/next-server/app-page.runtime.prod.js:12:64547)
compvss:build:     at nI (/Users/julianclarkson/Documents/Dragonflyone/node_modules/.pnpm/next@14.2.34_@babel+core@7.28.5_@opentelemetry+api@1.9.0_@playwright+test@1.56.1_react-dom@18_7hgdyk63qyoywe26j4c7wzx2ra/node_modules/next/dist/compiled/next-server/app-page.runtime.prod.js:12:47011)
compvss:build:     at nM (/Users/julianclarkson/Documents/Dragonflyone/node_modules/.pnpm/next@14.2.34_@babel+core@7.28.5_@opentelemetry+api@1.9.0_@playwright+test@1.56.1_react-dom@18_7hgdyk63qyoywe26j4c7wzx2ra/node_modules/next/dist/compiled/next-server/app-page.runtime.prod.js:12:47718)
compvss:build:     at nM (/Users/julianclarkson/Documents/Dragonflyone/node_modules/.pnpm/next@14.2.34_@babel+core@7.28.5_@opentelemetry+api@1.9.0_@playwright+test@1.56.1_react-dom@18_7hgdyk63qyoywe26j4c7wzx2ra/node_modules/next/dist/compiled/next-server/app-page.runtime.prod.js:12:61547)
compvss:build:    Generating static pages (30/121) 
compvss:build:  ⚠ Entire page "/knowledge/offline" deopted into client-side rendering due to "useSearchParams()". Read more: https://nextjs.org/docs/messages/deopted-into-client-rendering
compvss:build:     at n (/Users/julianclarkson/Documents/Dragonflyone/apps/compvss/.next/server/chunks/6939.js:41:676431)
compvss:build:     at h (/Users/julianclarkson/Documents/Dragonflyone/apps/compvss/.next/server/chunks/6939.js:41:687416)
compvss:build:     at m (/Users/julianclarkson/Documents/Dragonflyone/apps/compvss/.next/server/chunks/8072.js:10:4905)
compvss:build:     at x (/Users/julianclarkson/Documents/Dragonflyone/apps/compvss/.next/server/app/knowledge/offline/page.js:1:2523)
compvss:build:     at nj (/Users/julianclarkson/Documents/Dragonflyone/node_modules/.pnpm/next@14.2.34_@babel+core@7.28.5_@opentelemetry+api@1.9.0_@playwright+test@1.56.1_react-dom@18_7hgdyk63qyoywe26j4c7wzx2ra/node_modules/next/dist/compiled/next-server/app-page.runtime.prod.js:12:46252)
compvss:build:     at nM (/Users/julianclarkson/Documents/Dragonflyone/node_modules/.pnpm/next@14.2.34_@babel+core@7.28.5_@opentelemetry+api@1.9.0_@playwright+test@1.56.1_react-dom@18_7hgdyk63qyoywe26j4c7wzx2ra/node_modules/next/dist/compiled/next-server/app-page.runtime.prod.js:12:47572)
compvss:build:     at nL (/Users/julianclarkson/Documents/Dragonflyone/node_modules/.pnpm/next@14.2.34_@babel+core@7.28.5_@opentelemetry+api@1.9.0_@playwright+test@1.56.1_react-dom@18_7hgdyk63qyoywe26j4c7wzx2ra/node_modules/next/dist/compiled/next-server/app-page.runtime.prod.js:12:64547)
compvss:build:     at nI (/Users/julianclarkson/Documents/Dragonflyone/node_modules/.pnpm/next@14.2.34_@babel+core@7.28.5_@opentelemetry+api@1.9.0_@playwright+test@1.56.1_react-dom@18_7hgdyk63qyoywe26j4c7wzx2ra/node_modules/next/dist/compiled/next-server/app-page.runtime.prod.js:12:47011)
compvss:build:     at nM (/Users/julianclarkson/Documents/Dragonflyone/node_modules/.pnpm/next@14.2.34_@babel+core@7.28.5_@opentelemetry+api@1.9.0_@playwright+test@1.56.1_react-dom@18_7hgdyk63qyoywe26j4c7wzx2ra/node_modules/next/dist/compiled/next-server/app-page.runtime.prod.js:12:47718)
compvss:build:     at nM (/Users/julianclarkson/Documents/Dragonflyone/node_modules/.pnpm/next@14.2.34_@babel+core@7.28.5_@opentelemetry+api@1.9.0_@playwright+test@1.56.1_react-dom@18_7hgdyk63qyoywe26j4c7wzx2ra/node_modules/next/dist/compiled/next-server/app-page.runtime.prod.js:12:61547)
compvss:build:  ⚠ Entire page "/knowledge/brand-guidelines" deopted into client-side rendering due to "useSearchParams()". Read more: https://nextjs.org/docs/messages/deopted-into-client-rendering
compvss:build:     at n (/Users/julianclarkson/Documents/Dragonflyone/apps/compvss/.next/server/chunks/6939.js:41:676431)
compvss:build:     at h (/Users/julianclarkson/Documents/Dragonflyone/apps/compvss/.next/server/chunks/6939.js:41:687416)
compvss:build:     at m (/Users/julianclarkson/Documents/Dragonflyone/apps/compvss/.next/server/chunks/8072.js:10:4905)
compvss:build:     at x (/Users/julianclarkson/Documents/Dragonflyone/apps/compvss/.next/server/app/knowledge/brand-guidelines/page.js:1:2643)
compvss:build:     at nj (/Users/julianclarkson/Documents/Dragonflyone/node_modules/.pnpm/next@14.2.34_@babel+core@7.28.5_@opentelemetry+api@1.9.0_@playwright+test@1.56.1_react-dom@18_7hgdyk63qyoywe26j4c7wzx2ra/node_modules/next/dist/compiled/next-server/app-page.runtime.prod.js:12:46252)
compvss:build:     at nM (/Users/julianclarkson/Documents/Dragonflyone/node_modules/.pnpm/next@14.2.34_@babel+core@7.28.5_@opentelemetry+api@1.9.0_@playwright+test@1.56.1_react-dom@18_7hgdyk63qyoywe26j4c7wzx2ra/node_modules/next/dist/compiled/next-server/app-page.runtime.prod.js:12:47572)
compvss:build:     at nL (/Users/julianclarkson/Documents/Dragonflyone/node_modules/.pnpm/next@14.2.34_@babel+core@7.28.5_@opentelemetry+api@1.9.0_@playwright+test@1.56.1_react-dom@18_7hgdyk63qyoywe26j4c7wzx2ra/node_modules/next/dist/compiled/next-server/app-page.runtime.prod.js:12:64547)
compvss:build:     at nI (/Users/julianclarkson/Documents/Dragonflyone/node_modules/.pnpm/next@14.2.34_@babel+core@7.28.5_@opentelemetry+api@1.9.0_@playwright+test@1.56.1_react-dom@18_7hgdyk63qyoywe26j4c7wzx2ra/node_modules/next/dist/compiled/next-server/app-page.runtime.prod.js:12:47011)
compvss:build:     at nM (/Users/julianclarkson/Documents/Dragonflyone/node_modules/.pnpm/next@14.2.34_@babel+core@7.28.5_@opentelemetry+api@1.9.0_@playwright+test@1.56.1_react-dom@18_7hgdyk63qyoywe26j4c7wzx2ra/node_modules/next/dist/compiled/next-server/app-page.runtime.prod.js:12:47718)
compvss:build:     at nM (/Users/julianclarkson/Documents/Dragonflyone/node_modules/.pnpm/next@14.2.34_@babel+core@7.28.5_@opentelemetry+api@1.9.0_@playwright+test@1.56.1_react-dom@18_7hgdyk63qyoywe26j4c7wzx2ra/node_modules/next/dist/compiled/next-server/app-page.runtime.prod.js:12:61547)
compvss:build:  ⚠ Entire page "/knowledge/multilingual" deopted into client-side rendering due to "useSearchParams()". Read more: https://nextjs.org/docs/messages/deopted-into-client-rendering
compvss:build:     at n (/Users/julianclarkson/Documents/Dragonflyone/apps/compvss/.next/server/chunks/6939.js:41:676431)
compvss:build:     at h (/Users/julianclarkson/Documents/Dragonflyone/apps/compvss/.next/server/chunks/6939.js:41:687416)
compvss:build:     at m (/Users/julianclarkson/Documents/Dragonflyone/apps/compvss/.next/server/chunks/8072.js:10:4905)
compvss:build:     at p (/Users/julianclarkson/Documents/Dragonflyone/apps/compvss/.next/server/app/knowledge/multilingual/page.js:1:2553)
compvss:build:     at nj (/Users/julianclarkson/Documents/Dragonflyone/node_modules/.pnpm/next@14.2.34_@babel+core@7.28.5_@opentelemetry+api@1.9.0_@playwright+test@1.56.1_react-dom@18_7hgdyk63qyoywe26j4c7wzx2ra/node_modules/next/dist/compiled/next-server/app-page.runtime.prod.js:12:46252)
compvss:build:     at nM (/Users/julianclarkson/Documents/Dragonflyone/node_modules/.pnpm/next@14.2.34_@babel+core@7.28.5_@opentelemetry+api@1.9.0_@playwright+test@1.56.1_react-dom@18_7hgdyk63qyoywe26j4c7wzx2ra/node_modules/next/dist/compiled/next-server/app-page.runtime.prod.js:12:47572)
compvss:build:     at nL (/Users/julianclarkson/Documents/Dragonflyone/node_modules/.pnpm/next@14.2.34_@babel+core@7.28.5_@opentelemetry+api@1.9.0_@playwright+test@1.56.1_react-dom@18_7hgdyk63qyoywe26j4c7wzx2ra/node_modules/next/dist/compiled/next-server/app-page.runtime.prod.js:12:64547)
compvss:build:     at nI (/Users/julianclarkson/Documents/Dragonflyone/node_modules/.pnpm/next@14.2.34_@babel+core@7.28.5_@opentelemetry+api@1.9.0_@playwright+test@1.56.1_react-dom@18_7hgdyk63qyoywe26j4c7wzx2ra/node_modules/next/dist/compiled/next-server/app-page.runtime.prod.js:12:47011)
compvss:build:     at nM (/Users/julianclarkson/Documents/Dragonflyone/node_modules/.pnpm/next@14.2.34_@babel+core@7.28.5_@opentelemetry+api@1.9.0_@playwright+test@1.56.1_react-dom@18_7hgdyk63qyoywe26j4c7wzx2ra/node_modules/next/dist/compiled/next-server/app-page.runtime.prod.js:12:47718)
compvss:build:     at nM (/Users/julianclarkson/Documents/Dragonflyone/node_modules/.pnpm/next@14.2.34_@babel+core@7.28.5_@opentelemetry+api@1.9.0_@playwright+test@1.56.1_react-dom@18_7hgdyk63qyoywe26j4c7wzx2ra/node_modules/next/dist/compiled/next-server/app-page.runtime.prod.js:12:61547)
compvss:build:  ⚠ Entire page "/mentorship" deopted into client-side rendering due to "useSearchParams()". Read more: https://nextjs.org/docs/messages/deopted-into-client-rendering
compvss:build:     at n (/Users/julianclarkson/Documents/Dragonflyone/apps/compvss/.next/server/chunks/6939.js:41:676431)
compvss:build:     at h (/Users/julianclarkson/Documents/Dragonflyone/apps/compvss/.next/server/chunks/6939.js:41:687416)
compvss:build:     at m (/Users/julianclarkson/Documents/Dragonflyone/apps/compvss/.next/server/chunks/8072.js:10:4905)
compvss:build:     at x (/Users/julianclarkson/Documents/Dragonflyone/apps/compvss/.next/server/app/mentorship/page.js:1:2463)
compvss:build:     at nj (/Users/julianclarkson/Documents/Dragonflyone/node_modules/.pnpm/next@14.2.34_@babel+core@7.28.5_@opentelemetry+api@1.9.0_@playwright+test@1.56.1_react-dom@18_7hgdyk63qyoywe26j4c7wzx2ra/node_modules/next/dist/compiled/next-server/app-page.runtime.prod.js:12:46252)
compvss:build:     at nM (/Users/julianclarkson/Documents/Dragonflyone/node_modules/.pnpm/next@14.2.34_@babel+core@7.28.5_@opentelemetry+api@1.9.0_@playwright+test@1.56.1_react-dom@18_7hgdyk63qyoywe26j4c7wzx2ra/node_modules/next/dist/compiled/next-server/app-page.runtime.prod.js:12:47572)
compvss:build:     at nL (/Users/julianclarkson/Documents/Dragonflyone/node_modules/.pnpm/next@14.2.34_@babel+core@7.28.5_@opentelemetry+api@1.9.0_@playwright+test@1.56.1_react-dom@18_7hgdyk63qyoywe26j4c7wzx2ra/node_modules/next/dist/compiled/next-server/app-page.runtime.prod.js:12:64547)
compvss:build:     at nI (/Users/julianclarkson/Documents/Dragonflyone/node_modules/.pnpm/next@14.2.34_@babel+core@7.28.5_@opentelemetry+api@1.9.0_@playwright+test@1.56.1_react-dom@18_7hgdyk63qyoywe26j4c7wzx2ra/node_modules/next/dist/compiled/next-server/app-page.runtime.prod.js:12:47011)
compvss:build:     at nM (/Users/julianclarkson/Documents/Dragonflyone/node_modules/.pnpm/next@14.2.34_@babel+core@7.28.5_@opentelemetry+api@1.9.0_@playwright+test@1.56.1_react-dom@18_7hgdyk63qyoywe26j4c7wzx2ra/node_modules/next/dist/compiled/next-server/app-page.runtime.prod.js:12:47718)
compvss:build:     at nM (/Users/julianclarkson/Documents/Dragonflyone/node_modules/.pnpm/next@14.2.34_@babel+core@7.28.5_@opentelemetry+api@1.9.0_@playwright+test@1.56.1_react-dom@18_7hgdyk63qyoywe26j4c7wzx2ra/node_modules/next/dist/compiled/next-server/app-page.runtime.prod.js:12:61547)
compvss:build:    Generating static pages (60/121) 
compvss:build:  ⚠ Entire page "/opportunities/win-loss" deopted into client-side rendering due to "useSearchParams()". Read more: https://nextjs.org/docs/messages/deopted-into-client-rendering
compvss:build:     at n (/Users/julianclarkson/Documents/Dragonflyone/apps/compvss/.next/server/chunks/6939.js:41:676431)
compvss:build:     at h (/Users/julianclarkson/Documents/Dragonflyone/apps/compvss/.next/server/chunks/6939.js:41:687416)
compvss:build:     at m (/Users/julianclarkson/Documents/Dragonflyone/apps/compvss/.next/server/chunks/8072.js:10:4905)
compvss:build:     at d (/Users/julianclarkson/Documents/Dragonflyone/apps/compvss/.next/server/app/opportunities/win-loss/page.js:1:2554)
compvss:build:     at nj (/Users/julianclarkson/Documents/Dragonflyone/node_modules/.pnpm/next@14.2.34_@babel+core@7.28.5_@opentelemetry+api@1.9.0_@playwright+test@1.56.1_react-dom@18_7hgdyk63qyoywe26j4c7wzx2ra/node_modules/next/dist/compiled/next-server/app-page.runtime.prod.js:12:46252)
compvss:build:     at nM (/Users/julianclarkson/Documents/Dragonflyone/node_modules/.pnpm/next@14.2.34_@babel+core@7.28.5_@opentelemetry+api@1.9.0_@playwright+test@1.56.1_react-dom@18_7hgdyk63qyoywe26j4c7wzx2ra/node_modules/next/dist/compiled/next-server/app-page.runtime.prod.js:12:47572)
compvss:build:     at nL (/Users/julianclarkson/Documents/Dragonflyone/node_modules/.pnpm/next@14.2.34_@babel+core@7.28.5_@opentelemetry+api@1.9.0_@playwright+test@1.56.1_react-dom@18_7hgdyk63qyoywe26j4c7wzx2ra/node_modules/next/dist/compiled/next-server/app-page.runtime.prod.js:12:64547)
compvss:build:     at nI (/Users/julianclarkson/Documents/Dragonflyone/node_modules/.pnpm/next@14.2.34_@babel+core@7.28.5_@opentelemetry+api@1.9.0_@playwright+test@1.56.1_react-dom@18_7hgdyk63qyoywe26j4c7wzx2ra/node_modules/next/dist/compiled/next-server/app-page.runtime.prod.js:12:47011)
compvss:build:     at nM (/Users/julianclarkson/Documents/Dragonflyone/node_modules/.pnpm/next@14.2.34_@babel+core@7.28.5_@opentelemetry+api@1.9.0_@playwright+test@1.56.1_react-dom@18_7hgdyk63qyoywe26j4c7wzx2ra/node_modules/next/dist/compiled/next-server/app-page.runtime.prod.js:12:47718)
compvss:build:     at nM (/Users/julianclarkson/Documents/Dragonflyone/node_modules/.pnpm/next@14.2.34_@babel+core@7.28.5_@opentelemetry+api@1.9.0_@playwright+test@1.56.1_react-dom@18_7hgdyk63qyoywe26j4c7wzx2ra/node_modules/next/dist/compiled/next-server/app-page.runtime.prod.js:12:61547)
compvss:build:  ⚠ Entire page "/crew-social" deopted into client-side rendering due to "useSearchParams()". Read more: https://nextjs.org/docs/messages/deopted-into-client-rendering
compvss:build:     at n (/Users/julianclarkson/Documents/Dragonflyone/apps/compvss/.next/server/chunks/6939.js:41:676431)
compvss:build:     at h (/Users/julianclarkson/Documents/Dragonflyone/apps/compvss/.next/server/chunks/6939.js:41:687416)
compvss:build:     at m (/Users/julianclarkson/Documents/Dragonflyone/apps/compvss/.next/server/chunks/8072.js:10:4905)
compvss:build:     at h (/Users/julianclarkson/Documents/Dragonflyone/apps/compvss/.next/server/app/crew-social/page.js:1:2673)
compvss:build:     at nj (/Users/julianclarkson/Documents/Dragonflyone/node_modules/.pnpm/next@14.2.34_@babel+core@7.28.5_@opentelemetry+api@1.9.0_@playwright+test@1.56.1_react-dom@18_7hgdyk63qyoywe26j4c7wzx2ra/node_modules/next/dist/compiled/next-server/app-page.runtime.prod.js:12:46252)
compvss:build:     at nM (/Users/julianclarkson/Documents/Dragonflyone/node_modules/.pnpm/next@14.2.34_@babel+core@7.28.5_@opentelemetry+api@1.9.0_@playwright+test@1.56.1_react-dom@18_7hgdyk63qyoywe26j4c7wzx2ra/node_modules/next/dist/compiled/next-server/app-page.runtime.prod.js:12:47572)
compvss:build:     at nL (/Users/julianclarkson/Documents/Dragonflyone/node_modules/.pnpm/next@14.2.34_@babel+core@7.28.5_@opentelemetry+api@1.9.0_@playwright+test@1.56.1_react-dom@18_7hgdyk63qyoywe26j4c7wzx2ra/node_modules/next/dist/compiled/next-server/app-page.runtime.prod.js:12:64547)
compvss:build:     at nI (/Users/julianclarkson/Documents/Dragonflyone/node_modules/.pnpm/next@14.2.34_@babel+core@7.28.5_@opentelemetry+api@1.9.0_@playwright+test@1.56.1_react-dom@18_7hgdyk63qyoywe26j4c7wzx2ra/node_modules/next/dist/compiled/next-server/app-page.runtime.prod.js:12:47011)
compvss:build:     at nM (/Users/julianclarkson/Documents/Dragonflyone/node_modules/.pnpm/next@14.2.34_@babel+core@7.28.5_@opentelemetry+api@1.9.0_@playwright+test@1.56.1_react-dom@18_7hgdyk63qyoywe26j4c7wzx2ra/node_modules/next/dist/compiled/next-server/app-page.runtime.prod.js:12:47718)
compvss:build:     at nM (/Users/julianclarkson/Documents/Dragonflyone/node_modules/.pnpm/next@14.2.34_@babel+core@7.28.5_@opentelemetry+api@1.9.0_@playwright+test@1.56.1_react-dom@18_7hgdyk63qyoywe26j4c7wzx2ra/node_modules/next/dist/compiled/next-server/app-page.runtime.prod.js:12:61547)
compvss:build:  ⚠ Entire page "/opportunities/proposals" deopted into client-side rendering due to "useSearchParams()". Read more: https://nextjs.org/docs/messages/deopted-into-client-rendering
compvss:build:     at n (/Users/julianclarkson/Documents/Dragonflyone/apps/compvss/.next/server/chunks/6939.js:41:676431)
compvss:build:     at h (/Users/julianclarkson/Documents/Dragonflyone/apps/compvss/.next/server/chunks/6939.js:41:687416)
compvss:build:     at m (/Users/julianclarkson/Documents/Dragonflyone/apps/compvss/.next/server/chunks/8072.js:10:4905)
compvss:build:     at d (/Users/julianclarkson/Documents/Dragonflyone/apps/compvss/.next/server/app/opportunities/proposals/page.js:1:2560)
compvss:build:     at nj (/Users/julianclarkson/Documents/Dragonflyone/node_modules/.pnpm/next@14.2.34_@babel+core@7.28.5_@opentelemetry+api@1.9.0_@playwright+test@1.56.1_react-dom@18_7hgdyk63qyoywe26j4c7wzx2ra/node_modules/next/dist/compiled/next-server/app-page.runtime.prod.js:12:46252)
compvss:build:     at nM (/Users/julianclarkson/Documents/Dragonflyone/node_modules/.pnpm/next@14.2.34_@babel+core@7.28.5_@opentelemetry+api@1.9.0_@playwright+test@1.56.1_react-dom@18_7hgdyk63qyoywe26j4c7wzx2ra/node_modules/next/dist/compiled/next-server/app-page.runtime.prod.js:12:47572)
compvss:build:     at nL (/Users/julianclarkson/Documents/Dragonflyone/node_modules/.pnpm/next@14.2.34_@babel+core@7.28.5_@opentelemetry+api@1.9.0_@playwright+test@1.56.1_react-dom@18_7hgdyk63qyoywe26j4c7wzx2ra/node_modules/next/dist/compiled/next-server/app-page.runtime.prod.js:12:64547)
compvss:build:     at nI (/Users/julianclarkson/Documents/Dragonflyone/node_modules/.pnpm/next@14.2.34_@babel+core@7.28.5_@opentelemetry+api@1.9.0_@playwright+test@1.56.1_react-dom@18_7hgdyk63qyoywe26j4c7wzx2ra/node_modules/next/dist/compiled/next-server/app-page.runtime.prod.js:12:47011)
compvss:build:     at nM (/Users/julianclarkson/Documents/Dragonflyone/node_modules/.pnpm/next@14.2.34_@babel+core@7.28.5_@opentelemetry+api@1.9.0_@playwright+test@1.56.1_react-dom@18_7hgdyk63qyoywe26j4c7wzx2ra/node_modules/next/dist/compiled/next-server/app-page.runtime.prod.js:12:47718)
compvss:build:     at nM (/Users/julianclarkson/Documents/Dragonflyone/node_modules/.pnpm/next@14.2.34_@babel+core@7.28.5_@opentelemetry+api@1.9.0_@playwright+test@1.56.1_react-dom@18_7hgdyk63qyoywe26j4c7wzx2ra/node_modules/next/dist/compiled/next-server/app-page.runtime.prod.js:12:61547)
compvss:build:  ⚠ Entire page "/opportunities" deopted into client-side rendering due to "useSearchParams()". Read more: https://nextjs.org/docs/messages/deopted-into-client-rendering
compvss:build:     at n (/Users/julianclarkson/Documents/Dragonflyone/apps/compvss/.next/server/chunks/6939.js:41:676431)
compvss:build:     at h (/Users/julianclarkson/Documents/Dragonflyone/apps/compvss/.next/server/chunks/6939.js:41:687416)
compvss:build:     at m (/Users/julianclarkson/Documents/Dragonflyone/apps/compvss/.next/server/chunks/8072.js:10:4905)
compvss:build:     at h (/Users/julianclarkson/Documents/Dragonflyone/apps/compvss/.next/server/app/opportunities/page.js:1:2507)
compvss:build:     at nj (/Users/julianclarkson/Documents/Dragonflyone/node_modules/.pnpm/next@14.2.34_@babel+core@7.28.5_@opentelemetry+api@1.9.0_@playwright+test@1.56.1_react-dom@18_7hgdyk63qyoywe26j4c7wzx2ra/node_modules/next/dist/compiled/next-server/app-page.runtime.prod.js:12:46252)
compvss:build:     at nM (/Users/julianclarkson/Documents/Dragonflyone/node_modules/.pnpm/next@14.2.34_@babel+core@7.28.5_@opentelemetry+api@1.9.0_@playwright+test@1.56.1_react-dom@18_7hgdyk63qyoywe26j4c7wzx2ra/node_modules/next/dist/compiled/next-server/app-page.runtime.prod.js:12:47572)
compvss:build:     at nL (/Users/julianclarkson/Documents/Dragonflyone/node_modules/.pnpm/next@14.2.34_@babel+core@7.28.5_@opentelemetry+api@1.9.0_@playwright+test@1.56.1_react-dom@18_7hgdyk63qyoywe26j4c7wzx2ra/node_modules/next/dist/compiled/next-server/app-page.runtime.prod.js:12:64547)
compvss:build:     at nI (/Users/julianclarkson/Documents/Dragonflyone/node_modules/.pnpm/next@14.2.34_@babel+core@7.28.5_@opentelemetry+api@1.9.0_@playwright+test@1.56.1_react-dom@18_7hgdyk63qyoywe26j4c7wzx2ra/node_modules/next/dist/compiled/next-server/app-page.runtime.prod.js:12:47011)
compvss:build:     at nM (/Users/julianclarkson/Documents/Dragonflyone/node_modules/.pnpm/next@14.2.34_@babel+core@7.28.5_@opentelemetry+api@1.9.0_@playwright+test@1.56.1_react-dom@18_7hgdyk63qyoywe26j4c7wzx2ra/node_modules/next/dist/compiled/next-server/app-page.runtime.prod.js:12:47718)
compvss:build:     at nM (/Users/julianclarkson/Documents/Dragonflyone/node_modules/.pnpm/next@14.2.34_@babel+core@7.28.5_@opentelemetry+api@1.9.0_@playwright+test@1.56.1_react-dom@18_7hgdyk63qyoywe26j4c7wzx2ra/node_modules/next/dist/compiled/next-server/app-page.runtime.prod.js:12:61547)
compvss:build:  ⚠ Entire page "/opportunities/mobile" deopted into client-side rendering due to "useSearchParams()". Read more: https://nextjs.org/docs/messages/deopted-into-client-rendering
compvss:build:     at n (/Users/julianclarkson/Documents/Dragonflyone/apps/compvss/.next/server/chunks/6939.js:41:676431)
compvss:build:     at h (/Users/julianclarkson/Documents/Dragonflyone/apps/compvss/.next/server/chunks/6939.js:41:687416)
compvss:build:     at m (/Users/julianclarkson/Documents/Dragonflyone/apps/compvss/.next/server/chunks/8072.js:10:4905)
compvss:build:     at d (/Users/julianclarkson/Documents/Dragonflyone/apps/compvss/.next/server/app/opportunities/mobile/page.js:1:2530)
compvss:build:     at nj (/Users/julianclarkson/Documents/Dragonflyone/node_modules/.pnpm/next@14.2.34_@babel+core@7.28.5_@opentelemetry+api@1.9.0_@playwright+test@1.56.1_react-dom@18_7hgdyk63qyoywe26j4c7wzx2ra/node_modules/next/dist/compiled/next-server/app-page.runtime.prod.js:12:46252)
compvss:build:     at nM (/Users/julianclarkson/Documents/Dragonflyone/node_modules/.pnpm/next@14.2.34_@babel+core@7.28.5_@opentelemetry+api@1.9.0_@playwright+test@1.56.1_react-dom@18_7hgdyk63qyoywe26j4c7wzx2ra/node_modules/next/dist/compiled/next-server/app-page.runtime.prod.js:12:47572)
compvss:build:     at nL (/Users/julianclarkson/Documents/Dragonflyone/node_modules/.pnpm/next@14.2.34_@babel+core@7.28.5_@opentelemetry+api@1.9.0_@playwright+test@1.56.1_react-dom@18_7hgdyk63qyoywe26j4c7wzx2ra/node_modules/next/dist/compiled/next-server/app-page.runtime.prod.js:12:64547)
compvss:build:     at nI (/Users/julianclarkson/Documents/Dragonflyone/node_modules/.pnpm/next@14.2.34_@babel+core@7.28.5_@opentelemetry+api@1.9.0_@playwright+test@1.56.1_react-dom@18_7hgdyk63qyoywe26j4c7wzx2ra/node_modules/next/dist/compiled/next-server/app-page.runtime.prod.js:12:47011)
compvss:build:     at nM (/Users/julianclarkson/Documents/Dragonflyone/node_modules/.pnpm/next@14.2.34_@babel+core@7.28.5_@opentelemetry+api@1.9.0_@playwright+test@1.56.1_react-dom@18_7hgdyk63qyoywe26j4c7wzx2ra/node_modules/next/dist/compiled/next-server/app-page.runtime.prod.js:12:47718)
compvss:build:     at nM (/Users/julianclarkson/Documents/Dragonflyone/node_modules/.pnpm/next@14.2.34_@babel+core@7.28.5_@opentelemetry+api@1.9.0_@playwright+test@1.56.1_react-dom@18_7hgdyk63qyoywe26j4c7wzx2ra/node_modules/next/dist/compiled/next-server/app-page.runtime.prod.js:12:61547)
compvss:build:  ⚠ Entire page "/opportunities/bid-decision" deopted into client-side rendering due to "useSearchParams()". Read more: https://nextjs.org/docs/messages/deopted-into-client-rendering
compvss:build:     at n (/Users/julianclarkson/Documents/Dragonflyone/apps/compvss/.next/server/chunks/6939.js:41:676431)
compvss:build:     at h (/Users/julianclarkson/Documents/Dragonflyone/apps/compvss/.next/server/chunks/6939.js:41:687416)
compvss:build:     at m (/Users/julianclarkson/Documents/Dragonflyone/apps/compvss/.next/server/chunks/8072.js:10:4905)
compvss:build:     at d (/Users/julianclarkson/Documents/Dragonflyone/apps/compvss/.next/server/app/opportunities/bid-decision/page.js:1:2578)
compvss:build:     at nj (/Users/julianclarkson/Documents/Dragonflyone/node_modules/.pnpm/next@14.2.34_@babel+core@7.28.5_@opentelemetry+api@1.9.0_@playwright+test@1.56.1_react-dom@18_7hgdyk63qyoywe26j4c7wzx2ra/node_modules/next/dist/compiled/next-server/app-page.runtime.prod.js:12:46252)
compvss:build:     at nM (/Users/julianclarkson/Documents/Dragonflyone/node_modules/.pnpm/next@14.2.34_@babel+core@7.28.5_@opentelemetry+api@1.9.0_@playwright+test@1.56.1_react-dom@18_7hgdyk63qyoywe26j4c7wzx2ra/node_modules/next/dist/compiled/next-server/app-page.runtime.prod.js:12:47572)
compvss:build:     at nL (/Users/julianclarkson/Documents/Dragonflyone/node_modules/.pnpm/next@14.2.34_@babel+core@7.28.5_@opentelemetry+api@1.9.0_@playwright+test@1.56.1_react-dom@18_7hgdyk63qyoywe26j4c7wzx2ra/node_modules/next/dist/compiled/next-server/app-page.runtime.prod.js:12:64547)
compvss:build:     at nI (/Users/julianclarkson/Documents/Dragonflyone/node_modules/.pnpm/next@14.2.34_@babel+core@7.28.5_@opentelemetry+api@1.9.0_@playwright+test@1.56.1_react-dom@18_7hgdyk63qyoywe26j4c7wzx2ra/node_modules/next/dist/compiled/next-server/app-page.runtime.prod.js:12:47011)
compvss:build:     at nM (/Users/julianclarkson/Documents/Dragonflyone/node_modules/.pnpm/next@14.2.34_@babel+core@7.28.5_@opentelemetry+api@1.9.0_@playwright+test@1.56.1_react-dom@18_7hgdyk63qyoywe26j4c7wzx2ra/node_modules/next/dist/compiled/next-server/app-page.runtime.prod.js:12:47718)
compvss:build:     at nM (/Users/julianclarkson/Documents/Dragonflyone/node_modules/.pnpm/next@14.2.34_@babel+core@7.28.5_@opentelemetry+api@1.9.0_@playwright+test@1.56.1_react-dom@18_7hgdyk63qyoywe26j4c7wzx2ra/node_modules/next/dist/compiled/next-server/app-page.runtime.prod.js:12:61547)
compvss:build:  ⚠ Entire page "/photo-documentation" deopted into client-side rendering due to "useSearchParams()". Read more: https://nextjs.org/docs/messages/deopted-into-client-rendering
compvss:build:     at n (/Users/julianclarkson/Documents/Dragonflyone/apps/compvss/.next/server/chunks/6939.js:41:676431)
compvss:build:     at h (/Users/julianclarkson/Documents/Dragonflyone/apps/compvss/.next/server/chunks/6939.js:41:687416)
compvss:build:     at m (/Users/julianclarkson/Documents/Dragonflyone/apps/compvss/.next/server/chunks/8072.js:10:4905)
compvss:build:     at p (/Users/julianclarkson/Documents/Dragonflyone/apps/compvss/.next/server/app/photo-documentation/page.js:1:2582)
compvss:build:     at nj (/Users/julianclarkson/Documents/Dragonflyone/node_modules/.pnpm/next@14.2.34_@babel+core@7.28.5_@opentelemetry+api@1.9.0_@playwright+test@1.56.1_react-dom@18_7hgdyk63qyoywe26j4c7wzx2ra/node_modules/next/dist/compiled/next-server/app-page.runtime.prod.js:12:46252)
compvss:build:     at nM (/Users/julianclarkson/Documents/Dragonflyone/node_modules/.pnpm/next@14.2.34_@babel+core@7.28.5_@opentelemetry+api@1.9.0_@playwright+test@1.56.1_react-dom@18_7hgdyk63qyoywe26j4c7wzx2ra/node_modules/next/dist/compiled/next-server/app-page.runtime.prod.js:12:47572)
compvss:build:     at nL (/Users/julianclarkson/Documents/Dragonflyone/node_modules/.pnpm/next@14.2.34_@babel+core@7.28.5_@opentelemetry+api@1.9.0_@playwright+test@1.56.1_react-dom@18_7hgdyk63qyoywe26j4c7wzx2ra/node_modules/next/dist/compiled/next-server/app-page.runtime.prod.js:12:64547)
compvss:build:     at nI (/Users/julianclarkson/Documents/Dragonflyone/node_modules/.pnpm/next@14.2.34_@babel+core@7.28.5_@opentelemetry+api@1.9.0_@playwright+test@1.56.1_react-dom@18_7hgdyk63qyoywe26j4c7wzx2ra/node_modules/next/dist/compiled/next-server/app-page.runtime.prod.js:12:47011)
compvss:build:     at nM (/Users/julianclarkson/Documents/Dragonflyone/node_modules/.pnpm/next@14.2.34_@babel+core@7.28.5_@opentelemetry+api@1.9.0_@playwright+test@1.56.1_react-dom@18_7hgdyk63qyoywe26j4c7wzx2ra/node_modules/next/dist/compiled/next-server/app-page.runtime.prod.js:12:47718)
compvss:build:     at nM (/Users/julianclarkson/Documents/Dragonflyone/node_modules/.pnpm/next@14.2.34_@babel+core@7.28.5_@opentelemetry+api@1.9.0_@playwright+test@1.56.1_react-dom@18_7hgdyk63qyoywe26j4c7wzx2ra/node_modules/next/dist/compiled/next-server/app-page.runtime.prod.js:12:61547)
compvss:build:  ⚠ Entire page "/set-times" deopted into client-side rendering due to "useSearchParams()". Read more: https://nextjs.org/docs/messages/deopted-into-client-rendering
compvss:build:     at n (/Users/julianclarkson/Documents/Dragonflyone/apps/compvss/.next/server/chunks/6939.js:41:676431)
compvss:build:     at h (/Users/julianclarkson/Documents/Dragonflyone/apps/compvss/.next/server/chunks/6939.js:41:687416)
compvss:build:     at m (/Users/julianclarkson/Documents/Dragonflyone/apps/compvss/.next/server/chunks/8072.js:10:4905)
compvss:build:     at o (/Users/julianclarkson/Documents/Dragonflyone/apps/compvss/.next/server/app/set-times/page.js:1:2446)
compvss:build:     at nj (/Users/julianclarkson/Documents/Dragonflyone/node_modules/.pnpm/next@14.2.34_@babel+core@7.28.5_@opentelemetry+api@1.9.0_@playwright+test@1.56.1_react-dom@18_7hgdyk63qyoywe26j4c7wzx2ra/node_modules/next/dist/compiled/next-server/app-page.runtime.prod.js:12:46252)
compvss:build:     at nM (/Users/julianclarkson/Documents/Dragonflyone/node_modules/.pnpm/next@14.2.34_@babel+core@7.28.5_@opentelemetry+api@1.9.0_@playwright+test@1.56.1_react-dom@18_7hgdyk63qyoywe26j4c7wzx2ra/node_modules/next/dist/compiled/next-server/app-page.runtime.prod.js:12:47572)
compvss:build:     at nL (/Users/julianclarkson/Documents/Dragonflyone/node_modules/.pnpm/next@14.2.34_@babel+core@7.28.5_@opentelemetry+api@1.9.0_@playwright+test@1.56.1_react-dom@18_7hgdyk63qyoywe26j4c7wzx2ra/node_modules/next/dist/compiled/next-server/app-page.runtime.prod.js:12:64547)
compvss:build:     at nI (/Users/julianclarkson/Documents/Dragonflyone/node_modules/.pnpm/next@14.2.34_@babel+core@7.28.5_@opentelemetry+api@1.9.0_@playwright+test@1.56.1_react-dom@18_7hgdyk63qyoywe26j4c7wzx2ra/node_modules/next/dist/compiled/next-server/app-page.runtime.prod.js:12:47011)
compvss:build:     at nM (/Users/julianclarkson/Documents/Dragonflyone/node_modules/.pnpm/next@14.2.34_@babel+core@7.28.5_@opentelemetry+api@1.9.0_@playwright+test@1.56.1_react-dom@18_7hgdyk63qyoywe26j4c7wzx2ra/node_modules/next/dist/compiled/next-server/app-page.runtime.prod.js:12:47718)
compvss:build:     at nM (/Users/julianclarkson/Documents/Dragonflyone/node_modules/.pnpm/next@14.2.34_@babel+core@7.28.5_@opentelemetry+api@1.9.0_@playwright+test@1.56.1_react-dom@18_7hgdyk63qyoywe26j4c7wzx2ra/node_modules/next/dist/compiled/next-server/app-page.runtime.prod.js:12:61547)
compvss:build:  ⚠ Entire page "/qa-checkpoints" deopted into client-side rendering due to "useSearchParams()". Read more: https://nextjs.org/docs/messages/deopted-into-client-rendering
compvss:build:     at n (/Users/julianclarkson/Documents/Dragonflyone/apps/compvss/.next/server/chunks/6939.js:41:676431)
compvss:build:     at h (/Users/julianclarkson/Documents/Dragonflyone/apps/compvss/.next/server/chunks/6939.js:41:687416)
compvss:build:     at m (/Users/julianclarkson/Documents/Dragonflyone/apps/compvss/.next/server/chunks/8072.js:10:4905)
compvss:build:     at d (/Users/julianclarkson/Documents/Dragonflyone/apps/compvss/.next/server/app/qa-checkpoints/page.js:1:2487)
compvss:build:     at nj (/Users/julianclarkson/Documents/Dragonflyone/node_modules/.pnpm/next@14.2.34_@babel+core@7.28.5_@opentelemetry+api@1.9.0_@playwright+test@1.56.1_react-dom@18_7hgdyk63qyoywe26j4c7wzx2ra/node_modules/next/dist/compiled/next-server/app-page.runtime.prod.js:12:46252)
compvss:build:     at nM (/Users/julianclarkson/Documents/Dragonflyone/node_modules/.pnpm/next@14.2.34_@babel+core@7.28.5_@opentelemetry+api@1.9.0_@playwright+test@1.56.1_react-dom@18_7hgdyk63qyoywe26j4c7wzx2ra/node_modules/next/dist/compiled/next-server/app-page.runtime.prod.js:12:47572)
compvss:build:     at nL (/Users/julianclarkson/Documents/Dragonflyone/node_modules/.pnpm/next@14.2.34_@babel+core@7.28.5_@opentelemetry+api@1.9.0_@playwright+test@1.56.1_react-dom@18_7hgdyk63qyoywe26j4c7wzx2ra/node_modules/next/dist/compiled/next-server/app-page.runtime.prod.js:12:64547)
compvss:build:     at nI (/Users/julianclarkson/Documents/Dragonflyone/node_modules/.pnpm/next@14.2.34_@babel+core@7.28.5_@opentelemetry+api@1.9.0_@playwright+test@1.56.1_react-dom@18_7hgdyk63qyoywe26j4c7wzx2ra/node_modules/next/dist/compiled/next-server/app-page.runtime.prod.js:12:47011)
compvss:build:     at nM (/Users/julianclarkson/Documents/Dragonflyone/node_modules/.pnpm/next@14.2.34_@babel+core@7.28.5_@opentelemetry+api@1.9.0_@playwright+test@1.56.1_react-dom@18_7hgdyk63qyoywe26j4c7wzx2ra/node_modules/next/dist/compiled/next-server/app-page.runtime.prod.js:12:47718)
compvss:build:     at nM (/Users/julianclarkson/Documents/Dragonflyone/node_modules/.pnpm/next@14.2.34_@babel+core@7.28.5_@opentelemetry+api@1.9.0_@playwright+test@1.56.1_react-dom@18_7hgdyk63qyoywe26j4c7wzx2ra/node_modules/next/dist/compiled/next-server/app-page.runtime.prod.js:12:61547)
compvss:build:  ⚠ Entire page "/punch-list" deopted into client-side rendering due to "useSearchParams()". Read more: https://nextjs.org/docs/messages/deopted-into-client-rendering
compvss:build:     at n (/Users/julianclarkson/Documents/Dragonflyone/apps/compvss/.next/server/chunks/6939.js:41:676431)
compvss:build:     at h (/Users/julianclarkson/Documents/Dragonflyone/apps/compvss/.next/server/chunks/6939.js:41:687416)
compvss:build:     at m (/Users/julianclarkson/Documents/Dragonflyone/apps/compvss/.next/server/chunks/8072.js:10:4905)
compvss:build:     at d (/Users/julianclarkson/Documents/Dragonflyone/apps/compvss/.next/server/app/punch-list/page.js:1:2464)
compvss:build:     at nj (/Users/julianclarkson/Documents/Dragonflyone/node_modules/.pnpm/next@14.2.34_@babel+core@7.28.5_@opentelemetry+api@1.9.0_@playwright+test@1.56.1_react-dom@18_7hgdyk63qyoywe26j4c7wzx2ra/node_modules/next/dist/compiled/next-server/app-page.runtime.prod.js:12:46252)
compvss:build:     at nM (/Users/julianclarkson/Documents/Dragonflyone/node_modules/.pnpm/next@14.2.34_@babel+core@7.28.5_@opentelemetry+api@1.9.0_@playwright+test@1.56.1_react-dom@18_7hgdyk63qyoywe26j4c7wzx2ra/node_modules/next/dist/compiled/next-server/app-page.runtime.prod.js:12:47572)
compvss:build:     at nL (/Users/julianclarkson/Documents/Dragonflyone/node_modules/.pnpm/next@14.2.34_@babel+core@7.28.5_@opentelemetry+api@1.9.0_@playwright+test@1.56.1_react-dom@18_7hgdyk63qyoywe26j4c7wzx2ra/node_modules/next/dist/compiled/next-server/app-page.runtime.prod.js:12:64547)
compvss:build:     at nI (/Users/julianclarkson/Documents/Dragonflyone/node_modules/.pnpm/next@14.2.34_@babel+core@7.28.5_@opentelemetry+api@1.9.0_@playwright+test@1.56.1_react-dom@18_7hgdyk63qyoywe26j4c7wzx2ra/node_modules/next/dist/compiled/next-server/app-page.runtime.prod.js:12:47011)
compvss:build:     at nM (/Users/julianclarkson/Documents/Dragonflyone/node_modules/.pnpm/next@14.2.34_@babel+core@7.28.5_@opentelemetry+api@1.9.0_@playwright+test@1.56.1_react-dom@18_7hgdyk63qyoywe26j4c7wzx2ra/node_modules/next/dist/compiled/next-server/app-page.runtime.prod.js:12:47718)
compvss:build:     at nM (/Users/julianclarkson/Documents/Dragonflyone/node_modules/.pnpm/next@14.2.34_@babel+core@7.28.5_@opentelemetry+api@1.9.0_@playwright+test@1.56.1_react-dom@18_7hgdyk63qyoywe26j4c7wzx2ra/node_modules/next/dist/compiled/next-server/app-page.runtime.prod.js:12:61547)
compvss:build:    Generating static pages (90/121) 
compvss:build:  ⚠ Entire page "/site-access" deopted into client-side rendering due to "useSearchParams()". Read more: https://nextjs.org/docs/messages/deopted-into-client-rendering
compvss:build:     at n (/Users/julianclarkson/Documents/Dragonflyone/apps/compvss/.next/server/chunks/6939.js:41:676431)
compvss:build:     at h (/Users/julianclarkson/Documents/Dragonflyone/apps/compvss/.next/server/chunks/6939.js:41:687416)
compvss:build:     at m (/Users/julianclarkson/Documents/Dragonflyone/apps/compvss/.next/server/chunks/8072.js:10:4905)
compvss:build:     at p (/Users/julianclarkson/Documents/Dragonflyone/apps/compvss/.next/server/app/site-access/page.js:1:2467)
compvss:build:     at nj (/Users/julianclarkson/Documents/Dragonflyone/node_modules/.pnpm/next@14.2.34_@babel+core@7.28.5_@opentelemetry+api@1.9.0_@playwright+test@1.56.1_react-dom@18_7hgdyk63qyoywe26j4c7wzx2ra/node_modules/next/dist/compiled/next-server/app-page.runtime.prod.js:12:46252)
compvss:build:     at nM (/Users/julianclarkson/Documents/Dragonflyone/node_modules/.pnpm/next@14.2.34_@babel+core@7.28.5_@opentelemetry+api@1.9.0_@playwright+test@1.56.1_react-dom@18_7hgdyk63qyoywe26j4c7wzx2ra/node_modules/next/dist/compiled/next-server/app-page.runtime.prod.js:12:47572)
compvss:build:     at nL (/Users/julianclarkson/Documents/Dragonflyone/node_modules/.pnpm/next@14.2.34_@babel+core@7.28.5_@opentelemetry+api@1.9.0_@playwright+test@1.56.1_react-dom@18_7hgdyk63qyoywe26j4c7wzx2ra/node_modules/next/dist/compiled/next-server/app-page.runtime.prod.js:12:64547)
compvss:build:     at nI (/Users/julianclarkson/Documents/Dragonflyone/node_modules/.pnpm/next@14.2.34_@babel+core@7.28.5_@opentelemetry+api@1.9.0_@playwright+test@1.56.1_react-dom@18_7hgdyk63qyoywe26j4c7wzx2ra/node_modules/next/dist/compiled/next-server/app-page.runtime.prod.js:12:47011)
compvss:build:     at nM (/Users/julianclarkson/Documents/Dragonflyone/node_modules/.pnpm/next@14.2.34_@babel+core@7.28.5_@opentelemetry+api@1.9.0_@playwright+test@1.56.1_react-dom@18_7hgdyk63qyoywe26j4c7wzx2ra/node_modules/next/dist/compiled/next-server/app-page.runtime.prod.js:12:47718)
compvss:build:     at nM (/Users/julianclarkson/Documents/Dragonflyone/node_modules/.pnpm/next@14.2.34_@babel+core@7.28.5_@opentelemetry+api@1.9.0_@playwright+test@1.56.1_react-dom@18_7hgdyk63qyoywe26j4c7wzx2ra/node_modules/next/dist/compiled/next-server/app-page.runtime.prod.js:12:61547)
compvss:build:  ⚠ Entire page "/soundcheck" deopted into client-side rendering due to "useSearchParams()". Read more: https://nextjs.org/docs/messages/deopted-into-client-rendering
compvss:build:     at n (/Users/julianclarkson/Documents/Dragonflyone/apps/compvss/.next/server/chunks/6939.js:41:676431)
compvss:build:     at h (/Users/julianclarkson/Documents/Dragonflyone/apps/compvss/.next/server/chunks/6939.js:41:687416)
compvss:build:     at m (/Users/julianclarkson/Documents/Dragonflyone/apps/compvss/.next/server/chunks/8072.js:10:4905)
compvss:build:     at o (/Users/julianclarkson/Documents/Dragonflyone/apps/compvss/.next/server/app/soundcheck/page.js:1:2452)
compvss:build:     at nj (/Users/julianclarkson/Documents/Dragonflyone/node_modules/.pnpm/next@14.2.34_@babel+core@7.28.5_@opentelemetry+api@1.9.0_@playwright+test@1.56.1_react-dom@18_7hgdyk63qyoywe26j4c7wzx2ra/node_modules/next/dist/compiled/next-server/app-page.runtime.prod.js:12:46252)
compvss:build:     at nM (/Users/julianclarkson/Documents/Dragonflyone/node_modules/.pnpm/next@14.2.34_@babel+core@7.28.5_@opentelemetry+api@1.9.0_@playwright+test@1.56.1_react-dom@18_7hgdyk63qyoywe26j4c7wzx2ra/node_modules/next/dist/compiled/next-server/app-page.runtime.prod.js:12:47572)
compvss:build:     at nL (/Users/julianclarkson/Documents/Dragonflyone/node_modules/.pnpm/next@14.2.34_@babel+core@7.28.5_@opentelemetry+api@1.9.0_@playwright+test@1.56.1_react-dom@18_7hgdyk63qyoywe26j4c7wzx2ra/node_modules/next/dist/compiled/next-server/app-page.runtime.prod.js:12:64547)
compvss:build:     at nI (/Users/julianclarkson/Documents/Dragonflyone/node_modules/.pnpm/next@14.2.34_@babel+core@7.28.5_@opentelemetry+api@1.9.0_@playwright+test@1.56.1_react-dom@18_7hgdyk63qyoywe26j4c7wzx2ra/node_modules/next/dist/compiled/next-server/app-page.runtime.prod.js:12:47011)
compvss:build:     at nM (/Users/julianclarkson/Documents/Dragonflyone/node_modules/.pnpm/next@14.2.34_@babel+core@7.28.5_@opentelemetry+api@1.9.0_@playwright+test@1.56.1_react-dom@18_7hgdyk63qyoywe26j4c7wzx2ra/node_modules/next/dist/compiled/next-server/app-page.runtime.prod.js:12:47718)
compvss:build:     at nM (/Users/julianclarkson/Documents/Dragonflyone/node_modules/.pnpm/next@14.2.34_@babel+core@7.28.5_@opentelemetry+api@1.9.0_@playwright+test@1.56.1_react-dom@18_7hgdyk63qyoywe26j4c7wzx2ra/node_modules/next/dist/compiled/next-server/app-page.runtime.prod.js:12:61547)
compvss:build:  ⚠ Entire page "/show-call" deopted into client-side rendering due to "useSearchParams()". Read more: https://nextjs.org/docs/messages/deopted-into-client-rendering
compvss:build:     at n (/Users/julianclarkson/Documents/Dragonflyone/apps/compvss/.next/server/chunks/6939.js:41:676431)
compvss:build:     at h (/Users/julianclarkson/Documents/Dragonflyone/apps/compvss/.next/server/chunks/6939.js:41:687416)
compvss:build:     at m (/Users/julianclarkson/Documents/Dragonflyone/apps/compvss/.next/server/chunks/8072.js:10:4905)
compvss:build:     at d (/Users/julianclarkson/Documents/Dragonflyone/apps/compvss/.next/server/app/show-call/page.js:1:2458)
compvss:build:     at nj (/Users/julianclarkson/Documents/Dragonflyone/node_modules/.pnpm/next@14.2.34_@babel+core@7.28.5_@opentelemetry+api@1.9.0_@playwright+test@1.56.1_react-dom@18_7hgdyk63qyoywe26j4c7wzx2ra/node_modules/next/dist/compiled/next-server/app-page.runtime.prod.js:12:46252)
compvss:build:     at nM (/Users/julianclarkson/Documents/Dragonflyone/node_modules/.pnpm/next@14.2.34_@babel+core@7.28.5_@opentelemetry+api@1.9.0_@playwright+test@1.56.1_react-dom@18_7hgdyk63qyoywe26j4c7wzx2ra/node_modules/next/dist/compiled/next-server/app-page.runtime.prod.js:12:47572)
compvss:build:     at nL (/Users/julianclarkson/Documents/Dragonflyone/node_modules/.pnpm/next@14.2.34_@babel+core@7.28.5_@opentelemetry+api@1.9.0_@playwright+test@1.56.1_react-dom@18_7hgdyk63qyoywe26j4c7wzx2ra/node_modules/next/dist/compiled/next-server/app-page.runtime.prod.js:12:64547)
compvss:build:     at nI (/Users/julianclarkson/Documents/Dragonflyone/node_modules/.pnpm/next@14.2.34_@babel+core@7.28.5_@opentelemetry+api@1.9.0_@playwright+test@1.56.1_react-dom@18_7hgdyk63qyoywe26j4c7wzx2ra/node_modules/next/dist/compiled/next-server/app-page.runtime.prod.js:12:47011)
compvss:build:     at nM (/Users/julianclarkson/Documents/Dragonflyone/node_modules/.pnpm/next@14.2.34_@babel+core@7.28.5_@opentelemetry+api@1.9.0_@playwright+test@1.56.1_react-dom@18_7hgdyk63qyoywe26j4c7wzx2ra/node_modules/next/dist/compiled/next-server/app-page.runtime.prod.js:12:47718)
compvss:build:     at nM (/Users/julianclarkson/Documents/Dragonflyone/node_modules/.pnpm/next@14.2.34_@babel+core@7.28.5_@opentelemetry+api@1.9.0_@playwright+test@1.56.1_react-dom@18_7hgdyk63qyoywe26j4c7wzx2ra/node_modules/next/dist/compiled/next-server/app-page.runtime.prod.js:12:61547)
compvss:build:  ⚠ Entire page "/tech-rehearsal" deopted into client-side rendering due to "useSearchParams()". Read more: https://nextjs.org/docs/messages/deopted-into-client-rendering
compvss:build:     at n (/Users/julianclarkson/Documents/Dragonflyone/apps/compvss/.next/server/chunks/6939.js:41:676431)
compvss:build:     at h (/Users/julianclarkson/Documents/Dragonflyone/apps/compvss/.next/server/chunks/6939.js:41:687416)
compvss:build:     at m (/Users/julianclarkson/Documents/Dragonflyone/apps/compvss/.next/server/chunks/8072.js:10:4905)
compvss:build:     at x (/Users/julianclarkson/Documents/Dragonflyone/apps/compvss/.next/server/app/tech-rehearsal/page.js:1:2479)
compvss:build:     at nj (/Users/julianclarkson/Documents/Dragonflyone/node_modules/.pnpm/next@14.2.34_@babel+core@7.28.5_@opentelemetry+api@1.9.0_@playwright+test@1.56.1_react-dom@18_7hgdyk63qyoywe26j4c7wzx2ra/node_modules/next/dist/compiled/next-server/app-page.runtime.prod.js:12:46252)
compvss:build:     at nM (/Users/julianclarkson/Documents/Dragonflyone/node_modules/.pnpm/next@14.2.34_@babel+core@7.28.5_@opentelemetry+api@1.9.0_@playwright+test@1.56.1_react-dom@18_7hgdyk63qyoywe26j4c7wzx2ra/node_modules/next/dist/compiled/next-server/app-page.runtime.prod.js:12:47572)
compvss:build:     at nL (/Users/julianclarkson/Documents/Dragonflyone/node_modules/.pnpm/next@14.2.34_@babel+core@7.28.5_@opentelemetry+api@1.9.0_@playwright+test@1.56.1_react-dom@18_7hgdyk63qyoywe26j4c7wzx2ra/node_modules/next/dist/compiled/next-server/app-page.runtime.prod.js:12:64547)
compvss:build:     at nI (/Users/julianclarkson/Documents/Dragonflyone/node_modules/.pnpm/next@14.2.34_@babel+core@7.28.5_@opentelemetry+api@1.9.0_@playwright+test@1.56.1_react-dom@18_7hgdyk63qyoywe26j4c7wzx2ra/node_modules/next/dist/compiled/next-server/app-page.runtime.prod.js:12:47011)
compvss:build:     at nM (/Users/julianclarkson/Documents/Dragonflyone/node_modules/.pnpm/next@14.2.34_@babel+core@7.28.5_@opentelemetry+api@1.9.0_@playwright+test@1.56.1_react-dom@18_7hgdyk63qyoywe26j4c7wzx2ra/node_modules/next/dist/compiled/next-server/app-page.runtime.prod.js:12:47718)
compvss:build:     at nM (/Users/julianclarkson/Documents/Dragonflyone/node_modules/.pnpm/next@14.2.34_@babel+core@7.28.5_@opentelemetry+api@1.9.0_@playwright+test@1.56.1_react-dom@18_7hgdyk63qyoywe26j4c7wzx2ra/node_modules/next/dist/compiled/next-server/app-page.runtime.prod.js:12:61547)
compvss:build:  ⚠ Entire page "/risk-register" deopted into client-side rendering due to "useSearchParams()". Read more: https://nextjs.org/docs/messages/deopted-into-client-rendering
compvss:build:     at n (/Users/julianclarkson/Documents/Dragonflyone/apps/compvss/.next/server/chunks/6939.js:41:676431)
compvss:build:     at h (/Users/julianclarkson/Documents/Dragonflyone/apps/compvss/.next/server/chunks/6939.js:41:687416)
compvss:build:     at m (/Users/julianclarkson/Documents/Dragonflyone/apps/compvss/.next/server/chunks/8072.js:10:4905)
compvss:build:     at d (/Users/julianclarkson/Documents/Dragonflyone/apps/compvss/.next/server/app/risk-register/page.js:1:2482)
compvss:build:     at nj (/Users/julianclarkson/Documents/Dragonflyone/node_modules/.pnpm/next@14.2.34_@babel+core@7.28.5_@opentelemetry+api@1.9.0_@playwright+test@1.56.1_react-dom@18_7hgdyk63qyoywe26j4c7wzx2ra/node_modules/next/dist/compiled/next-server/app-page.runtime.prod.js:12:46252)
compvss:build:     at nM (/Users/julianclarkson/Documents/Dragonflyone/node_modules/.pnpm/next@14.2.34_@babel+core@7.28.5_@opentelemetry+api@1.9.0_@playwright+test@1.56.1_react-dom@18_7hgdyk63qyoywe26j4c7wzx2ra/node_modules/next/dist/compiled/next-server/app-page.runtime.prod.js:12:47572)
compvss:build:     at nL (/Users/julianclarkson/Documents/Dragonflyone/node_modules/.pnpm/next@14.2.34_@babel+core@7.28.5_@opentelemetry+api@1.9.0_@playwright+test@1.56.1_react-dom@18_7hgdyk63qyoywe26j4c7wzx2ra/node_modules/next/dist/compiled/next-server/app-page.runtime.prod.js:12:64547)
compvss:build:     at nI (/Users/julianclarkson/Documents/Dragonflyone/node_modules/.pnpm/next@14.2.34_@babel+core@7.28.5_@opentelemetry+api@1.9.0_@playwright+test@1.56.1_react-dom@18_7hgdyk63qyoywe26j4c7wzx2ra/node_modules/next/dist/compiled/next-server/app-page.runtime.prod.js:12:47011)
compvss:build:     at nM (/Users/julianclarkson/Documents/Dragonflyone/node_modules/.pnpm/next@14.2.34_@babel+core@7.28.5_@opentelemetry+api@1.9.0_@playwright+test@1.56.1_react-dom@18_7hgdyk63qyoywe26j4c7wzx2ra/node_modules/next/dist/compiled/next-server/app-page.runtime.prod.js:12:47718)
compvss:build:     at nM (/Users/julianclarkson/Documents/Dragonflyone/node_modules/.pnpm/next@14.2.34_@babel+core@7.28.5_@opentelemetry+api@1.9.0_@playwright+test@1.56.1_react-dom@18_7hgdyk63qyoywe26j4c7wzx2ra/node_modules/next/dist/compiled/next-server/app-page.runtime.prod.js:12:61547)
compvss:build:  ⚠ Entire page "/settlement" deopted into client-side rendering due to "useSearchParams()". Read more: https://nextjs.org/docs/messages/deopted-into-client-rendering
compvss:build:     at n (/Users/julianclarkson/Documents/Dragonflyone/apps/compvss/.next/server/chunks/6939.js:41:676431)
compvss:build:     at h (/Users/julianclarkson/Documents/Dragonflyone/apps/compvss/.next/server/chunks/6939.js:41:687416)
compvss:build:     at m (/Users/julianclarkson/Documents/Dragonflyone/apps/compvss/.next/server/chunks/8072.js:10:4905)
compvss:build:     at d (/Users/julianclarkson/Documents/Dragonflyone/apps/compvss/.next/server/app/settlement/page.js:1:2464)
compvss:build:     at nj (/Users/julianclarkson/Documents/Dragonflyone/node_modules/.pnpm/next@14.2.34_@babel+core@7.28.5_@opentelemetry+api@1.9.0_@playwright+test@1.56.1_react-dom@18_7hgdyk63qyoywe26j4c7wzx2ra/node_modules/next/dist/compiled/next-server/app-page.runtime.prod.js:12:46252)
compvss:build:     at nM (/Users/julianclarkson/Documents/Dragonflyone/node_modules/.pnpm/next@14.2.34_@babel+core@7.28.5_@opentelemetry+api@1.9.0_@playwright+test@1.56.1_react-dom@18_7hgdyk63qyoywe26j4c7wzx2ra/node_modules/next/dist/compiled/next-server/app-page.runtime.prod.js:12:47572)
compvss:build:     at nL (/Users/julianclarkson/Documents/Dragonflyone/node_modules/.pnpm/next@14.2.34_@babel+core@7.28.5_@opentelemetry+api@1.9.0_@playwright+test@1.56.1_react-dom@18_7hgdyk63qyoywe26j4c7wzx2ra/node_modules/next/dist/compiled/next-server/app-page.runtime.prod.js:12:64547)
compvss:build:     at nI (/Users/julianclarkson/Documents/Dragonflyone/node_modules/.pnpm/next@14.2.34_@babel+core@7.28.5_@opentelemetry+api@1.9.0_@playwright+test@1.56.1_react-dom@18_7hgdyk63qyoywe26j4c7wzx2ra/node_modules/next/dist/compiled/next-server/app-page.runtime.prod.js:12:47011)
compvss:build:     at nM (/Users/julianclarkson/Documents/Dragonflyone/node_modules/.pnpm/next@14.2.34_@babel+core@7.28.5_@opentelemetry+api@1.9.0_@playwright+test@1.56.1_react-dom@18_7hgdyk63qyoywe26j4c7wzx2ra/node_modules/next/dist/compiled/next-server/app-page.runtime.prod.js:12:47718)
compvss:build:     at nM (/Users/julianclarkson/Documents/Dragonflyone/node_modules/.pnpm/next@14.2.34_@babel+core@7.28.5_@opentelemetry+api@1.9.0_@playwright+test@1.56.1_react-dom@18_7hgdyk63qyoywe26j4c7wzx2ra/node_modules/next/dist/compiled/next-server/app-page.runtime.prod.js:12:61547)
compvss:build:  ⚠ Entire page "/social-amplification" deopted into client-side rendering due to "useSearchParams()". Read more: https://nextjs.org/docs/messages/deopted-into-client-rendering
compvss:build:     at n (/Users/julianclarkson/Documents/Dragonflyone/apps/compvss/.next/server/chunks/6939.js:41:676431)
compvss:build:     at h (/Users/julianclarkson/Documents/Dragonflyone/apps/compvss/.next/server/chunks/6939.js:41:687416)
compvss:build:     at m (/Users/julianclarkson/Documents/Dragonflyone/apps/compvss/.next/server/chunks/8072.js:10:4905)
compvss:build:     at x (/Users/julianclarkson/Documents/Dragonflyone/apps/compvss/.next/server/app/social-amplification/page.js:1:2523)
compvss:build:     at nj (/Users/julianclarkson/Documents/Dragonflyone/node_modules/.pnpm/next@14.2.34_@babel+core@7.28.5_@opentelemetry+api@1.9.0_@playwright+test@1.56.1_react-dom@18_7hgdyk63qyoywe26j4c7wzx2ra/node_modules/next/dist/compiled/next-server/app-page.runtime.prod.js:12:46252)
compvss:build:     at nM (/Users/julianclarkson/Documents/Dragonflyone/node_modules/.pnpm/next@14.2.34_@babel+core@7.28.5_@opentelemetry+api@1.9.0_@playwright+test@1.56.1_react-dom@18_7hgdyk63qyoywe26j4c7wzx2ra/node_modules/next/dist/compiled/next-server/app-page.runtime.prod.js:12:47572)
compvss:build:     at nL (/Users/julianclarkson/Documents/Dragonflyone/node_modules/.pnpm/next@14.2.34_@babel+core@7.28.5_@opentelemetry+api@1.9.0_@playwright+test@1.56.1_react-dom@18_7hgdyk63qyoywe26j4c7wzx2ra/node_modules/next/dist/compiled/next-server/app-page.runtime.prod.js:12:64547)
compvss:build:     at nI (/Users/julianclarkson/Documents/Dragonflyone/node_modules/.pnpm/next@14.2.34_@babel+core@7.28.5_@opentelemetry+api@1.9.0_@playwright+test@1.56.1_react-dom@18_7hgdyk63qyoywe26j4c7wzx2ra/node_modules/next/dist/compiled/next-server/app-page.runtime.prod.js:12:47011)
compvss:build:     at nM (/Users/julianclarkson/Documents/Dragonflyone/node_modules/.pnpm/next@14.2.34_@babel+core@7.28.5_@opentelemetry+api@1.9.0_@playwright+test@1.56.1_react-dom@18_7hgdyk63qyoywe26j4c7wzx2ra/node_modules/next/dist/compiled/next-server/app-page.runtime.prod.js:12:47718)
compvss:build:     at nM (/Users/julianclarkson/Documents/Dragonflyone/node_modules/.pnpm/next@14.2.34_@babel+core@7.28.5_@opentelemetry+api@1.9.0_@playwright+test@1.56.1_react-dom@18_7hgdyk63qyoywe26j4c7wzx2ra/node_modules/next/dist/compiled/next-server/app-page.runtime.prod.js:12:61547)
compvss:build:  ⚠ Entire page "/stakeholder-portal" deopted into client-side rendering due to "useSearchParams()". Read more: https://nextjs.org/docs/messages/deopted-into-client-rendering
compvss:build:     at n (/Users/julianclarkson/Documents/Dragonflyone/apps/compvss/.next/server/chunks/6939.js:41:676431)
compvss:build:     at h (/Users/julianclarkson/Documents/Dragonflyone/apps/compvss/.next/server/chunks/6939.js:41:687416)
compvss:build:     at m (/Users/julianclarkson/Documents/Dragonflyone/apps/compvss/.next/server/chunks/8072.js:10:4905)
compvss:build:     at p (/Users/julianclarkson/Documents/Dragonflyone/apps/compvss/.next/server/app/stakeholder-portal/page.js:1:2505)
compvss:build:     at nj (/Users/julianclarkson/Documents/Dragonflyone/node_modules/.pnpm/next@14.2.34_@babel+core@7.28.5_@opentelemetry+api@1.9.0_@playwright+test@1.56.1_react-dom@18_7hgdyk63qyoywe26j4c7wzx2ra/node_modules/next/dist/compiled/next-server/app-page.runtime.prod.js:12:46252)
compvss:build:     at nM (/Users/julianclarkson/Documents/Dragonflyone/node_modules/.pnpm/next@14.2.34_@babel+core@7.28.5_@opentelemetry+api@1.9.0_@playwright+test@1.56.1_react-dom@18_7hgdyk63qyoywe26j4c7wzx2ra/node_modules/next/dist/compiled/next-server/app-page.runtime.prod.js:12:47572)
compvss:build:     at nL (/Users/julianclarkson/Documents/Dragonflyone/node_modules/.pnpm/next@14.2.34_@babel+core@7.28.5_@opentelemetry+api@1.9.0_@playwright+test@1.56.1_react-dom@18_7hgdyk63qyoywe26j4c7wzx2ra/node_modules/next/dist/compiled/next-server/app-page.runtime.prod.js:12:64547)
compvss:build:     at nI (/Users/julianclarkson/Documents/Dragonflyone/node_modules/.pnpm/next@14.2.34_@babel+core@7.28.5_@opentelemetry+api@1.9.0_@playwright+test@1.56.1_react-dom@18_7hgdyk63qyoywe26j4c7wzx2ra/node_modules/next/dist/compiled/next-server/app-page.runtime.prod.js:12:47011)
compvss:build:     at nM (/Users/julianclarkson/Documents/Dragonflyone/node_modules/.pnpm/next@14.2.34_@babel+core@7.28.5_@opentelemetry+api@1.9.0_@playwright+test@1.56.1_react-dom@18_7hgdyk63qyoywe26j4c7wzx2ra/node_modules/next/dist/compiled/next-server/app-page.runtime.prod.js:12:47718)
compvss:build:     at nM (/Users/julianclarkson/Documents/Dragonflyone/node_modules/.pnpm/next@14.2.34_@babel+core@7.28.5_@opentelemetry+api@1.9.0_@playwright+test@1.56.1_react-dom@18_7hgdyk63qyoywe26j4c7wzx2ra/node_modules/next/dist/compiled/next-server/app-page.runtime.prod.js:12:61547)
compvss:build:  ⚠ Entire page "/sops/training" deopted into client-side rendering due to "useSearchParams()". Read more: https://nextjs.org/docs/messages/deopted-into-client-rendering
compvss:build:     at n (/Users/julianclarkson/Documents/Dragonflyone/apps/compvss/.next/server/chunks/6939.js:41:676431)
compvss:build:     at h (/Users/julianclarkson/Documents/Dragonflyone/apps/compvss/.next/server/chunks/6939.js:41:687416)
compvss:build:     at w (/Users/julianclarkson/Documents/Dragonflyone/apps/compvss/.next/server/app/sops/training/page.js:1:4071)
compvss:build:     at nj (/Users/julianclarkson/Documents/Dragonflyone/node_modules/.pnpm/next@14.2.34_@babel+core@7.28.5_@opentelemetry+api@1.9.0_@playwright+test@1.56.1_react-dom@18_7hgdyk63qyoywe26j4c7wzx2ra/node_modules/next/dist/compiled/next-server/app-page.runtime.prod.js:12:46252)
compvss:build:     at nM (/Users/julianclarkson/Documents/Dragonflyone/node_modules/.pnpm/next@14.2.34_@babel+core@7.28.5_@opentelemetry+api@1.9.0_@playwright+test@1.56.1_react-dom@18_7hgdyk63qyoywe26j4c7wzx2ra/node_modules/next/dist/compiled/next-server/app-page.runtime.prod.js:12:47572)
compvss:build:     at nL (/Users/julianclarkson/Documents/Dragonflyone/node_modules/.pnpm/next@14.2.34_@babel+core@7.28.5_@opentelemetry+api@1.9.0_@playwright+test@1.56.1_react-dom@18_7hgdyk63qyoywe26j4c7wzx2ra/node_modules/next/dist/compiled/next-server/app-page.runtime.prod.js:12:64547)
compvss:build:     at nI (/Users/julianclarkson/Documents/Dragonflyone/node_modules/.pnpm/next@14.2.34_@babel+core@7.28.5_@opentelemetry+api@1.9.0_@playwright+test@1.56.1_react-dom@18_7hgdyk63qyoywe26j4c7wzx2ra/node_modules/next/dist/compiled/next-server/app-page.runtime.prod.js:12:47011)
compvss:build:     at nM (/Users/julianclarkson/Documents/Dragonflyone/node_modules/.pnpm/next@14.2.34_@babel+core@7.28.5_@opentelemetry+api@1.9.0_@playwright+test@1.56.1_react-dom@18_7hgdyk63qyoywe26j4c7wzx2ra/node_modules/next/dist/compiled/next-server/app-page.runtime.prod.js:12:47718)
compvss:build:     at nM (/Users/julianclarkson/Documents/Dragonflyone/node_modules/.pnpm/next@14.2.34_@babel+core@7.28.5_@opentelemetry+api@1.9.0_@playwright+test@1.56.1_react-dom@18_7hgdyk63qyoywe26j4c7wzx2ra/node_modules/next/dist/compiled/next-server/app-page.runtime.prod.js:12:61547)
compvss:build:     at nL (/Users/julianclarkson/Documents/Dragonflyone/node_modules/.pnpm/next@14.2.34_@babel+core@7.28.5_@opentelemetry+api@1.9.0_@playwright+test@1.56.1_react-dom@18_7hgdyk63qyoywe26j4c7wzx2ra/node_modules/next/dist/compiled/next-server/app-page.runtime.prod.js:12:64547)
compvss:build:  ⚠ Entire page "/vip-management" deopted into client-side rendering due to "useSearchParams()". Read more: https://nextjs.org/docs/messages/deopted-into-client-rendering
compvss:build:     at n (/Users/julianclarkson/Documents/Dragonflyone/apps/compvss/.next/server/chunks/6939.js:41:676431)
compvss:build:     at h (/Users/julianclarkson/Documents/Dragonflyone/apps/compvss/.next/server/chunks/6939.js:41:687416)
compvss:build:     at m (/Users/julianclarkson/Documents/Dragonflyone/apps/compvss/.next/server/chunks/8072.js:10:4905)
compvss:build:     at u (/Users/julianclarkson/Documents/Dragonflyone/apps/compvss/.next/server/app/vip-management/page.js:1:2484)
compvss:build:     at nj (/Users/julianclarkson/Documents/Dragonflyone/node_modules/.pnpm/next@14.2.34_@babel+core@7.28.5_@opentelemetry+api@1.9.0_@playwright+test@1.56.1_react-dom@18_7hgdyk63qyoywe26j4c7wzx2ra/node_modules/next/dist/compiled/next-server/app-page.runtime.prod.js:12:46252)
compvss:build:     at nM (/Users/julianclarkson/Documents/Dragonflyone/node_modules/.pnpm/next@14.2.34_@babel+core@7.28.5_@opentelemetry+api@1.9.0_@playwright+test@1.56.1_react-dom@18_7hgdyk63qyoywe26j4c7wzx2ra/node_modules/next/dist/compiled/next-server/app-page.runtime.prod.js:12:47572)
compvss:build:     at nL (/Users/julianclarkson/Documents/Dragonflyone/node_modules/.pnpm/next@14.2.34_@babel+core@7.28.5_@opentelemetry+api@1.9.0_@playwright+test@1.56.1_react-dom@18_7hgdyk63qyoywe26j4c7wzx2ra/node_modules/next/dist/compiled/next-server/app-page.runtime.prod.js:12:64547)
compvss:build:     at nI (/Users/julianclarkson/Documents/Dragonflyone/node_modules/.pnpm/next@14.2.34_@babel+core@7.28.5_@opentelemetry+api@1.9.0_@playwright+test@1.56.1_react-dom@18_7hgdyk63qyoywe26j4c7wzx2ra/node_modules/next/dist/compiled/next-server/app-page.runtime.prod.js:12:47011)
compvss:build:     at nM (/Users/julianclarkson/Documents/Dragonflyone/node_modules/.pnpm/next@14.2.34_@babel+core@7.28.5_@opentelemetry+api@1.9.0_@playwright+test@1.56.1_react-dom@18_7hgdyk63qyoywe26j4c7wzx2ra/node_modules/next/dist/compiled/next-server/app-page.runtime.prod.js:12:47718)
compvss:build:     at nM (/Users/julianclarkson/Documents/Dragonflyone/node_modules/.pnpm/next@14.2.34_@babel+core@7.28.5_@opentelemetry+api@1.9.0_@playwright+test@1.56.1_react-dom@18_7hgdyk63qyoywe26j4c7wzx2ra/node_modules/next/dist/compiled/next-server/app-page.runtime.prod.js:12:61547)
compvss:build:  ⚠ Entire page "/sops/acknowledgments" deopted into client-side rendering due to "useSearchParams()". Read more: https://nextjs.org/docs/messages/deopted-into-client-rendering
compvss:build:     at n (/Users/julianclarkson/Documents/Dragonflyone/apps/compvss/.next/server/chunks/6939.js:41:676431)
compvss:build:     at h (/Users/julianclarkson/Documents/Dragonflyone/apps/compvss/.next/server/chunks/6939.js:41:687416)
compvss:build:     at m (/Users/julianclarkson/Documents/Dragonflyone/apps/compvss/.next/server/app/sops/acknowledgments/page.js:1:3419)
compvss:build:     at nj (/Users/julianclarkson/Documents/Dragonflyone/node_modules/.pnpm/next@14.2.34_@babel+core@7.28.5_@opentelemetry+api@1.9.0_@playwright+test@1.56.1_react-dom@18_7hgdyk63qyoywe26j4c7wzx2ra/node_modules/next/dist/compiled/next-server/app-page.runtime.prod.js:12:46252)
compvss:build:     at nM (/Users/julianclarkson/Documents/Dragonflyone/node_modules/.pnpm/next@14.2.34_@babel+core@7.28.5_@opentelemetry+api@1.9.0_@playwright+test@1.56.1_react-dom@18_7hgdyk63qyoywe26j4c7wzx2ra/node_modules/next/dist/compiled/next-server/app-page.runtime.prod.js:12:47572)
compvss:build:     at nL (/Users/julianclarkson/Documents/Dragonflyone/node_modules/.pnpm/next@14.2.34_@babel+core@7.28.5_@opentelemetry+api@1.9.0_@playwright+test@1.56.1_react-dom@18_7hgdyk63qyoywe26j4c7wzx2ra/node_modules/next/dist/compiled/next-server/app-page.runtime.prod.js:12:64547)
compvss:build:     at nI (/Users/julianclarkson/Documents/Dragonflyone/node_modules/.pnpm/next@14.2.34_@babel+core@7.28.5_@opentelemetry+api@1.9.0_@playwright+test@1.56.1_react-dom@18_7hgdyk63qyoywe26j4c7wzx2ra/node_modules/next/dist/compiled/next-server/app-page.runtime.prod.js:12:47011)
compvss:build:     at nM (/Users/julianclarkson/Documents/Dragonflyone/node_modules/.pnpm/next@14.2.34_@babel+core@7.28.5_@opentelemetry+api@1.9.0_@playwright+test@1.56.1_react-dom@18_7hgdyk63qyoywe26j4c7wzx2ra/node_modules/next/dist/compiled/next-server/app-page.runtime.prod.js:12:47718)
compvss:build:     at nM (/Users/julianclarkson/Documents/Dragonflyone/node_modules/.pnpm/next@14.2.34_@babel+core@7.28.5_@opentelemetry+api@1.9.0_@playwright+test@1.56.1_react-dom@18_7hgdyk63qyoywe26j4c7wzx2ra/node_modules/next/dist/compiled/next-server/app-page.runtime.prod.js:12:61547)
compvss:build:     at nL (/Users/julianclarkson/Documents/Dragonflyone/node_modules/.pnpm/next@14.2.34_@babel+core@7.28.5_@opentelemetry+api@1.9.0_@playwright+test@1.56.1_react-dom@18_7hgdyk63qyoywe26j4c7wzx2ra/node_modules/next/dist/compiled/next-server/app-page.runtime.prod.js:12:64547)
compvss:build:  ⚠ Entire page "/weather-contingency" deopted into client-side rendering due to "useSearchParams()". Read more: https://nextjs.org/docs/messages/deopted-into-client-rendering
compvss:build:     at n (/Users/julianclarkson/Documents/Dragonflyone/apps/compvss/.next/server/chunks/6939.js:41:676431)
compvss:build:     at h (/Users/julianclarkson/Documents/Dragonflyone/apps/compvss/.next/server/chunks/6939.js:41:687416)
compvss:build:     at m (/Users/julianclarkson/Documents/Dragonflyone/apps/compvss/.next/server/chunks/8072.js:10:4905)
compvss:build:     at d (/Users/julianclarkson/Documents/Dragonflyone/apps/compvss/.next/server/app/weather-contingency/page.js:1:2517)
compvss:build:     at nj (/Users/julianclarkson/Documents/Dragonflyone/node_modules/.pnpm/next@14.2.34_@babel+core@7.28.5_@opentelemetry+api@1.9.0_@playwright+test@1.56.1_react-dom@18_7hgdyk63qyoywe26j4c7wzx2ra/node_modules/next/dist/compiled/next-server/app-page.runtime.prod.js:12:46252)
compvss:build:     at nM (/Users/julianclarkson/Documents/Dragonflyone/node_modules/.pnpm/next@14.2.34_@babel+core@7.28.5_@opentelemetry+api@1.9.0_@playwright+test@1.56.1_react-dom@18_7hgdyk63qyoywe26j4c7wzx2ra/node_modules/next/dist/compiled/next-server/app-page.runtime.prod.js:12:47572)
compvss:build:     at nL (/Users/julianclarkson/Documents/Dragonflyone/node_modules/.pnpm/next@14.2.34_@babel+core@7.28.5_@opentelemetry+api@1.9.0_@playwright+test@1.56.1_react-dom@18_7hgdyk63qyoywe26j4c7wzx2ra/node_modules/next/dist/compiled/next-server/app-page.runtime.prod.js:12:64547)
compvss:build:     at nI (/Users/julianclarkson/Documents/Dragonflyone/node_modules/.pnpm/next@14.2.34_@babel+core@7.28.5_@opentelemetry+api@1.9.0_@playwright+test@1.56.1_react-dom@18_7hgdyk63qyoywe26j4c7wzx2ra/node_modules/next/dist/compiled/next-server/app-page.runtime.prod.js:12:47011)
compvss:build:     at nM (/Users/julianclarkson/Documents/Dragonflyone/node_modules/.pnpm/next@14.2.34_@babel+core@7.28.5_@opentelemetry+api@1.9.0_@playwright+test@1.56.1_react-dom@18_7hgdyk63qyoywe26j4c7wzx2ra/node_modules/next/dist/compiled/next-server/app-page.runtime.prod.js:12:47718)
compvss:build:     at nM (/Users/julianclarkson/Documents/Dragonflyone/node_modules/.pnpm/next@14.2.34_@babel+core@7.28.5_@opentelemetry+api@1.9.0_@playwright+test@1.56.1_react-dom@18_7hgdyk63qyoywe26j4c7wzx2ra/node_modules/next/dist/compiled/next-server/app-page.runtime.prod.js:12:61547)
compvss:build:  ✓ Generating static pages (121/121)
compvss:build: 
compvss:build: > Build error occurred
compvss:build: PageNotFoundError: Cannot find module for page: /_error
compvss:build:     at getPagePath (/Users/julianclarkson/Documents/Dragonflyone/node_modules/.pnpm/next@14.2.34_@babel+core@7.28.5_@opentelemetry+api@1.9.0_@playwright+test@1.56.1_react-dom@18_7hgdyk63qyoywe26j4c7wzx2ra/node_modules/next/dist/server/require.js:94:15)
compvss:build:     at /Users/julianclarkson/Documents/Dragonflyone/node_modules/.pnpm/next@14.2.34_@babel+core@7.28.5_@opentelemetry+api@1.9.0_@playwright+test@1.56.1_react-dom@18_7hgdyk63qyoywe26j4c7wzx2ra/node_modules/next/dist/build/index.js:1855:71
compvss:build:     at Span.traceAsyncFn (/Users/julianclarkson/Documents/Dragonflyone/node_modules/.pnpm/next@14.2.34_@babel+core@7.28.5_@opentelemetry+api@1.9.0_@playwright+test@1.56.1_react-dom@18_7hgdyk63qyoywe26j4c7wzx2ra/node_modules/next/dist/trace/trace.js:154:26)
compvss:build:     at moveExportedPage (/Users/julianclarkson/Documents/Dragonflyone/node_modules/.pnpm/next@14.2.34_@babel+core@7.28.5_@opentelemetry+api@1.9.0_@playwright+test@1.56.1_react-dom@18_7hgdyk63qyoywe26j4c7wzx2ra/node_modules/next/dist/build/index.js:1852:86)
compvss:build:     at /Users/julianclarkson/Documents/Dragonflyone/node_modules/.pnpm/next@14.2.34_@babel+core@7.28.5_@opentelemetry+api@1.9.0_@playwright+test@1.56.1_react-dom@18_7hgdyk63qyoywe26j4c7wzx2ra/node_modules/next/dist/build/index.js:1924:31
compvss:build:     at async Span.traceAsyncFn (/Users/julianclarkson/Documents/Dragonflyone/node_modules/.pnpm/next@14.2.34_@babel+core@7.28.5_@opentelemetry+api@1.9.0_@playwright+test@1.56.1_react-dom@18_7hgdyk63qyoywe26j4c7wzx2ra/node_modules/next/dist/trace/trace.js:154:20)
compvss:build:     at async /Users/julianclarkson/Documents/Dragonflyone/node_modules/.pnpm/next@14.2.34_@babel+core@7.28.5_@opentelemetry+api@1.9.0_@playwright+test@1.56.1_react-dom@18_7hgdyk63qyoywe26j4c7wzx2ra/node_modules/next/dist/build/index.js:1546:17
compvss:build:     at async Span.traceAsyncFn (/Users/julianclarkson/Documents/Dragonflyone/node_modules/.pnpm/next@14.2.34_@babel+core@7.28.5_@opentelemetry+api@1.9.0_@playwright+test@1.56.1_react-dom@18_7hgdyk63qyoywe26j4c7wzx2ra/node_modules/next/dist/trace/trace.js:154:20)
compvss:build:     at async build (/Users/julianclarkson/Documents/Dragonflyone/node_modules/.pnpm/next@14.2.34_@babel+core@7.28.5_@opentelemetry+api@1.9.0_@playwright+test@1.56.1_react-dom@18_7hgdyk63qyoywe26j4c7wzx2ra/node_modules/next/dist/build/index.js:368:9) {
compvss:build:   code: 'ENOENT'
compvss:build: }
compvss:build:  ELIFECYCLE  Command failed with exit code 1.
compvss:build: ERROR: command finished with error: command (/Users/julianclarkson/Documents/Dragonflyone/apps/compvss) /Users/julianclarkson/Library/pnpm/.tools/@pnpm+macos-arm64/9.0.0/bin/pnpm run build exited (1)
compvss#build: command (/Users/julianclarkson/Documents/Dragonflyone/apps/compvss) /Users/julianclarkson/Library/pnpm/.tools/@pnpm+macos-arm64/9.0.0/bin/pnpm run build exited (1)

 Tasks:    2 successful, 3 total
Cached:    0 cached, 3 total
  Time:    28.554s 
Failed:    compvss#build

 ERROR  run failed: command  exited (1)
turbo 2.6.1

• Packages in scope: gvteway
• Running build in 1 packages
• Remote caching disabled
@ghxstship/config:build: cache miss, executing 698dc45755f2779b
@ghxstship/ui:build: cache miss, executing ca10119b37d86480
@ghxstship/config:build: 
@ghxstship/config:build: > @ghxstship/config@0.0.1 build /Users/julianclarkson/Documents/Dragonflyone/packages/config
@ghxstship/config:build: > tsc -p tsconfig.json
@ghxstship/config:build: 
@ghxstship/ui:build: 
@ghxstship/ui:build: > @ghxstship/ui@0.0.1 build /Users/julianclarkson/Documents/Dragonflyone/packages/ui
@ghxstship/ui:build: > tsc -p tsconfig.json
@ghxstship/ui:build: 
gvteway:build: cache miss, executing 7644bbabd533e8ea
gvteway:build: 
gvteway:build: > gvteway@0.1.0 build /Users/julianclarkson/Documents/Dragonflyone/apps/gvteway
gvteway:build: > NODE_OPTIONS='--max-old-space-size=8192' next build
gvteway:build: 
gvteway:build:   ▲ Next.js 14.2.34
gvteway:build:   - Environments: .env.local
gvteway:build:   - Experiments (use with caution):
gvteway:build:     · cpus
gvteway:build: 
gvteway:build:    Creating an optimized production build ...
gvteway:build: node:internal/process/promises:394
gvteway:build:     triggerUncaughtException(err, true /* fromPromise */);
gvteway:build:     ^
gvteway:build: 
gvteway:build: [Error: ENOENT: no such file or directory, stat '/Users/julianclarkson/Documents/Dragonflyone/apps/gvteway/.next/cache/webpack/client-production/1.pack'] {
gvteway:build:   errno: -2,
gvteway:build:   code: 'ENOENT',
gvteway:build:   syscall: 'stat',
gvteway:build:   path: '/Users/julianclarkson/Documents/Dragonflyone/apps/gvteway/.next/cache/webpack/client-production/1.pack'
gvteway:build: }
gvteway:build: 
gvteway:build: Node.js v22.14.0
gvteway:build: Next.js build worker exited with code: 1 and signal: null
gvteway:build:  ELIFECYCLE  Command failed with exit code 1.
gvteway:build: ERROR: command finished with error: command (/Users/julianclarkson/Documents/Dragonflyone/apps/gvteway) /Users/julianclarkson/Library/pnpm/.tools/@pnpm+macos-arm64/9.0.0/bin/pnpm run build exited (1)
gvteway#build: command (/Users/julianclarkson/Documents/Dragonflyone/apps/gvteway) /Users/julianclarkson/Library/pnpm/.tools/@pnpm+macos-arm64/9.0.0/bin/pnpm run build exited (1)

 Tasks:    2 successful, 3 total
Cached:    0 cached, 3 total
  Time:    25.61s 
Failed:    gvteway#build

 ERROR  run failed: command  exited (1)

--- SUMMARY ---
STATUS: ERRORS FOUND - Remediation required
