
> atlvs@0.1.0 lint /Users/julianclarkson/Documents/Dragonflyone/apps/atlvs
> next lint --max-warnings 9999


./src/app/analytics/kpi/[code]/page.tsx
12:3  Warning: 'CardBody' is defined but never used. Allowed unused vars must match /^_/u.  @typescript-eslint/no-unused-vars
18:3  Warning: 'SectionHeader' is defined but never used. Allowed unused vars must match /^_/u.  @typescript-eslint/no-unused-vars
20:3  Warning: 'StatCard' is defined but never used. Allowed unused vars must match /^_/u.  @typescript-eslint/no-unused-vars
24:10  Warning: 'ArrowLeft' is defined but never used. Allowed unused vars must match /^_/u.  @typescript-eslint/no-unused-vars
24:21  Warning: 'TrendingUp' is defined but never used. Allowed unused vars must match /^_/u.  @typescript-eslint/no-unused-vars
24:33  Warning: 'Target' is defined but never used. Allowed unused vars must match /^_/u.  @typescript-eslint/no-unused-vars
24:41  Warning: 'AlertTriangle' is defined but never used. Allowed unused vars must match /^_/u.  @typescript-eslint/no-unused-vars
24:56  Warning: 'Activity' is defined but never used. Allowed unused vars must match /^_/u.  @typescript-eslint/no-unused-vars

./src/app/api/account-health/route.ts
101:42  Warning: Unexpected any. Specify a different type.  @typescript-eslint/no-explicit-any
110:61  Warning: Unexpected any. Specify a different type.  @typescript-eslint/no-explicit-any

./src/app/api/accounts-receivable/route.ts
82:45  Warning: Unexpected any. Specify a different type.  @typescript-eslint/no-explicit-any
126:57  Warning: Unexpected any. Specify a different type.  @typescript-eslint/no-explicit-any
127:59  Warning: Unexpected any. Specify a different type.  @typescript-eslint/no-explicit-any
128:60  Warning: Unexpected any. Specify a different type.  @typescript-eslint/no-explicit-any
129:60  Warning: Unexpected any. Specify a different type.  @typescript-eslint/no-explicit-any
130:57  Warning: Unexpected any. Specify a different type.  @typescript-eslint/no-explicit-any
134:45  Warning: Unexpected any. Specify a different type.  @typescript-eslint/no-explicit-any
214:48  Warning: Unexpected any. Specify a different type.  @typescript-eslint/no-explicit-any
308:19  Warning: Unexpected any. Specify a different type.  @typescript-eslint/no-explicit-any
470:19  Warning: Unexpected any. Specify a different type.  @typescript-eslint/no-explicit-any
499:19  Warning: Unexpected any. Specify a different type.  @typescript-eslint/no-explicit-any
543:19  Warning: Unexpected any. Specify a different type.  @typescript-eslint/no-explicit-any

./src/app/api/advances/[id]/approve/route.ts
18:41  Warning: Unexpected any. Specify a different type.  @typescript-eslint/no-explicit-any
68:21  Warning: Unexpected any. Specify a different type.  @typescript-eslint/no-explicit-any

./src/app/api/advances/[id]/reject/route.ts
17:41  Warning: Unexpected any. Specify a different type.  @typescript-eslint/no-explicit-any
66:21  Warning: Unexpected any. Specify a different type.  @typescript-eslint/no-explicit-any

./src/app/api/advances/[id]/route.ts
12:41  Warning: Unexpected any. Specify a different type.  @typescript-eslint/no-explicit-any
55:21  Warning: Unexpected any. Specify a different type.  @typescript-eslint/no-explicit-any

./src/app/api/advances/route.ts
71:46  Warning: Unexpected any. Specify a different type.  @typescript-eslint/no-explicit-any
86:21  Warning: Unexpected any. Specify a different type.  @typescript-eslint/no-explicit-any

./src/app/api/advancing/analytics/route.ts
116:19  Warning: Unexpected any. Specify a different type.  @typescript-eslint/no-explicit-any

./src/app/api/advancing/batch/route.ts
58:19  Warning: Unexpected any. Specify a different type.  @typescript-eslint/no-explicit-any
76:9  Warning: Unexpected any. Specify a different type.  @typescript-eslint/no-explicit-any
154:9  Warning: Unexpected any. Specify a different type.  @typescript-eslint/no-explicit-any
224:9  Warning: Unexpected any. Specify a different type.  @typescript-eslint/no-explicit-any

./src/app/api/advancing/catalog/categories/route.ts
12:27  Warning: 'request' is defined but never used. Allowed unused args must match /^_/u.  @typescript-eslint/no-unused-vars

./src/app/api/advancing/requests/[id]/fulfill/route.ts
76:32  Warning: Unexpected any. Specify a different type.  @typescript-eslint/no-explicit-any
78:43  Warning: Unexpected any. Specify a different type.  @typescript-eslint/no-explicit-any
118:52  Warning: Unexpected any. Specify a different type.  @typescript-eslint/no-explicit-any
119:50  Warning: Unexpected any. Specify a different type.  @typescript-eslint/no-explicit-any
129:77  Warning: Unexpected any. Specify a different type.  @typescript-eslint/no-explicit-any

./src/app/api/advancing/requests/route.ts
167:80  Warning: Unexpected any. Specify a different type.  @typescript-eslint/no-explicit-any

./src/app/api/ai/competitive-intelligence/route.ts
189:40  Warning: Unexpected any. Specify a different type.  @typescript-eslint/no-explicit-any
194:40  Warning: Unexpected any. Specify a different type.  @typescript-eslint/no-explicit-any
423:25  Warning: Unexpected any. Specify a different type.  @typescript-eslint/no-explicit-any
457:48  Warning: Unexpected any. Specify a different type.  @typescript-eslint/no-explicit-any
457:67  Warning: Unexpected any. Specify a different type.  @typescript-eslint/no-explicit-any
457:75  Warning: Unexpected any. Specify a different type.  @typescript-eslint/no-explicit-any

./src/app/api/ai/financial-forecasting/route.ts
107:47  Warning: Unexpected any. Specify a different type.  @typescript-eslint/no-explicit-any
176:18  Warning: Unexpected any. Specify a different type.  @typescript-eslint/no-explicit-any

./src/app/api/ai/portfolio-planning/route.ts
356:45  Warning: Unexpected any. Specify a different type.  @typescript-eslint/no-explicit-any
376:46  Warning: Unexpected any. Specify a different type.  @typescript-eslint/no-explicit-any
376:54  Warning: Unexpected any. Specify a different type.  @typescript-eslint/no-explicit-any
385:58  Warning: Unexpected any. Specify a different type.  @typescript-eslint/no-explicit-any
385:84  Warning: Unexpected any. Specify a different type.  @typescript-eslint/no-explicit-any
400:55  Warning: Unexpected any. Specify a different type.  @typescript-eslint/no-explicit-any

./src/app/api/ai/predictive-analytics/route.ts
211:20  Warning: Unexpected any. Specify a different type.  @typescript-eslint/no-explicit-any
219:70  Warning: Unexpected any. Specify a different type.  @typescript-eslint/no-explicit-any
219:103  Warning: Unexpected any. Specify a different type.  @typescript-eslint/no-explicit-any
324:39  Warning: Unexpected any. Specify a different type.  @typescript-eslint/no-explicit-any
324:74  Warning: Unexpected any. Specify a different type.  @typescript-eslint/no-explicit-any
326:38  Warning: Unexpected any. Specify a different type.  @typescript-eslint/no-explicit-any

./src/app/api/ai/resource-optimization/route.ts
182:15  Warning: 'month' is assigned a value but never used. Allowed unused vars must match /^_/u.  @typescript-eslint/no-unused-vars
254:37  Warning: Unexpected any. Specify a different type.  @typescript-eslint/no-explicit-any
259:34  Warning: Unexpected any. Specify a different type.  @typescript-eslint/no-explicit-any
280:24  Warning: Unexpected any. Specify a different type.  @typescript-eslint/no-explicit-any
307:39  Warning: Unexpected any. Specify a different type.  @typescript-eslint/no-explicit-any
308:35  Warning: Unexpected any. Specify a different type.  @typescript-eslint/no-explicit-any
308:70  Warning: Unexpected any. Specify a different type.  @typescript-eslint/no-explicit-any
310:60  Warning: Unexpected any. Specify a different type.  @typescript-eslint/no-explicit-any
313:33  Warning: Unexpected any. Specify a different type.  @typescript-eslint/no-explicit-any
314:29  Warning: Unexpected any. Specify a different type.  @typescript-eslint/no-explicit-any
421:58  Warning: Unexpected any. Specify a different type.  @typescript-eslint/no-explicit-any
421:79  Warning: Unexpected any. Specify a different type.  @typescript-eslint/no-explicit-any
439:54  Warning: Unexpected any. Specify a different type.  @typescript-eslint/no-explicit-any
449:50  Warning: Unexpected any. Specify a different type.  @typescript-eslint/no-explicit-any

./src/app/api/alignment/metrics/route.ts
6:27  Warning: 'request' is defined but never used. Allowed unused args must match /^_/u.  @typescript-eslint/no-unused-vars
39:52  Warning: Unexpected any. Specify a different type.  @typescript-eslint/no-explicit-any
41:47  Warning: Unexpected any. Specify a different type.  @typescript-eslint/no-explicit-any

./src/app/api/analytics/advanced-dashboard/route.ts
122:54  Warning: Unexpected any. Specify a different type.  @typescript-eslint/no-explicit-any
272:55  Warning: Unexpected any. Specify a different type.  @typescript-eslint/no-explicit-any
418:40  Warning: Unexpected any. Specify a different type.  @typescript-eslint/no-explicit-any
418:73  Warning: Unexpected any. Specify a different type.  @typescript-eslint/no-explicit-any
541:31  Warning: Unexpected any. Specify a different type.  @typescript-eslint/no-explicit-any

./src/app/api/analytics/dashboard/route.ts
107:46  Warning: Unexpected any. Specify a different type.  @typescript-eslint/no-explicit-any
108:40  Warning: Unexpected any. Specify a different type.  @typescript-eslint/no-explicit-any
109:44  Warning: Unexpected any. Specify a different type.  @typescript-eslint/no-explicit-any
110:46  Warning: Unexpected any. Specify a different type.  @typescript-eslint/no-explicit-any
111:42  Warning: Unexpected any. Specify a different type.  @typescript-eslint/no-explicit-any
112:48  Warning: Unexpected any. Specify a different type.  @typescript-eslint/no-explicit-any

./src/app/api/analytics/predictive/route.ts
90:13  Warning: 'lostDeals' is assigned a value but never used. Allowed unused vars must match /^_/u.  @typescript-eslint/no-unused-vars
136:15  Warning: 'customerAge' is assigned a value but never used. Allowed unused vars must match /^_/u.  @typescript-eslint/no-unused-vars

./src/app/api/analytics/route.ts
48:55  Warning: Unexpected any. Specify a different type.  @typescript-eslint/no-explicit-any
48:63  Warning: Unexpected any. Specify a different type.  @typescript-eslint/no-explicit-any
83:21  Warning: Unexpected any. Specify a different type.  @typescript-eslint/no-explicit-any

./src/app/api/anomaly-detection/route.ts
26:24  Warning: Unexpected any. Specify a different type.  @typescript-eslint/no-explicit-any
33:34  Warning: 'i' is defined but never used. Allowed unused args must match /^_/u.  @typescript-eslint/no-unused-vars
90:36  Warning: Unexpected any. Specify a different type.  @typescript-eslint/no-explicit-any
97:24  Warning: Unexpected any. Specify a different type.  @typescript-eslint/no-explicit-any
120:19  Warning: Unexpected any. Specify a different type.  @typescript-eslint/no-explicit-any
146:19  Warning: Unexpected any. Specify a different type.  @typescript-eslint/no-explicit-any

./src/app/api/app-store/route.ts
89:45  Warning: Unexpected any. Specify a different type.  @typescript-eslint/no-explicit-any

./src/app/api/asset-analytics/route.ts
17:11  Warning: 'category' is assigned a value but never used. Allowed unused vars must match /^_/u.  @typescript-eslint/no-unused-vars
20:11  Warning: 'reportType' is assigned a value but never used. Allowed unused vars must match /^_/u.  @typescript-eslint/no-unused-vars
115:16  Warning: Unexpected any. Specify a different type.  @typescript-eslint/no-explicit-any
116:16  Warning: Unexpected any. Specify a different type.  @typescript-eslint/no-explicit-any
117:13  Warning: Unexpected any. Specify a different type.  @typescript-eslint/no-explicit-any
168:44  Warning: Unexpected any. Specify a different type.  @typescript-eslint/no-explicit-any
168:64  Warning: Unexpected any. Specify a different type.  @typescript-eslint/no-explicit-any
168:81  Warning: Unexpected any. Specify a different type.  @typescript-eslint/no-explicit-any
198:49  Warning: Unexpected any. Specify a different type.  @typescript-eslint/no-explicit-any
220:49  Warning: Unexpected any. Specify a different type.  @typescript-eslint/no-explicit-any

./src/app/api/asset-insurance/route.ts
91:48  Warning: Unexpected any. Specify a different type.  @typescript-eslint/no-explicit-any
92:52  Warning: Unexpected any. Specify a different type.  @typescript-eslint/no-explicit-any
98:58  Warning: Unexpected any. Specify a different type.  @typescript-eslint/no-explicit-any
228:36  Warning: Unexpected any. Specify a different type.  @typescript-eslint/no-explicit-any
272:19  Warning: Unexpected any. Specify a different type.  @typescript-eslint/no-explicit-any
386:19  Warning: Unexpected any. Specify a different type.  @typescript-eslint/no-explicit-any
435:19  Warning: Unexpected any. Specify a different type.  @typescript-eslint/no-explicit-any
460:19  Warning: Unexpected any. Specify a different type.  @typescript-eslint/no-explicit-any

./src/app/api/asset-lifecycle/route.ts
178:58  Warning: Unexpected any. Specify a different type.  @typescript-eslint/no-explicit-any
184:51  Warning: Unexpected any. Specify a different type.  @typescript-eslint/no-explicit-any
283:19  Warning: Unexpected any. Specify a different type.  @typescript-eslint/no-explicit-any
371:19  Warning: Unexpected any. Specify a different type.  @typescript-eslint/no-explicit-any
404:19  Warning: Unexpected any. Specify a different type.  @typescript-eslint/no-explicit-any
429:19  Warning: Unexpected any. Specify a different type.  @typescript-eslint/no-explicit-any

./src/app/api/asset-maintenance/schedule/route.ts
91:38  Warning: Unexpected any. Specify a different type.  @typescript-eslint/no-explicit-any

./src/app/api/asset-tracking/route.ts
177:63  Warning: Unexpected any. Specify a different type.  @typescript-eslint/no-explicit-any
253:19  Warning: Unexpected any. Specify a different type.  @typescript-eslint/no-explicit-any
463:19  Warning: Unexpected any. Specify a different type.  @typescript-eslint/no-explicit-any
514:19  Warning: Unexpected any. Specify a different type.  @typescript-eslint/no-explicit-any
549:19  Warning: Unexpected any. Specify a different type.  @typescript-eslint/no-explicit-any

./src/app/api/asset-utilization/route.ts
48:47  Warning: Unexpected any. Specify a different type.  @typescript-eslint/no-explicit-any
131:47  Warning: Unexpected any. Specify a different type.  @typescript-eslint/no-explicit-any
132:58  Warning: Unexpected any. Specify a different type.  @typescript-eslint/no-explicit-any
218:51  Warning: Unexpected any. Specify a different type.  @typescript-eslint/no-explicit-any
228:51  Warning: Unexpected any. Specify a different type.  @typescript-eslint/no-explicit-any
300:47  Warning: Unexpected any. Specify a different type.  @typescript-eslint/no-explicit-any
401:19  Warning: Unexpected any. Specify a different type.  @typescript-eslint/no-explicit-any
416:57  Warning: 'purchasePrice' is defined but never used. Allowed unused args must match /^_/u.  @typescript-eslint/no-unused-vars

./src/app/api/assets/depreciation/route.ts
84:41  Warning: Unexpected any. Specify a different type.  @typescript-eslint/no-explicit-any
130:40  Warning: Unexpected any. Specify a different type.  @typescript-eslint/no-explicit-any

./src/app/api/assets/optimization/route.ts
32:67  Warning: Unexpected any. Specify a different type.  @typescript-eslint/no-explicit-any

./src/app/api/assets/scan/route.ts
106:35  Warning: Unexpected any. Specify a different type.  @typescript-eslint/no-explicit-any

./src/app/api/auth/callback/route.ts
11:9  Warning: 'type' is assigned a value but never used. Allowed unused vars must match /^_/u.  @typescript-eslint/no-unused-vars

./src/app/api/automated-insights/route.ts
5:10  Warning: 'z' is defined but never used. Allowed unused vars must match /^_/u.  @typescript-eslint/no-unused-vars
99:23  Warning: Unexpected any. Specify a different type.  @typescript-eslint/no-explicit-any
199:47  Warning: Unexpected any. Specify a different type.  @typescript-eslint/no-explicit-any
235:49  Warning: Unexpected any. Specify a different type.  @typescript-eslint/no-explicit-any
269:47  Warning: Unexpected any. Specify a different type.  @typescript-eslint/no-explicit-any
303:51  Warning: Unexpected any. Specify a different type.  @typescript-eslint/no-explicit-any
332:49  Warning: Unexpected any. Specify a different type.  @typescript-eslint/no-explicit-any
365:43  Warning: Unexpected any. Specify a different type.  @typescript-eslint/no-explicit-any

./src/app/api/availability/route.ts
59:65  Warning: Unexpected any. Specify a different type.  @typescript-eslint/no-explicit-any
258:38  Warning: Unexpected any. Specify a different type.  @typescript-eslint/no-explicit-any
304:24  Warning: Unexpected any. Specify a different type.  @typescript-eslint/no-explicit-any
304:47  Warning: Unexpected any. Specify a different type.  @typescript-eslint/no-explicit-any
335:19  Warning: Unexpected any. Specify a different type.  @typescript-eslint/no-explicit-any
386:48  Warning: Unexpected any. Specify a different type.  @typescript-eslint/no-explicit-any
452:19  Warning: Unexpected any. Specify a different type.  @typescript-eslint/no-explicit-any
495:19  Warning: Unexpected any. Specify a different type.  @typescript-eslint/no-explicit-any
530:19  Warning: Unexpected any. Specify a different type.  @typescript-eslint/no-explicit-any

./src/app/api/bad-debt/route.ts
188:19  Warning: Unexpected any. Specify a different type.  @typescript-eslint/no-explicit-any
338:19  Warning: Unexpected any. Specify a different type.  @typescript-eslint/no-explicit-any
367:19  Warning: Unexpected any. Specify a different type.  @typescript-eslint/no-explicit-any
392:19  Warning: Unexpected any. Specify a different type.  @typescript-eslint/no-explicit-any

./src/app/api/bank-reconciliation/route.ts
232:19  Warning: Unexpected any. Specify a different type.  @typescript-eslint/no-explicit-any
276:47  Warning: Unexpected any. Specify a different type.  @typescript-eslint/no-explicit-any
297:64  Warning: Unexpected any. Specify a different type.  @typescript-eslint/no-explicit-any
464:19  Warning: Unexpected any. Specify a different type.  @typescript-eslint/no-explicit-any
510:19  Warning: Unexpected any. Specify a different type.  @typescript-eslint/no-explicit-any
564:19  Warning: Unexpected any. Specify a different type.  @typescript-eslint/no-explicit-any

./src/app/api/batch/operations/route.ts
26:12  Warning: Unexpected any. Specify a different type.  @typescript-eslint/no-explicit-any
27:12  Warning: Unexpected any. Specify a different type.  @typescript-eslint/no-explicit-any
40:81  Warning: Unexpected any. Specify a different type.  @typescript-eslint/no-explicit-any
54:25  Warning: 'updated' is assigned a value but never used. Allowed unused vars must match /^_/u.  @typescript-eslint/no-unused-vars
54:81  Warning: Unexpected any. Specify a different type.  @typescript-eslint/no-explicit-any
69:66  Warning: Unexpected any. Specify a different type.  @typescript-eslint/no-explicit-any
82:67  Warning: Unexpected any. Specify a different type.  @typescript-eslint/no-explicit-any
113:41  Warning: Unexpected any. Specify a different type.  @typescript-eslint/no-explicit-any

./src/app/api/batch/route.ts
30:37  Warning: Unexpected any. Specify a different type.  @typescript-eslint/no-explicit-any
35:26  Warning: Unexpected any. Specify a different type.  @typescript-eslint/no-explicit-any
46:37  Warning: Unexpected any. Specify a different type.  @typescript-eslint/no-explicit-any

./src/app/api/benchmarking/route.ts
67:22  Warning: Unexpected any. Specify a different type.  @typescript-eslint/no-explicit-any
268:36  Warning: 'period' is defined but never used. Allowed unused args must match /^_/u.  @typescript-eslint/no-unused-vars

./src/app/api/benefits/route.ts
112:41  Warning: Unexpected any. Specify a different type.  @typescript-eslint/no-explicit-any

./src/app/api/bi-integration/route.ts
254:57  Warning: Unexpected any. Specify a different type.  @typescript-eslint/no-explicit-any

./src/app/api/bid-comparison/route.ts
28:70  Warning: Unexpected any. Specify a different type.  @typescript-eslint/no-explicit-any
103:34  Warning: Unexpected any. Specify a different type.  @typescript-eslint/no-explicit-any
103:49  Warning: Unexpected any. Specify a different type.  @typescript-eslint/no-explicit-any
103:55  Warning: Unexpected any. Specify a different type.  @typescript-eslint/no-explicit-any
104:17  Warning: Unexpected any. Specify a different type.  @typescript-eslint/no-explicit-any

./src/app/api/budget-variance/route.ts
321:42  Warning: Unexpected any. Specify a different type.  @typescript-eslint/no-explicit-any
321:50  Warning: Unexpected any. Specify a different type.  @typescript-eslint/no-explicit-any

./src/app/api/business-continuity/route.ts
47:40  Warning: Unexpected any. Specify a different type.  @typescript-eslint/no-explicit-any
136:53  Warning: Unexpected any. Specify a different type.  @typescript-eslint/no-explicit-any
150:54  Warning: Unexpected any. Specify a different type.  @typescript-eslint/no-explicit-any

./src/app/api/calendar-integration/route.ts
211:18  Warning: 'attendee' is assigned a value but never used. Allowed unused vars must match /^_/u.  @typescript-eslint/no-unused-vars
223:15  Warning: 'attendee_emails' is assigned a value but never used. Allowed unused vars must match /^_/u.  @typescript-eslint/no-unused-vars

./src/app/api/capacity-planning/route.ts
23:21  Warning: Unexpected any. Specify a different type.  @typescript-eslint/no-explicit-any
49:50  Warning: Unexpected any. Specify a different type.  @typescript-eslint/no-explicit-any
68:44  Warning: Unexpected any. Specify a different type.  @typescript-eslint/no-explicit-any

./src/app/api/cash-flow/route.ts
146:19  Warning: Unexpected any. Specify a different type.  @typescript-eslint/no-explicit-any
147:16  Warning: Unexpected any. Specify a different type.  @typescript-eslint/no-explicit-any
148:13  Warning: Unexpected any. Specify a different type.  @typescript-eslint/no-explicit-any
150:4  Warning: Unexpected any. Specify a different type.  @typescript-eslint/no-explicit-any
151:19  Warning: Unexpected any. Specify a different type.  @typescript-eslint/no-explicit-any
209:32  Warning: Unexpected any. Specify a different type.  @typescript-eslint/no-explicit-any
240:51  Warning: Unexpected any. Specify a different type.  @typescript-eslint/no-explicit-any
240:65  Warning: Unexpected any. Specify a different type.  @typescript-eslint/no-explicit-any
242:19  Warning: Unexpected any. Specify a different type.  @typescript-eslint/no-explicit-any

./src/app/api/churn-analysis/route.ts
34:25  Warning: Unexpected any. Specify a different type.  @typescript-eslint/no-explicit-any
62:53  Warning: Unexpected any. Specify a different type.  @typescript-eslint/no-explicit-any

./src/app/api/client-onboarding/route.ts
63:42  Warning: Unexpected any. Specify a different type.  @typescript-eslint/no-explicit-any

./src/app/api/cohort-analysis/route.ts
40:43  Warning: 'cohortMonth' is defined but never used. Allowed unused args must match /^_/u.  @typescript-eslint/no-unused-vars
104:43  Warning: 'cohortMonth' is defined but never used. Allowed unused args must match /^_/u.  @typescript-eslint/no-unused-vars
185:19  Warning: Unexpected any. Specify a different type.  @typescript-eslint/no-explicit-any

./src/app/api/communication-history/route.ts
242:19  Warning: Unexpected any. Specify a different type.  @typescript-eslint/no-explicit-any
380:19  Warning: Unexpected any. Specify a different type.  @typescript-eslint/no-explicit-any
406:19  Warning: Unexpected any. Specify a different type.  @typescript-eslint/no-explicit-any
431:19  Warning: Unexpected any. Specify a different type.  @typescript-eslint/no-explicit-any

./src/app/api/compliance/regional/route.ts
131:42  Warning: Unexpected any. Specify a different type.  @typescript-eslint/no-explicit-any

./src/app/api/contacts/route.ts
60:21  Warning: Unexpected any. Specify a different type.  @typescript-eslint/no-explicit-any
73:41  Warning: Unexpected any. Specify a different type.  @typescript-eslint/no-explicit-any
92:21  Warning: Unexpected any. Specify a different type.  @typescript-eslint/no-explicit-any

./src/app/api/contracts/[id]/route.ts
6:10  Warning: 'z' is defined but never used. Allowed unused vars must match /^_/u.  @typescript-eslint/no-unused-vars
66:20  Warning: 'created_at' is assigned a value but never used. Allowed unused vars must match /^_/u.  @typescript-eslint/no-unused-vars
66:32  Warning: 'created_by' is assigned a value but never used. Allowed unused vars must match /^_/u.  @typescript-eslint/no-unused-vars
66:44  Warning: 'organization_id' is assigned a value but never used. Allowed unused vars must match /^_/u.  @typescript-eslint/no-unused-vars

./src/app/api/cost-allocation/route.ts
38:11  Warning: 'projectId' is assigned a value but never used. Allowed unused vars must match /^_/u.  @typescript-eslint/no-unused-vars
39:11  Warning: 'departmentId' is assigned a value but never used. Allowed unused vars must match /^_/u.  @typescript-eslint/no-unused-vars
131:87  Warning: Unexpected any. Specify a different type.  @typescript-eslint/no-explicit-any
136:36  Warning: Unexpected any. Specify a different type.  @typescript-eslint/no-explicit-any
189:24  Warning: Unexpected any. Specify a different type.  @typescript-eslint/no-explicit-any
197:37  Warning: Unexpected any. Specify a different type.  @typescript-eslint/no-explicit-any
198:43  Warning: Unexpected any. Specify a different type.  @typescript-eslint/no-explicit-any
200:38  Warning: Unexpected any. Specify a different type.  @typescript-eslint/no-explicit-any
208:27  Warning: Unexpected any. Specify a different type.  @typescript-eslint/no-explicit-any
234:19  Warning: Unexpected any. Specify a different type.  @typescript-eslint/no-explicit-any
319:40  Warning: Unexpected any. Specify a different type.  @typescript-eslint/no-explicit-any
454:19  Warning: Unexpected any. Specify a different type.  @typescript-eslint/no-explicit-any
483:19  Warning: Unexpected any. Specify a different type.  @typescript-eslint/no-explicit-any
508:19  Warning: Unexpected any. Specify a different type.  @typescript-eslint/no-explicit-any

./src/app/api/credentials/route.ts
174:19  Warning: Unexpected any. Specify a different type.  @typescript-eslint/no-explicit-any
228:50  Warning: Unexpected any. Specify a different type.  @typescript-eslint/no-explicit-any
256:41  Warning: Unexpected any. Specify a different type.  @typescript-eslint/no-explicit-any
311:19  Warning: Unexpected any. Specify a different type.  @typescript-eslint/no-explicit-any
340:19  Warning: Unexpected any. Specify a different type.  @typescript-eslint/no-explicit-any
365:19  Warning: Unexpected any. Specify a different type.  @typescript-eslint/no-explicit-any

./src/app/api/crew-mobile/route.ts
20:36  Warning: Unexpected any. Specify a different type.  @typescript-eslint/no-explicit-any
87:22  Warning: Unexpected any. Specify a different type.  @typescript-eslint/no-explicit-any

./src/app/api/crm/pipeline-forecasting/route.ts
214:31  Warning: Unexpected any. Specify a different type.  @typescript-eslint/no-explicit-any
214:65  Warning: Unexpected any. Specify a different type.  @typescript-eslint/no-explicit-any
366:22  Warning: Unexpected any. Specify a different type.  @typescript-eslint/no-explicit-any

./src/app/api/cross-platform/compvss-sync/route.ts
177:41  Warning: Unexpected any. Specify a different type.  @typescript-eslint/no-explicit-any

./src/app/api/cross-platform/gvteway-sync/route.ts
5:10  Warning: 'z' is defined but never used. Allowed unused vars must match /^_/u.  @typescript-eslint/no-unused-vars

./src/app/api/currencies/route.ts
80:40  Warning: Unexpected any. Specify a different type.  @typescript-eslint/no-explicit-any
80:51  Warning: Unexpected any. Specify a different type.  @typescript-eslint/no-explicit-any
100:41  Warning: Unexpected any. Specify a different type.  @typescript-eslint/no-explicit-any
186:77  Warning: Unexpected any. Specify a different type.  @typescript-eslint/no-explicit-any

./src/app/api/data-export/route.ts
44:19  Warning: Unexpected any. Specify a different type.  @typescript-eslint/no-explicit-any
74:15  Warning: Unexpected any. Specify a different type.  @typescript-eslint/no-explicit-any
139:19  Warning: Unexpected any. Specify a different type.  @typescript-eslint/no-explicit-any

./src/app/api/deals/handoff/route.ts
23:41  Warning: Unexpected any. Specify a different type.  @typescript-eslint/no-explicit-any
82:21  Warning: Unexpected any. Specify a different type.  @typescript-eslint/no-explicit-any

./src/app/api/deals/route.ts
61:21  Warning: Unexpected any. Specify a different type.  @typescript-eslint/no-explicit-any
74:41  Warning: Unexpected any. Specify a different type.  @typescript-eslint/no-explicit-any
93:21  Warning: Unexpected any. Specify a different type.  @typescript-eslint/no-explicit-any

./src/app/api/deferred-revenue/route.ts
66:56  Warning: Unexpected any. Specify a different type.  @typescript-eslint/no-explicit-any
100:60  Warning: Unexpected any. Specify a different type.  @typescript-eslint/no-explicit-any
190:60  Warning: Unexpected any. Specify a different type.  @typescript-eslint/no-explicit-any
261:37  Warning: Unexpected any. Specify a different type.  @typescript-eslint/no-explicit-any
298:45  Warning: Unexpected any. Specify a different type.  @typescript-eslint/no-explicit-any
309:19  Warning: Unexpected any. Specify a different type.  @typescript-eslint/no-explicit-any
374:58  Warning: Unexpected any. Specify a different type.  @typescript-eslint/no-explicit-any
446:60  Warning: Unexpected any. Specify a different type.  @typescript-eslint/no-explicit-any
481:19  Warning: Unexpected any. Specify a different type.  @typescript-eslint/no-explicit-any
510:19  Warning: Unexpected any. Specify a different type.  @typescript-eslint/no-explicit-any
536:36  Warning: Unexpected any. Specify a different type.  @typescript-eslint/no-explicit-any
550:19  Warning: Unexpected any. Specify a different type.  @typescript-eslint/no-explicit-any

./src/app/api/documents/e-signature/route.ts
456:102  Warning: Unexpected any. Specify a different type.  @typescript-eslint/no-explicit-any

./src/app/api/email-integration/route.ts
102:35  Warning: Unexpected any. Specify a different type.  @typescript-eslint/no-explicit-any

./src/app/api/emergency-contacts/route.ts
38:11  Warning: 'departmentId' is assigned a value but never used. Allowed unused vars must match /^_/u.  @typescript-eslint/no-unused-vars
110:67  Warning: Unexpected any. Specify a different type.  @typescript-eslint/no-explicit-any
111:45  Warning: Unexpected any. Specify a different type.  @typescript-eslint/no-explicit-any
114:59  Warning: Unexpected any. Specify a different type.  @typescript-eslint/no-explicit-any
126:61  Warning: Unexpected any. Specify a different type.  @typescript-eslint/no-explicit-any
134:35  Warning: Unexpected any. Specify a different type.  @typescript-eslint/no-explicit-any
159:74  Warning: Unexpected any. Specify a different type.  @typescript-eslint/no-explicit-any
170:19  Warning: Unexpected any. Specify a different type.  @typescript-eslint/no-explicit-any
293:47  Warning: Unexpected any. Specify a different type.  @typescript-eslint/no-explicit-any
312:19  Warning: Unexpected any. Specify a different type.  @typescript-eslint/no-explicit-any
358:19  Warning: Unexpected any. Specify a different type.  @typescript-eslint/no-explicit-any
383:19  Warning: Unexpected any. Specify a different type.  @typescript-eslint/no-explicit-any

./src/app/api/employees/route.ts
45:21  Warning: Unexpected any. Specify a different type.  @typescript-eslint/no-explicit-any
58:41  Warning: Unexpected any. Specify a different type.  @typescript-eslint/no-explicit-any
68:21  Warning: Unexpected any. Specify a different type.  @typescript-eslint/no-explicit-any

./src/app/api/enterprise/data-residency/route.ts
201:17  Warning: ⚠️ WARNING: Default border is 1px. For interactive elements (buttons, inputs, cards), use border-2, border-thick, or border-heavy for Bold Pop Art aesthetic.  no-restricted-syntax
301:32  Warning: 'report_type' is assigned a value but never used. Allowed unused vars must match /^_/u.  @typescript-eslint/no-unused-vars

./src/app/api/enterprise/white-label/route.ts
229:32  Warning: 'logo_data' is assigned a value but never used. Allowed unused vars must match /^_/u.  @typescript-eslint/no-unused-vars
266:32  Warning: 'domain' is assigned a value but never used. Allowed unused vars must match /^_/u.  @typescript-eslint/no-unused-vars

./src/app/api/expenses/[id]/route.ts
6:10  Warning: 'z' is defined but never used. Allowed unused vars must match /^_/u.  @typescript-eslint/no-unused-vars
98:13  Warning: 'user_id' is assigned a value but never used. Allowed unused vars must match /^_/u.  @typescript-eslint/no-unused-vars

./src/app/api/finance/enhanced/route.ts
78:21  Warning: Unexpected any. Specify a different type.  @typescript-eslint/no-explicit-any
91:41  Warning: Unexpected any. Specify a different type.  @typescript-eslint/no-explicit-any
121:21  Warning: Unexpected any. Specify a different type.  @typescript-eslint/no-explicit-any

./src/app/api/fixed-assets/route.ts
181:46  Warning: Unexpected any. Specify a different type.  @typescript-eslint/no-explicit-any
244:19  Warning: Unexpected any. Specify a different type.  @typescript-eslint/no-explicit-any
461:19  Warning: Unexpected any. Specify a different type.  @typescript-eslint/no-explicit-any
490:19  Warning: Unexpected any. Specify a different type.  @typescript-eslint/no-explicit-any
497:39  Warning: Unexpected any. Specify a different type.  @typescript-eslint/no-explicit-any

./src/app/api/governance/route.ts
46:54  Warning: Unexpected any. Specify a different type.  @typescript-eslint/no-explicit-any

./src/app/api/grants/route.ts
80:47  Warning: Unexpected any. Specify a different type.  @typescript-eslint/no-explicit-any
199:39  Warning: Unexpected any. Specify a different type.  @typescript-eslint/no-explicit-any
261:19  Warning: Unexpected any. Specify a different type.  @typescript-eslint/no-explicit-any
343:49  Warning: Unexpected any. Specify a different type.  @typescript-eslint/no-explicit-any
426:19  Warning: Unexpected any. Specify a different type.  @typescript-eslint/no-explicit-any
475:19  Warning: Unexpected any. Specify a different type.  @typescript-eslint/no-explicit-any
510:19  Warning: Unexpected any. Specify a different type.  @typescript-eslint/no-explicit-any
522:4  Warning: Unexpected any. Specify a different type.  @typescript-eslint/no-explicit-any

./src/app/api/health/route.ts
12:27  Warning: 'request' is defined but never used. Allowed unused args must match /^_/u.  @typescript-eslint/no-unused-vars

./src/app/api/integrations/crm-sync/route.ts
292:25  Warning: 'code' is assigned a value but never used. Allowed unused vars must match /^_/u.  @typescript-eslint/no-unused-vars

./src/app/api/integrations/erp-sync/route.ts
249:40  Warning: Unexpected any. Specify a different type.  @typescript-eslint/no-explicit-any
287:43  Warning: Unexpected any. Specify a different type.  @typescript-eslint/no-explicit-any
327:60  Warning: Unexpected any. Specify a different type.  @typescript-eslint/no-explicit-any
328:64  Warning: Unexpected any. Specify a different type.  @typescript-eslint/no-explicit-any

./src/app/api/integrations/payroll/route.ts
194:78  Warning: Unexpected any. Specify a different type.  @typescript-eslint/no-explicit-any
203:84  Warning: Unexpected any. Specify a different type.  @typescript-eslint/no-explicit-any
269:59  Warning: Unexpected any. Specify a different type.  @typescript-eslint/no-explicit-any

./src/app/api/integrations/slack-teams/route.ts
198:23  Warning: Unexpected any. Specify a different type.  @typescript-eslint/no-explicit-any
242:19  Warning: Unexpected any. Specify a different type.  @typescript-eslint/no-explicit-any

./src/app/api/integrations/stripe-reconciliation/route.ts
179:19  Warning: Unexpected any. Specify a different type.  @typescript-eslint/no-explicit-any
340:19  Warning: Unexpected any. Specify a different type.  @typescript-eslint/no-explicit-any

./src/app/api/intercompany/route.ts
202:19  Warning: Unexpected any. Specify a different type.  @typescript-eslint/no-explicit-any
367:19  Warning: Unexpected any. Specify a different type.  @typescript-eslint/no-explicit-any
393:19  Warning: Unexpected any. Specify a different type.  @typescript-eslint/no-explicit-any
434:19  Warning: Unexpected any. Specify a different type.  @typescript-eslint/no-explicit-any

./src/app/api/invoices/[id]/route.ts
83:13  Warning: 'user_id' is assigned a value but never used. Allowed unused vars must match /^_/u.  @typescript-eslint/no-unused-vars
83:22  Warning: 'line_items' is assigned a value but never used. Allowed unused vars must match /^_/u.  @typescript-eslint/no-unused-vars

./src/app/api/job-costing/route.ts
133:60  Warning: Unexpected any. Specify a different type.  @typescript-eslint/no-explicit-any
138:41  Warning: Unexpected any. Specify a different type.  @typescript-eslint/no-explicit-any
139:35  Warning: Unexpected any. Specify a different type.  @typescript-eslint/no-explicit-any
140:35  Warning: Unexpected any. Specify a different type.  @typescript-eslint/no-explicit-any
155:65  Warning: Unexpected any. Specify a different type.  @typescript-eslint/no-explicit-any
190:41  Warning: Unexpected any. Specify a different type.  @typescript-eslint/no-explicit-any
247:45  Warning: Unexpected any. Specify a different type.  @typescript-eslint/no-explicit-any
248:50  Warning: Unexpected any. Specify a different type.  @typescript-eslint/no-explicit-any
303:19  Warning: Unexpected any. Specify a different type.  @typescript-eslint/no-explicit-any
372:52  Warning: Unexpected any. Specify a different type.  @typescript-eslint/no-explicit-any
376:51  Warning: Unexpected any. Specify a different type.  @typescript-eslint/no-explicit-any
376:87  Warning: Unexpected any. Specify a different type.  @typescript-eslint/no-explicit-any
450:19  Warning: Unexpected any. Specify a different type.  @typescript-eslint/no-explicit-any
493:19  Warning: Unexpected any. Specify a different type.  @typescript-eslint/no-explicit-any
518:19  Warning: Unexpected any. Specify a different type.  @typescript-eslint/no-explicit-any

./src/app/api/kpi/[code]/route.ts
5:10  Warning: 'createClient' is defined but never used. Allowed unused vars must match /^_/u.  @typescript-eslint/no-unused-vars

./src/app/api/kpi/data/route.ts
102:50  Warning: Unexpected any. Specify a different type.  @typescript-eslint/no-explicit-any
116:48  Warning: Unexpected any. Specify a different type.  @typescript-eslint/no-explicit-any
117:38  Warning: Unexpected any. Specify a different type.  @typescript-eslint/no-explicit-any

./src/app/api/kpi/route.ts
5:10  Warning: 'createClient' is defined but never used. Allowed unused vars must match /^_/u.  @typescript-eslint/no-unused-vars
6:27  Warning: 'getKPIByCode' is defined but never used. Allowed unused vars must match /^_/u.  @typescript-eslint/no-unused-vars

./src/app/api/labor-compliance/route.ts
139:19  Warning: Unexpected any. Specify a different type.  @typescript-eslint/no-explicit-any
148:42  Warning: Unexpected any. Specify a different type.  @typescript-eslint/no-explicit-any
180:58  Warning: Unexpected any. Specify a different type.  @typescript-eslint/no-explicit-any
218:42  Warning: Unexpected any. Specify a different type.  @typescript-eslint/no-explicit-any
220:38  Warning: Unexpected any. Specify a different type.  @typescript-eslint/no-explicit-any
255:45  Warning: Unexpected any. Specify a different type.  @typescript-eslint/no-explicit-any
255:81  Warning: Unexpected any. Specify a different type.  @typescript-eslint/no-explicit-any
327:19  Warning: Unexpected any. Specify a different type.  @typescript-eslint/no-explicit-any
439:19  Warning: Unexpected any. Specify a different type.  @typescript-eslint/no-explicit-any

./src/app/api/lead-scoring/route.ts
93:35  Warning: Unexpected any. Specify a different type.  @typescript-eslint/no-explicit-any

./src/app/api/maintenance-history/route.ts
63:11  Warning: 'category' is assigned a value but never used. Allowed unused vars must match /^_/u.  @typescript-eslint/no-unused-vars
128:60  Warning: Unexpected any. Specify a different type.  @typescript-eslint/no-explicit-any
349:19  Warning: Unexpected any. Specify a different type.  @typescript-eslint/no-explicit-any
411:22  Warning: Unexpected any. Specify a different type.  @typescript-eslint/no-explicit-any
501:19  Warning: Unexpected any. Specify a different type.  @typescript-eslint/no-explicit-any
543:19  Warning: Unexpected any. Specify a different type.  @typescript-eslint/no-explicit-any
589:19  Warning: Unexpected any. Specify a different type.  @typescript-eslint/no-explicit-any

./src/app/api/make/modules/route.ts
9:9  Warning: 'supabase' is assigned a value but never used. Allowed unused vars must match /^_/u.  @typescript-eslint/no-unused-vars
233:21  Warning: 'module_name' is assigned a value but never used. Allowed unused vars must match /^_/u.  @typescript-eslint/no-unused-vars
255:15  Warning: 'endpoint' is assigned a value but never used. Allowed unused vars must match /^_/u.  @typescript-eslint/no-unused-vars

./src/app/api/marketing-attribution/route.ts
32:11  Warning: 'reportType' is assigned a value but never used. Allowed unused vars must match /^_/u.  @typescript-eslint/no-unused-vars
120:43  Warning: Unexpected any. Specify a different type.  @typescript-eslint/no-explicit-any

./src/app/api/mass-email/route.ts
115:45  Warning: Unexpected any. Specify a different type.  @typescript-eslint/no-explicit-any

./src/app/api/meetings/route.ts
131:53  Warning: Unexpected any. Specify a different type.  @typescript-eslint/no-explicit-any

./src/app/api/multi-entity/route.ts
55:52  Warning: Unexpected any. Specify a different type.  @typescript-eslint/no-explicit-any
85:13  Warning: 'period' is assigned a value but never used. Allowed unused vars must match /^_/u.  @typescript-eslint/no-unused-vars

./src/app/api/n8n/nodes/route.ts
445:53  Warning: Unexpected any. Specify a different type.  @typescript-eslint/no-explicit-any
445:75  Warning: Unexpected any. Specify a different type.  @typescript-eslint/no-explicit-any
454:42  Warning: Unexpected any. Specify a different type.  @typescript-eslint/no-explicit-any

./src/app/api/nl-query/route.ts
190:18  Warning: Unexpected any. Specify a different type.  @typescript-eslint/no-explicit-any
282:52  Warning: Unexpected any. Specify a different type.  @typescript-eslint/no-explicit-any

./src/app/api/nps/route.ts
70:34  Warning: Unexpected any. Specify a different type.  @typescript-eslint/no-explicit-any

./src/app/api/onboarding/route.ts
51:53  Warning: 'template_id' is assigned a value but never used. Allowed unused vars must match /^_/u.  @typescript-eslint/no-unused-vars

./src/app/api/opportunities/route.ts
236:19  Warning: Unexpected any. Specify a different type.  @typescript-eslint/no-explicit-any
328:19  Warning: Unexpected any. Specify a different type.  @typescript-eslint/no-explicit-any
444:19  Warning: Unexpected any. Specify a different type.  @typescript-eslint/no-explicit-any
469:19  Warning: Unexpected any. Specify a different type.  @typescript-eslint/no-explicit-any

./src/app/api/opportunity-tracking/route.ts
32:40  Warning: Unexpected any. Specify a different type.  @typescript-eslint/no-explicit-any

./src/app/api/payment-processing/route.ts
110:61  Warning: Unexpected any. Specify a different type.  @typescript-eslint/no-explicit-any
138:43  Warning: Unexpected any. Specify a different type.  @typescript-eslint/no-explicit-any
139:42  Warning: Unexpected any. Specify a different type.  @typescript-eslint/no-explicit-any
140:45  Warning: Unexpected any. Specify a different type.  @typescript-eslint/no-explicit-any
204:19  Warning: Unexpected any. Specify a different type.  @typescript-eslint/no-explicit-any
435:19  Warning: Unexpected any. Specify a different type.  @typescript-eslint/no-explicit-any
489:19  Warning: Unexpected any. Specify a different type.  @typescript-eslint/no-explicit-any

./src/app/api/payroll/[id]/route.ts
6:10  Warning: 'z' is defined but never used. Allowed unused vars must match /^_/u.  @typescript-eslint/no-unused-vars

./src/app/api/payroll/route.ts
24:11  Warning: 'employeeId' is assigned a value but never used. Allowed unused vars must match /^_/u.  @typescript-eslint/no-unused-vars

./src/app/api/performance/route.ts
73:16  Warning: Unexpected any. Specify a different type.  @typescript-eslint/no-explicit-any

./src/app/api/po-receiving/route.ts
39:11  Warning: 'vendorId' is assigned a value but never used. Allowed unused vars must match /^_/u.  @typescript-eslint/no-unused-vars
78:36  Warning: Unexpected any. Specify a different type.  @typescript-eslint/no-explicit-any
129:36  Warning: Unexpected any. Specify a different type.  @typescript-eslint/no-explicit-any
131:64  Warning: Unexpected any. Specify a different type.  @typescript-eslint/no-explicit-any
135:64  Warning: Unexpected any. Specify a different type.  @typescript-eslint/no-explicit-any
139:67  Warning: Unexpected any. Specify a different type.  @typescript-eslint/no-explicit-any
194:36  Warning: Unexpected any. Specify a different type.  @typescript-eslint/no-explicit-any
197:66  Warning: Unexpected any. Specify a different type.  @typescript-eslint/no-explicit-any
201:69  Warning: Unexpected any. Specify a different type.  @typescript-eslint/no-explicit-any
212:42  Warning: Unexpected any. Specify a different type.  @typescript-eslint/no-explicit-any
246:19  Warning: Unexpected any. Specify a different type.  @typescript-eslint/no-explicit-any
412:19  Warning: Unexpected any. Specify a different type.  @typescript-eslint/no-explicit-any
438:19  Warning: Unexpected any. Specify a different type.  @typescript-eslint/no-explicit-any

./src/app/api/predictive-analytics/route.ts
8:9  Warning: 'supabase' is assigned a value but never used. Allowed unused vars must match /^_/u.  @typescript-eslint/no-unused-vars
17:20  Warning: Unexpected any. Specify a different type.  @typescript-eslint/no-explicit-any
58:19  Warning: Unexpected any. Specify a different type.  @typescript-eslint/no-explicit-any
99:19  Warning: Unexpected any. Specify a different type.  @typescript-eslint/no-explicit-any
124:19  Warning: Unexpected any. Specify a different type.  @typescript-eslint/no-explicit-any

./src/app/api/preferred-vendors/route.ts
84:61  Warning: Unexpected any. Specify a different type.  @typescript-eslint/no-explicit-any
122:19  Warning: Unexpected any. Specify a different type.  @typescript-eslint/no-explicit-any
163:19  Warning: Unexpected any. Specify a different type.  @typescript-eslint/no-explicit-any
189:19  Warning: Unexpected any. Specify a different type.  @typescript-eslint/no-explicit-any
214:19  Warning: Unexpected any. Specify a different type.  @typescript-eslint/no-explicit-any

./src/app/api/procurement/automation/route.ts
428:21  Warning: Unexpected any. Specify a different type.  @typescript-eslint/no-explicit-any
443:70  Warning: Unexpected any. Specify a different type.  @typescript-eslint/no-explicit-any
454:67  Warning: Unexpected any. Specify a different type.  @typescript-eslint/no-explicit-any

./src/app/api/profit-sharing/route.ts
84:44  Warning: Unexpected any. Specify a different type.  @typescript-eslint/no-explicit-any
85:41  Warning: Unexpected any. Specify a different type.  @typescript-eslint/no-explicit-any
86:46  Warning: Unexpected any. Specify a different type.  @typescript-eslint/no-explicit-any
139:57  Warning: Unexpected any. Specify a different type.  @typescript-eslint/no-explicit-any
158:68  Warning: Unexpected any. Specify a different type.  @typescript-eslint/no-explicit-any
197:19  Warning: Unexpected any. Specify a different type.  @typescript-eslint/no-explicit-any
286:41  Warning: Unexpected any. Specify a different type.  @typescript-eslint/no-explicit-any
295:55  Warning: Unexpected any. Specify a different type.  @typescript-eslint/no-explicit-any
400:19  Warning: Unexpected any. Specify a different type.  @typescript-eslint/no-explicit-any
433:19  Warning: Unexpected any. Specify a different type.  @typescript-eslint/no-explicit-any
458:19  Warning: Unexpected any. Specify a different type.  @typescript-eslint/no-explicit-any

./src/app/api/project-dependencies/route.ts
176:40  Warning: Unexpected any. Specify a different type.  @typescript-eslint/no-explicit-any
176:48  Warning: Unexpected any. Specify a different type.  @typescript-eslint/no-explicit-any
177:20  Warning: Unexpected any. Specify a different type.  @typescript-eslint/no-explicit-any
225:33  Warning: Unexpected any. Specify a different type.  @typescript-eslint/no-explicit-any
225:48  Warning: Unexpected any. Specify a different type.  @typescript-eslint/no-explicit-any
234:45  Warning: Unexpected any. Specify a different type.  @typescript-eslint/no-explicit-any
234:53  Warning: Unexpected any. Specify a different type.  @typescript-eslint/no-explicit-any
235:33  Warning: Unexpected any. Specify a different type.  @typescript-eslint/no-explicit-any
236:16  Warning: Unexpected any. Specify a different type.  @typescript-eslint/no-explicit-any
269:46  Warning: Unexpected any. Specify a different type.  @typescript-eslint/no-explicit-any
269:54  Warning: Unexpected any. Specify a different type.  @typescript-eslint/no-explicit-any

./src/app/api/projects/enhanced/route.ts
66:21  Warning: Unexpected any. Specify a different type.  @typescript-eslint/no-explicit-any
79:41  Warning: Unexpected any. Specify a different type.  @typescript-eslint/no-explicit-any
98:21  Warning: Unexpected any. Specify a different type.  @typescript-eslint/no-explicit-any

./src/app/api/projects/route.ts
64:21  Warning: Unexpected any. Specify a different type.  @typescript-eslint/no-explicit-any
77:41  Warning: Unexpected any. Specify a different type.  @typescript-eslint/no-explicit-any
99:21  Warning: Unexpected any. Specify a different type.  @typescript-eslint/no-explicit-any

./src/app/api/pto-balances/route.ts
24:11  Warning: 'departmentId' is assigned a value but never used. Allowed unused vars must match /^_/u.  @typescript-eslint/no-unused-vars
81:31  Warning: Unexpected any. Specify a different type.  @typescript-eslint/no-explicit-any

./src/app/api/purchase-orders/[id]/route.ts
19:41  Warning: Unexpected any. Specify a different type.  @typescript-eslint/no-explicit-any
51:41  Warning: Unexpected any. Specify a different type.  @typescript-eslint/no-explicit-any
97:61  Warning: Unexpected any. Specify a different type.  @typescript-eslint/no-explicit-any
122:41  Warning: Unexpected any. Specify a different type.  @typescript-eslint/no-explicit-any

./src/app/api/purchase-orders/route.ts
168:57  Warning: Unexpected any. Specify a different type.  @typescript-eslint/no-explicit-any
170:59  Warning: Unexpected any. Specify a different type.  @typescript-eslint/no-explicit-any
197:69  Warning: Unexpected any. Specify a different type.  @typescript-eslint/no-explicit-any
199:69  Warning: Unexpected any. Specify a different type.  @typescript-eslint/no-explicit-any
201:74  Warning: Unexpected any. Specify a different type.  @typescript-eslint/no-explicit-any

./src/app/api/quotes/[id]/convert/route.ts
55:51  Warning: Unexpected any. Specify a different type.  @typescript-eslint/no-explicit-any
57:63  Warning: Unexpected any. Specify a different type.  @typescript-eslint/no-explicit-any
64:22  Warning: Unexpected any. Specify a different type.  @typescript-eslint/no-explicit-any
65:35  Warning: Unexpected any. Specify a different type.  @typescript-eslint/no-explicit-any
120:40  Warning: Unexpected any. Specify a different type.  @typescript-eslint/no-explicit-any
206:40  Warning: Unexpected any. Specify a different type.  @typescript-eslint/no-explicit-any
276:40  Warning: Unexpected any. Specify a different type.  @typescript-eslint/no-explicit-any

./src/app/api/quotes/[id]/route.ts
69:51  Warning: Unexpected any. Specify a different type.  @typescript-eslint/no-explicit-any
71:63  Warning: Unexpected any. Specify a different type.  @typescript-eslint/no-explicit-any
78:22  Warning: Unexpected any. Specify a different type.  @typescript-eslint/no-explicit-any
79:35  Warning: Unexpected any. Specify a different type.  @typescript-eslint/no-explicit-any
125:26  Warning: Unexpected any. Specify a different type.  @typescript-eslint/no-explicit-any
126:39  Warning: Unexpected any. Specify a different type.  @typescript-eslint/no-explicit-any
176:19  Warning: 'updatedQuote' is assigned a value but never used. Allowed unused vars must match /^_/u.  @typescript-eslint/no-unused-vars
203:68  Warning: Unexpected any. Specify a different type.  @typescript-eslint/no-explicit-any
204:55  Warning: Unexpected any. Specify a different type.  @typescript-eslint/no-explicit-any
204:83  Warning: Unexpected any. Specify a different type.  @typescript-eslint/no-explicit-any
420:36  Warning: Unexpected any. Specify a different type.  @typescript-eslint/no-explicit-any
515:36  Warning: Unexpected any. Specify a different type.  @typescript-eslint/no-explicit-any

./src/app/api/quotes/route.ts
200:57  Warning: Unexpected any. Specify a different type.  @typescript-eslint/no-explicit-any
205:37  Warning: Unexpected any. Specify a different type.  @typescript-eslint/no-explicit-any

./src/app/api/reports/generate/route.ts
19:121  Warning: 'filters' is defined but never used. Allowed unused args must match /^_/u.  @typescript-eslint/no-unused-vars
19:130  Warning: Unexpected any. Specify a different type.  @typescript-eslint/no-explicit-any
55:33  Warning: Unexpected any. Specify a different type.  @typescript-eslint/no-explicit-any
92:89  Warning: 'start' is defined but never used. Allowed unused args must match /^_/u.  @typescript-eslint/no-unused-vars
92:104  Warning: 'end' is defined but never used. Allowed unused args must match /^_/u.  @typescript-eslint/no-unused-vars
92:117  Warning: 'filters' is defined but never used. Allowed unused args must match /^_/u.  @typescript-eslint/no-unused-vars
93:44  Warning: Unexpected any. Specify a different type.  @typescript-eslint/no-explicit-any
125:93  Warning: 'start' is defined but never used. Allowed unused args must match /^_/u.  @typescript-eslint/no-unused-vars
125:108  Warning: 'end' is defined but never used. Allowed unused args must match /^_/u.  @typescript-eslint/no-unused-vars
125:121  Warning: 'filters' is defined but never used. Allowed unused args must match /^_/u.  @typescript-eslint/no-unused-vars
126:44  Warning: Unexpected any. Specify a different type.  @typescript-eslint/no-explicit-any
160:41  Warning: Unexpected any. Specify a different type.  @typescript-eslint/no-explicit-any
165:21  Warning: Unexpected any. Specify a different type.  @typescript-eslint/no-explicit-any

./src/app/api/resource-optimization/route.ts
56:44  Warning: Unexpected any. Specify a different type.  @typescript-eslint/no-explicit-any
71:47  Warning: Unexpected any. Specify a different type.  @typescript-eslint/no-explicit-any

./src/app/api/resource-utilization/route.ts
18:20  Warning: Unexpected any. Specify a different type.  @typescript-eslint/no-explicit-any

./src/app/api/revenue-recognition/route.ts
71:41  Warning: Unexpected any. Specify a different type.  @typescript-eslint/no-explicit-any
120:50  Warning: Unexpected any. Specify a different type.  @typescript-eslint/no-explicit-any
140:45  Warning: Unexpected any. Specify a different type.  @typescript-eslint/no-explicit-any

./src/app/api/rfp/route.ts
63:41  Warning: Unexpected any. Specify a different type.  @typescript-eslint/no-explicit-any

./src/app/api/risks/route.ts
6:29  Warning: 'fromDynamic' is defined but never used. Allowed unused vars must match /^_/u.  @typescript-eslint/no-unused-vars

./src/app/api/sales-forecast/route.ts
68:37  Warning: Unexpected any. Specify a different type.  @typescript-eslint/no-explicit-any
68:56  Warning: Unexpected any. Specify a different type.  @typescript-eslint/no-explicit-any
68:97  Warning: Unexpected any. Specify a different type.  @typescript-eslint/no-explicit-any
69:19  Warning: Unexpected any. Specify a different type.  @typescript-eslint/no-explicit-any
100:35  Warning: Unexpected any. Specify a different type.  @typescript-eslint/no-explicit-any
100:43  Warning: Unexpected any. Specify a different type.  @typescript-eslint/no-explicit-any

./src/app/api/scheduled-reports/route.ts
51:19  Warning: Unexpected any. Specify a different type.  @typescript-eslint/no-explicit-any
76:19  Warning: Unexpected any. Specify a different type.  @typescript-eslint/no-explicit-any
121:19  Warning: Unexpected any. Specify a different type.  @typescript-eslint/no-explicit-any
141:19  Warning: Unexpected any. Specify a different type.  @typescript-eslint/no-explicit-any

./src/app/api/shift-scheduling/route.ts
104:39  Warning: Unexpected any. Specify a different type.  @typescript-eslint/no-explicit-any
104:47  Warning: Unexpected any. Specify a different type.  @typescript-eslint/no-explicit-any
105:20  Warning: Unexpected any. Specify a different type.  @typescript-eslint/no-explicit-any
106:38  Warning: Unexpected any. Specify a different type.  @typescript-eslint/no-explicit-any

./src/app/api/skills-matrix/route.ts
16:11  Warning: 'department' is assigned a value but never used. Allowed unused vars must match /^_/u.  @typescript-eslint/no-unused-vars

./src/app/api/spend-analytics/route.ts
77:37  Warning: Unexpected any. Specify a different type.  @typescript-eslint/no-explicit-any
197:37  Warning: Unexpected any. Specify a different type.  @typescript-eslint/no-explicit-any
257:56  Warning: Unexpected any. Specify a different type.  @typescript-eslint/no-explicit-any
317:19  Warning: Unexpected any. Specify a different type.  @typescript-eslint/no-explicit-any

./src/app/api/stakeholder-hub/route.ts
166:19  Warning: Unexpected any. Specify a different type.  @typescript-eslint/no-explicit-any
286:19  Warning: Unexpected any. Specify a different type.  @typescript-eslint/no-explicit-any
358:19  Warning: Unexpected any. Specify a different type.  @typescript-eslint/no-explicit-any
401:19  Warning: Unexpected any. Specify a different type.  @typescript-eslint/no-explicit-any

./src/app/api/stakeholders/route.ts
35:50  Warning: Unexpected any. Specify a different type.  @typescript-eslint/no-explicit-any

./src/app/api/status/route.ts
76:27  Warning: 'request' is defined but never used. Allowed unused args must match /^_/u.  @typescript-eslint/no-unused-vars

./src/app/api/strategic-alignment/route.ts
42:11  Warning: 'objectiveId' is assigned a value but never used. Allowed unused vars must match /^_/u.  @typescript-eslint/no-unused-vars
244:19  Warning: Unexpected any. Specify a different type.  @typescript-eslint/no-explicit-any
324:43  Warning: Unexpected any. Specify a different type.  @typescript-eslint/no-explicit-any
350:19  Warning: Unexpected any. Specify a different type.  @typescript-eslint/no-explicit-any
399:19  Warning: Unexpected any. Specify a different type.  @typescript-eslint/no-explicit-any
435:19  Warning: Unexpected any. Specify a different type.  @typescript-eslint/no-explicit-any

./src/app/api/talent-acquisition/route.ts
117:41  Warning: Unexpected any. Specify a different type.  @typescript-eslint/no-explicit-any

./src/app/api/territory-management/route.ts
259:46  Warning: Unexpected any. Specify a different type.  @typescript-eslint/no-explicit-any

./src/app/api/timesheets/route.ts
31:11  Warning: 'payPeriod' is assigned a value but never used. Allowed unused vars must match /^_/u.  @typescript-eslint/no-unused-vars

./src/app/api/training/route.ts
33:11  Warning: 'includeEnrollments' is assigned a value but never used. Allowed unused vars must match /^_/u.  @typescript-eslint/no-unused-vars
70:37  Warning: Unexpected any. Specify a different type.  @typescript-eslint/no-explicit-any

./src/app/api/trend-analysis/route.ts
135:19  Warning: Unexpected any. Specify a different type.  @typescript-eslint/no-explicit-any

./src/app/api/vendor-onboarding/route.ts
83:21  Warning: Unexpected any. Specify a different type.  @typescript-eslint/no-explicit-any
84:34  Warning: Unexpected any. Specify a different type.  @typescript-eslint/no-explicit-any
342:41  Warning: 'message' is assigned a value but never used. Allowed unused vars must match /^_/u.  @typescript-eslint/no-unused-vars

./src/app/api/vendor-payment-terms/route.ts
86:19  Warning: Unexpected any. Specify a different type.  @typescript-eslint/no-explicit-any
120:19  Warning: Unexpected any. Specify a different type.  @typescript-eslint/no-explicit-any
163:19  Warning: Unexpected any. Specify a different type.  @typescript-eslint/no-explicit-any
188:19  Warning: Unexpected any. Specify a different type.  @typescript-eslint/no-explicit-any

./src/app/api/vendor-scorecards/route.ts
39:40  Warning: Unexpected any. Specify a different type.  @typescript-eslint/no-explicit-any
114:19  Warning: Unexpected any. Specify a different type.  @typescript-eslint/no-explicit-any

./src/app/api/vendor-scoring/route.ts
35:69  Warning: Unexpected any. Specify a different type.  @typescript-eslint/no-explicit-any

./src/app/api/workflow-automation/route.ts
179:49  Warning: Unexpected any. Specify a different type.  @typescript-eslint/no-explicit-any
191:55  Warning: Unexpected any. Specify a different type.  @typescript-eslint/no-explicit-any
227:49  Warning: Unexpected any. Specify a different type.  @typescript-eslint/no-explicit-any
239:55  Warning: Unexpected any. Specify a different type.  @typescript-eslint/no-explicit-any
317:22  Warning: Unexpected any. Specify a different type.  @typescript-eslint/no-explicit-any
358:55  Warning: Unexpected any. Specify a different type.  @typescript-eslint/no-explicit-any
408:52  Warning: Unexpected any. Specify a different type.  @typescript-eslint/no-explicit-any
419:50  Warning: Unexpected any. Specify a different type.  @typescript-eslint/no-explicit-any

./src/app/api/workflows/[id]/execute/route.ts
13:99  Warning: Unexpected any. Specify a different type.  @typescript-eslint/no-explicit-any
13:113  Warning: Unexpected any. Specify a different type.  @typescript-eslint/no-explicit-any
13:127  Warning: Unexpected any. Specify a different type.  @typescript-eslint/no-explicit-any
52:41  Warning: Unexpected any. Specify a different type.  @typescript-eslint/no-explicit-any
142:29  Warning: Unexpected any. Specify a different type.  @typescript-eslint/no-explicit-any

./src/app/api/workflows/automation/route.ts
269:23  Warning: Unexpected any. Specify a different type.  @typescript-eslint/no-explicit-any
294:39  Warning: Unexpected any. Specify a different type.  @typescript-eslint/no-explicit-any
433:41  Warning: Unexpected any. Specify a different type.  @typescript-eslint/no-explicit-any
433:59  Warning: Unexpected any. Specify a different type.  @typescript-eslint/no-explicit-any
433:89  Warning: Unexpected any. Specify a different type.  @typescript-eslint/no-explicit-any
493:46  Warning: Unexpected any. Specify a different type.  @typescript-eslint/no-explicit-any
505:38  Warning: Unexpected any. Specify a different type.  @typescript-eslint/no-explicit-any
505:53  Warning: Unexpected any. Specify a different type.  @typescript-eslint/no-explicit-any

./src/app/api/workflows/route.ts
65:41  Warning: Unexpected any. Specify a different type.  @typescript-eslint/no-explicit-any
101:63  Warning: Unexpected any. Specify a different type.  @typescript-eslint/no-explicit-any

./src/app/api/workforce-productivity/route.ts
22:21  Warning: 'employees' is assigned a value but never used. Allowed unused vars must match /^_/u.  @typescript-eslint/no-unused-vars
50:40  Warning: Unexpected any. Specify a different type.  @typescript-eslint/no-explicit-any
54:38  Warning: Unexpected any. Specify a different type.  @typescript-eslint/no-explicit-any
66:61  Warning: Unexpected any. Specify a different type.  @typescript-eslint/no-explicit-any
82:36  Warning: Unexpected any. Specify a different type.  @typescript-eslint/no-explicit-any
84:36  Warning: Unexpected any. Specify a different type.  @typescript-eslint/no-explicit-any
92:57  Warning: Unexpected any. Specify a different type.  @typescript-eslint/no-explicit-any
129:19  Warning: Unexpected any. Specify a different type.  @typescript-eslint/no-explicit-any

./src/app/api/zapier/actions/route.ts
69:9  Warning: 'supabase' is assigned a value but never used. Allowed unused vars must match /^_/u.  @typescript-eslint/no-unused-vars

./src/app/api/zapier/search/route.ts
82:18  Warning: Unexpected any. Specify a different type.  @typescript-eslint/no-explicit-any

./src/app/api/zapier/webhooks/route.ts
11:12  Warning: Unexpected any. Specify a differ
