
> atlvs@0.1.0 build /Users/julianclarkson/Documents/Dragonflyone/apps/atlvs
> NODE_OPTIONS='--max-old-space-size=8192' next build --no-lint

 ⚠ Linting is disabled.
  ▲ Next.js 14.2.3
  - Environments: .env.local

   Creating an optimized production build ...
   Using tsconfig file: tsconfig.build.json
 ✓ Compiled successfully
   Skipping validation of types
   Collecting page data ...
 ⚠ Using edge runtime on a page currently disables static generation for that page
   Generating static pages (0/135) ...
   Generating static pages (33/135) 
   Generating static pages (67/135) 
   Generating static pages (101/135) 
 ✓ Generating static pages (135/135)
   Finalizing page optimization ...
   Collecting build traces ...

Route (app)                                        Size     First Load JS
┌ ƒ /                                              136 B           476 kB
├ ○ /_not-found                                    136 B           476 kB
├ ƒ /about                                         136 B           476 kB
├ ○ /action-items                                  2.02 kB         478 kB
├ ○ /advances                                      1.72 kB         478 kB
├ ƒ /advances/[id]                                 2 kB            478 kB
├ ○ /advancing                                     1.77 kB         478 kB
├ ƒ /advancing/requests/[id]                       1.54 kB         477 kB
├ ○ /alignment                                     2.82 kB         479 kB
├ ○ /analytics                                     1.8 kB          478 kB
├ ○ /analytics/client-retention                    2.08 kB         478 kB
├ ○ /analytics/dashboard-builder                   1.84 kB         478 kB
├ ○ /analytics/data-warehouse                      1.98 kB         478 kB
├ ○ /analytics/kpi                                 2.41 kB         478 kB
├ ƒ /analytics/kpi/[code]                          2.05 kB         478 kB
├ ○ /api-management                                1.47 kB         477 kB
├ ○ /api-management/keys                           2.15 kB         478 kB
├ ○ /api-management/logs                           1.63 kB         478 kB
├ ○ /api-management/webhooks                       2.31 kB         478 kB
├ ƒ /api/account-health                            0 B                0 B
├ ƒ /api/accounts-payable                          0 B                0 B
├ ƒ /api/accounts-receivable                       0 B                0 B
├ ƒ /api/action-items                              0 B                0 B
├ ƒ /api/admin/notification-routing                0 B                0 B
├ ƒ /api/advances                                  0 B                0 B
├ ƒ /api/advances/[id]                             0 B                0 B
├ ƒ /api/advances/[id]/approve                     0 B                0 B
├ ƒ /api/advances/[id]/reject                      0 B                0 B
├ ƒ /api/advancing/analytics                       0 B                0 B
├ ƒ /api/advancing/batch                           0 B                0 B
├ ƒ /api/advancing/catalog                         0 B                0 B
├ ƒ /api/advancing/catalog/[id]                    0 B                0 B
├ ƒ /api/advancing/catalog/categories              0 B                0 B
├ ƒ /api/advancing/requests                        0 B                0 B
├ ƒ /api/advancing/requests/[id]                   0 B                0 B
├ ƒ /api/advancing/requests/[id]/approve           0 B                0 B
├ ƒ /api/advancing/requests/[id]/fulfill           0 B                0 B
├ ƒ /api/advancing/requests/[id]/reject            0 B                0 B
├ ƒ /api/ai/asset-maintenance                      0 B                0 B
├ ƒ /api/ai/competitive-intelligence               0 B                0 B
├ ƒ /api/ai/demand-forecasting                     0 B                0 B
├ ƒ /api/ai/financial-forecasting                  0 B                0 B
├ ƒ /api/ai/portfolio-planning                     0 B                0 B
├ ƒ /api/ai/predictive-analytics                   0 B                0 B
├ ƒ /api/ai/resource-optimization                  0 B                0 B
├ ƒ /api/alignment                                 0 B                0 B
├ ƒ /api/alignment/metrics                         0 B                0 B
├ ƒ /api/analytics                                 0 B                0 B
├ ƒ /api/analytics/advanced-dashboard              0 B                0 B
├ ƒ /api/analytics/cross-platform                  0 B                0 B
├ ƒ /api/analytics/dashboard                       0 B                0 B
├ ƒ /api/analytics/predictions                     0 B                0 B
├ ƒ /api/analytics/predictive                      0 B                0 B
├ ƒ /api/anomaly-detection                         0 B                0 B
├ ƒ /api/app-store                                 0 B                0 B
├ ƒ /api/asset-analytics                           0 B                0 B
├ ƒ /api/asset-checkout                            0 B                0 B
├ ƒ /api/asset-damage                              0 B                0 B
├ ƒ /api/asset-insurance                           0 B                0 B
├ ƒ /api/asset-lifecycle                           0 B                0 B
├ ƒ /api/asset-location                            0 B                0 B
├ ƒ /api/asset-maintenance                         0 B                0 B
├ ƒ /api/asset-maintenance/schedule                0 B                0 B
├ ƒ /api/asset-specs                               0 B                0 B
├ ƒ /api/asset-tracking                            0 B                0 B
├ ƒ /api/asset-utilization                         0 B                0 B
├ ƒ /api/assets                                    0 B                0 B
├ ƒ /api/assets/[id]                               0 B                0 B
├ ƒ /api/assets/depreciation                       0 B                0 B
├ ƒ /api/assets/optimization                       0 B                0 B
├ ƒ /api/assets/scan                               0 B                0 B
├ ƒ /api/assets/tracking                           0 B                0 B
├ ƒ /api/audit-findings                            0 B                0 B
├ ƒ /api/auth/callback                             0 B                0 B
├ ƒ /api/auth/invite                               0 B                0 B
├ ƒ /api/auth/magic-link                           0 B                0 B
├ ƒ /api/auth/me                                   0 B                0 B
├ ƒ /api/auth/mfa                                  0 B                0 B
├ ƒ /api/auth/oauth/[provider]                     0 B                0 B
├ ƒ /api/auth/password/reset                       0 B                0 B
├ ƒ /api/auth/password/update                      0 B                0 B
├ ƒ /api/auth/refresh                              0 B                0 B
├ ƒ /api/auth/signin                               0 B                0 B
├ ƒ /api/auth/signout                              0 B                0 B
├ ƒ /api/auth/signup                               0 B                0 B
├ ƒ /api/auth/verify-email                         0 B                0 B
├ ƒ /api/automated-insights                        0 B                0 B
├ ƒ /api/availability                              0 B                0 B
├ ƒ /api/background-checks                         0 B                0 B
├ ƒ /api/bad-debt                                  0 B                0 B
├ ƒ /api/bank-reconciliation                       0 B                0 B
├ ƒ /api/batch                                     0 B                0 B
├ ƒ /api/batch/operations                          0 B                0 B
├ ƒ /api/benchmarking                              0 B                0 B
├ ƒ /api/benefits                                  0 B                0 B
├ ƒ /api/bi-integration                            0 B                0 B
├ ƒ /api/bid-comparison                            0 B                0 B
├ ƒ /api/blanket-po                                0 B                0 B
├ ƒ /api/budget-variance                           0 B                0 B
├ ƒ /api/budgets                                   0 B                0 B
├ ƒ /api/business-continuity                       0 B                0 B
├ ƒ /api/calendar-integration                      0 B                0 B
├ ƒ /api/calibration-schedules                     0 B                0 B
├ ƒ /api/calibration-schedules/[id]                0 B                0 B
├ ƒ /api/calibration-schedules/[id]/record         0 B                0 B
├ ƒ /api/capacity-planning                         0 B                0 B
├ ƒ /api/cash-flow                                 0 B                0 B
├ ƒ /api/churn-analysis                            0 B                0 B
├ ƒ /api/client-onboarding                         0 B                0 B
├ ƒ /api/cohort-analysis                           0 B                0 B
├ ƒ /api/commissions                               0 B                0 B
├ ƒ /api/communication-history                     0 B                0 B
├ ƒ /api/compensation-planning                     0 B                0 B
├ ƒ /api/compliance                                0 B                0 B
├ ƒ /api/compliance-training                       0 B                0 B
├ ƒ /api/compliance/regional                       0 B                0 B
├ ƒ /api/contacts                                  0 B                0 B
├ ƒ /api/contacts/[id]                             0 B                0 B
├ ƒ /api/contract-negotiation                      0 B                0 B
├ ƒ /api/contracts                                 0 B                0 B
├ ƒ /api/contracts/[id]                            0 B                0 B
├ ƒ /api/cost-allocation                           0 B                0 B
├ ƒ /api/credential-alerts                         0 B                0 B
├ ƒ /api/credentials                               0 B                0 B
├ ƒ /api/credit-card-reconciliation                0 B                0 B
├ ƒ /api/crew-mobile                               0 B                0 B
├ ƒ /api/crm                                       0 B                0 B
├ ƒ /api/crm/pipeline-forecasting                  0 B                0 B
├ ƒ /api/cron/cleanup-sessions                     0 B                0 B
├ ƒ /api/cron/sync-ledger                          0 B                0 B
├ ƒ /api/cross-platform/compvss-sync               0 B                0 B
├ ƒ /api/cross-platform/gvteway-sync               0 B                0 B
├ ƒ /api/currencies                                0 B                0 B
├ ƒ /api/damage-reports                            0 B                0 B
├ ƒ /api/dashboard-builder                         0 B                0 B
├ ƒ /api/data-export                               0 B                0 B
├ ƒ /api/data-warehouse/bi-keys                    0 B                0 B
├ ƒ /api/data-warehouse/connections                0 B                0 B
├ ƒ /api/data-warehouse/exports                    0 B                0 B
├ ƒ /api/data-warehouse/pipelines                  0 B                0 B
├ ƒ /api/deals                                     0 B                0 B
├ ƒ /api/deals/[id]                                0 B                0 B
├ ƒ /api/deals/handoff                             0 B                0 B
├ ƒ /api/deferred-revenue                          0 B                0 B
├ ƒ /api/departments                               0 B                0 B
├ ƒ /api/departments/[id]                          0 B                0 B
├ ƒ /api/documents                                 0 B                0 B
├ ƒ /api/documents/e-signature                     0 B                0 B
├ ƒ /api/email-integration                         0 B                0 B
├ ƒ /api/emergency-contacts                        0 B                0 B
├ ƒ /api/employees                                 0 B                0 B
├ ƒ /api/employees/[id]                            0 B                0 B
├ ƒ /api/enterprise/data-residency                 0 B                0 B
├ ƒ /api/enterprise/white-label                    0 B                0 B
├ ƒ /api/equipment-certifications                  0 B                0 B
├ ƒ /api/equipment-certifications/[id]             0 B                0 B
├ ƒ /api/equipment-certifications/[id]/renew       0 B                0 B
├ ƒ /api/expenses                                  0 B                0 B
├ ƒ /api/expenses/[id]                             0 B                0 B
├ ƒ /api/expenses/[id]/approve                     0 B                0 B
├ ƒ /api/finance/enhanced                          0 B                0 B
├ ƒ /api/fixed-assets                              0 B                0 B
├ ƒ /api/freelancers                               0 B                0 B
├ ƒ /api/generator/analytics                       0 B                0 B
├ ƒ /api/generator/capture-lead                    0 B                0 B
├ ƒ /api/generator/export                          0 B                0 B
├ ƒ /api/generator/generate                        0 B                0 B
├ ƒ /api/generator/pdf                             0 B                0 B
├ ƒ /api/generator/share                           0 B                0 B
├ ƒ /api/governance                                0 B                0 B
├ ƒ /api/grants                                    0 B                0 B
├ ƒ /api/handbook                                  0 B                0 B
├ ƒ /api/handbook/[id]                             0 B                0 B
├ ƒ /api/handbook/[id]/acknowledge                 0 B                0 B
├ ƒ /api/health                                    0 B                0 B
├ ƒ /api/incident-reports                          0 B                0 B
├ ƒ /api/insurance-coi                             0 B                0 B
├ ƒ /api/integrations/analytics                    0 B                0 B
├ ƒ /api/integrations/crm-sync                     0 B                0 B
├ ƒ /api/integrations/deal-to-project              0 B                0 B
├ ƒ /api/integrations/erp-sync                     0 B                0 B
├ ƒ /api/integrations/hr-systems                   0 B                0 B
├ ƒ /api/integrations/payroll                      0 B                0 B
├ ƒ /api/integrations/slack-teams                  0 B                0 B
├ ƒ /api/integrations/stripe-reconciliation        0 B                0 B
├ ƒ /api/intercompany                              0 B                0 B
├ ƒ /api/invoices                                  0 B                0 B
├ ƒ /api/invoices/[id]                             0 B                0 B
├ ƒ /api/ip-tracking                               0 B                0 B
├ ƒ /api/job-costing                               0 B                0 B
├ ƒ /api/kpi                                       0 B                0 B
├ ƒ /api/kpi/[code]                                0 B                0 B
├ ƒ /api/kpi/data                                  0 B                0 B
├ ƒ /api/kpi/reports                               0 B                0 B
├ ƒ /api/kpi/trend/[code]                          0 B                0 B
├ ƒ /api/labor-compliance                          0 B                0 B
├ ƒ /api/late-payments                             0 B                0 B
├ ƒ /api/lead-scoring                              0 B                0 B
├ ƒ /api/leads/scoring                             0 B                0 B
├ ƒ /api/ledger-accounts                           0 B                0 B
├ ƒ /api/ledger-entries                            0 B                0 B
├ ƒ /api/maintenance-history                       0 B                0 B
├ ƒ /api/make/modules                              0 B                0 B
├ ƒ /api/marketing-attribution                     0 B                0 B
├ ƒ /api/mass-email                                0 B                0 B
├ ƒ /api/meeting-notes                             0 B                0 B
├ ƒ /api/meetings                                  0 B                0 B
├ ƒ /api/metrics                                   0 B                0 B
├ ƒ /api/multi-entity                              0 B                0 B
├ ƒ /api/n8n/nodes                                 0 B                0 B
├ ƒ /api/nda                                       0 B                0 B
├ ƒ /api/nl-query                                  0 B                0 B
├ ƒ /api/notifications/unified                     0 B                0 B
├ ƒ /api/nps                                       0 B                0 B
├ ƒ /api/nps-surveys                               0 B                0 B
├ ƒ /api/onboarding                                0 B                0 B
├ ƒ /api/onboarding/complete                       0 B                0 B
├ ƒ /api/onboarding/organization                   0 B                0 B
├ ƒ /api/onboarding/preferences                    0 B                0 B
├ ƒ /api/onboarding/profile                        0 B                0 B
├ ƒ /api/onboarding/role                           0 B                0 B
├ ƒ /api/opportunities                             0 B                0 B
├ ƒ /api/opportunity-tracking                      0 B                0 B
├ ƒ /api/organizations                             0 B                0 B
├ ƒ /api/organizations/[id]                        0 B                0 B
├ ƒ /api/payment-processing                        0 B                0 B
├ ƒ /api/payroll                                   0 B                0 B
├ ƒ /api/payroll/[id]                              0 B                0 B
├ ƒ /api/payroll/entries                           0 B                0 B
├ ƒ /api/payroll/periods                           0 B                0 B
├ ƒ /api/payroll/providers                         0 B                0 B
├ ƒ /api/pcard                                     0 B                0 B
├ ƒ /api/performance                               0 B                0 B
├ ƒ /api/platform-users                            0 B                0 B
├ ƒ /api/po-receiving                              0 B                0 B
├ ƒ /api/policies                                  0 B                0 B
├ ƒ /api/policies/[id]                             0 B                0 B
├ ƒ /api/policies/[id]/acknowledge                 0 B                0 B
├ ƒ /api/predictive-analytics                      0 B                0 B
├ ƒ /api/preferred-vendors                         0 B                0 B
├ ƒ /api/privacy/consent                           0 B                0 B
├ ƒ /api/privacy/delete                            0 B                0 B
├ ƒ /api/privacy/dsr                               0 B                0 B
├ ƒ /api/privacy/export                            0 B                0 B
├ ƒ /api/procurement/automation                    0 B                0 B
├ ƒ /api/profit-sharing                            0 B                0 B
├ ƒ /api/project-dependencies                      0 B                0 B
├ ƒ /api/projects                                  0 B                0 B
├ ƒ /api/projects/[id]                             0 B                0 B
├ ƒ /api/projects/enhanced                         0 B                0 B
├ ƒ /api/pto-balances                              0 B                0 B
├ ƒ /api/purchase-orders                           0 B                0 B
├ ƒ /api/purchase-orders/[id]                      0 B                0 B
├ ƒ /api/purchase-orders/[id]/approve              0 B                0 B
├ ƒ /api/quick-links                               0 B                0 B
├ ƒ /api/quotes                                    0 B                0 B
├ ƒ /api/quotes/[id]                               0 B                0 B
├ ƒ /api/quotes/[id]/convert                       0 B                0 B
├ ƒ /api/ratings                                   0 B                0 B
├ ƒ /api/referral-program                          0 B                0 B
├ ƒ /api/referral-tracking                         0 B                0 B
├ ƒ /api/rental-equipment                          0 B                0 B
├ ƒ /api/reports                                   0 B                0 B
├ ƒ /api/reports/generate                          0 B                0 B
├ ƒ /api/resource-optimization                     0 B                0 B
├ ƒ /api/resource-utilization                      0 B                0 B
├ ƒ /api/retainers                                 0 B                0 B
├ ƒ /api/retrospectives                            0 B                0 B
├ ƒ /api/revenue-recognition                       0 B                0 B
├ ƒ /api/rfp                                       0 B                0 B
├ ƒ /api/risks                                     0 B                0 B
├ ƒ /api/sales-forecast                            0 B                0 B
├ ƒ /api/scenarios                                 0 B                0 B
├ ƒ /api/scheduled-reports                         0 B                0 B
├ ƒ /api/search                                    0 B                0 B
├ ƒ /api/serialized-components                     0 B                0 B
├ ƒ /api/serialized-components/[id]                0 B                0 B
├ ƒ /api/serialized-components/[id]/service        0 B                0 B
├ ƒ /api/serialized-components/[id]/transfer       0 B                0 B
├ ƒ /api/shift-scheduling                          0 B                0 B
├ ƒ /api/skills-matrix                             0 B                0 B
├ ƒ /api/spend-analytics                           0 B                0 B
├ ƒ /api/sso/domains                               0 B                0 B
├ ƒ /api/sso/oidc/login                            0 B                0 B
├ ƒ /api/sso/providers                             0 B                0 B
├ ƒ /api/sso/saml/login                            0 B                0 B
├ ƒ /api/stakeholder-hub                           0 B                0 B
├ ƒ /api/stakeholders                              0 B                0 B
├ ƒ /api/stakeholders/communications               0 B                0 B
├ ƒ /api/status                                    0 B                0 B
├ ƒ /api/strategic-alignment                       0 B                0 B
├ ƒ /api/strategic-goals                           0 B                0 B
├ ƒ /api/succession-planning                       0 B                0 B
├ ƒ /api/succession-planning/candidates            0 B                0 B
├ ƒ /api/succession-planning/positions             0 B                0 B
├ ƒ /api/succession-planning/positions/[id]        0 B                0 B
├ ƒ /api/succession-planning/talent-pools          0 B                0 B
├ ƒ /api/talent-acquisition                        0 B                0 B
├ ƒ /api/task-management                           0 B                0 B
├ ƒ /api/tax/compliance                            0 B                0 B
├ ƒ /api/territory-management                      0 B                0 B
├ ƒ /api/time-off                                  0 B                0 B
├ ƒ /api/timesheets                                0 B                0 B
├ ƒ /api/training                                  0 B                0 B
├ ƒ /api/trend-analysis                            0 B                0 B
├ ƒ /api/vendor-compliance                         0 B                0 B
├ ƒ /api/vendor-contracts                          0 B                0 B
├ ƒ /api/vendor-onboarding                         0 B                0 B
├ ƒ /api/vendor-payment-terms                      0 B                0 B
├ ƒ /api/vendor-portal                             0 B                0 B
├ ƒ /api/vendor-scorecards                         0 B                0 B
├ ƒ /api/vendor-scoring                            0 B                0 B
├ ƒ /api/vendor-selection                          0 B                0 B
├ ƒ /api/vendors                                   0 B                0 B
├ ƒ /api/vendors/[id]                              0 B                0 B
├ ƒ /api/venue-booking                             0 B                0 B
├ ƒ /api/workers-comp                              0 B                0 B
├ ƒ /api/workflow-automation                       0 B                0 B
├ ƒ /api/workflows                                 0 B                0 B
├ ƒ /api/workflows/[id]/execute                    0 B                0 B
├ ƒ /api/workflows/automation                      0 B                0 B
├ ƒ /api/workforce-productivity                    0 B                0 B
├ ƒ /api/zapier/actions                            0 B                0 B
├ ƒ /api/zapier/analytics                          0 B                0 B
├ ƒ /api/zapier/oauth/authorize                    0 B                0 B
├ ƒ /api/zapier/oauth/token                        0 B                0 B
├ ƒ /api/zapier/search                             0 B                0 B
├ ƒ /api/zapier/triggers                           0 B                0 B
├ ƒ /api/zapier/webhooks                           0 B                0 B
├ ○ /assets                                        2.38 kB         478 kB
├ ○ /assets/calibration                            1.92 kB         478 kB
├ ○ /assets/damage-reports                         2.21 kB         478 kB
├ ○ /assets/idle-analysis                          1.87 kB         478 kB
├ ○ /assets/kits                                   2.19 kB         478 kB
├ ○ /assets/maintenance                            2.54 kB         478 kB
├ ○ /assets/optimization                           2.54 kB         478 kB
├ ○ /assets/performance                            1.86 kB         478 kB
├ ○ /assets/rentals                                2.17 kB         478 kB
├ ○ /assets/scan                                   2.64 kB         479 kB
├ ○ /assets/serialized                             3.13 kB         479 kB
├ ○ /assets/specifications                         2.98 kB         479 kB
├ ○ /assets/storage                                1.8 kB          478 kB
├ ○ /assets/tracking                               2.11 kB         478 kB
├ ○ /assets/utilization                            1.95 kB         478 kB
├ ○ /audit                                         1.53 kB         477 kB
├ ○ /auth/forgot-password                          1.26 kB         477 kB
├ ○ /auth/magic-link                               1.3 kB          477 kB
├ ○ /auth/reset-password                           1.35 kB         477 kB
├ ○ /auth/signin                                   587 B           477 kB
├ ○ /auth/signup                                   1.91 kB         478 kB
├ ○ /auth/verify-email                             933 B           477 kB
├ ○ /billing                                       2.15 kB         478 kB
├ ○ /budgets                                       2.16 kB         478 kB
├ ○ /compliance                                    2.05 kB         478 kB
├ ƒ /contact                                       136 B           476 kB
├ ○ /contacts                                      1.92 kB         478 kB
├ ○ /contacts/relationships                        2.95 kB         479 kB
├ ○ /contracts                                     2.55 kB         478 kB
├ ○ /crm                                           1.54 kB         477 kB
├ ○ /crm/calendar                                  2.05 kB         478 kB
├ ○ /crm/email-integration                         1.91 kB         478 kB
├ ○ /crm/lead-scoring                              2.28 kB         478 kB
├ ○ /crm/relationships                             1.78 kB         478 kB
├ ○ /crm/tasks                                     2.52 kB         478 kB
├ ○ /dashboard                                     3.27 kB         479 kB
├ ○ /deals                                         1.79 kB         478 kB
├ ƒ /demo                                          136 B           476 kB
├ ○ /design-system                                 5.1 kB          481 kB
├ ○ /documents                                     2.04 kB         478 kB
├ ○ /employees                                     2.18 kB         478 kB
├ ○ /expenses                                      2.18 kB         478 kB
├ ƒ /expenses/[id]                                 2.19 kB         478 kB
├ ○ /expenses/categories                           1.95 kB         478 kB
├ ○ /expenses/reports                              1.78 kB         478 kB
├ ○ /finance                                       1.75 kB         478 kB
├ ○ /finance/accounts-receivable                   1.95 kB         478 kB
├ ○ /finance/bank-reconciliation                   1.72 kB         478 kB
├ ○ /finance/commissions                           2.15 kB         478 kB
├ ○ /finance/credit-cards                          1.78 kB         478 kB
├ ƒ /generator                                     2.69 kB         479 kB
├ ƒ /generator/share/[id]                          1.1 kB          477 kB
├ ƒ /generator/share/[id]/opengraph-image          0 B                0 B
├ ○ /governance                                    1.81 kB         478 kB
├ ƒ /help                                          136 B           476 kB
├ ○ /insurance                                     2.28 kB         478 kB
├ ƒ /insurance/[id]                                1.96 kB         478 kB
├ ○ /integrations                                  1.68 kB         478 kB
├ ○ /investors                                     2.14 kB         478 kB
├ ƒ /investors/[id]                                2.04 kB         478 kB
├ ○ /investors/documents                           1.97 kB         478 kB
├ ○ /investors/reports                             1.79 kB         478 kB
├ ○ /investors/rounds                              2.23 kB         478 kB
├ ○ /invoices                                      2.56 kB         479 kB
├ ○ /ip-tracking                                   2.05 kB         478 kB
├ ○ /leads/scoring                                 4.13 kB         480 kB
├ ƒ /legal/privacy                                 136 B           476 kB
├ ƒ /legal/terms                                   136 B           476 kB
├ ○ /marketing/attribution                         2.32 kB         478 kB
├ ○ /metrics                                       1.92 kB         478 kB
├ ○ /metrics/kpis                                  1.61 kB         478 kB
├ ○ /metrics/reports                               1.82 kB         478 kB
├ ○ /notifications                                 1.63 kB         478 kB
├ ○ /okrs                                          1.93 kB         478 kB
├ ○ /onboarding                                    3.37 kB         479 kB
├ ○ /organization                                  935 B           477 kB
├ ƒ /p/[productionId]/advancing                    1.66 kB         478 kB
├ ƒ /p/[productionId]/advancing/allocations        730 B           477 kB
├ ƒ /p/[productionId]/advancing/fulfillment        726 B           477 kB
├ ƒ /p/[productionId]/advancing/history            742 B           477 kB
├ ƒ /p/[productionId]/alignment                    728 B           477 kB
├ ƒ /p/[productionId]/budgets                      1.29 kB         477 kB
├ ƒ /p/[productionId]/compliance                   1.26 kB         477 kB
├ ƒ /p/[productionId]/contracts                    1.07 kB         477 kB
├ ƒ /p/[productionId]/documents                    1.25 kB         477 kB
├ ƒ /p/[productionId]/expenses                     1.11 kB         477 kB
├ ƒ /p/[productionId]/investors                    973 B           477 kB
├ ƒ /p/[productionId]/investors/documents          721 B           477 kB
├ ƒ /p/[productionId]/investors/reports            720 B           477 kB
├ ƒ /p/[productionId]/investors/rounds             732 B           477 kB
├ ƒ /p/[productionId]/invoices                     1.03 kB         477 kB
├ ƒ /p/[productionId]/marketing                    1.13 kB         477 kB
├ ƒ /p/[productionId]/metrics                      1.1 kB          477 kB
├ ƒ /p/[productionId]/overview                     1.96 kB         478 kB
├ ƒ /p/[productionId]/procurement                  989 B           477 kB
├ ƒ /p/[productionId]/procurement/purchase-orders  767 B           477 kB
├ ƒ /p/[productionId]/procurement/quotes           709 B           477 kB
├ ƒ /p/[productionId]/procurement/rfps             764 B           477 kB
├ ƒ /p/[productionId]/schedule                     1.73 kB         478 kB
├ ƒ /p/[productionId]/schedule/contingencies       1.04 kB         477 kB
├ ƒ /p/[productionId]/schedule/tasks               1.31 kB         477 kB
├ ƒ /p/[productionId]/schedule/templates           1.01 kB         477 kB
├ ƒ /p/[productionId]/settings                     1.03 kB         477 kB
├ ƒ /p/[productionId]/shows                        859 B           477 kB
├ ƒ /p/[productionId]/shows/cues                   948 B           477 kB
├ ƒ /p/[productionId]/shows/run-of-show            1.04 kB         477 kB
├ ƒ /p/[productionId]/shows/set-times              998 B           477 kB
├ ƒ /p/[productionId]/sponsors                     1.25 kB         477 kB
├ ƒ /p/[productionId]/stakeholders                 763 B           477 kB
├ ƒ /p/[productionId]/team                         1.22 kB         477 kB
├ ƒ /p/[productionId]/team/assignments             986 B           477 kB
├ ƒ /p/[productionId]/team/training                976 B           477 kB
├ ƒ /p/[productionId]/vendors                      1.11 kB         477 kB
├ ƒ /p/[productionId]/venues                       1.08 kB         477 kB
├ ƒ /p/[productionId]/venues/maps                  944 B           477 kB
├ ƒ /p/[productionId]/venues/zones                 892 B           477 kB
├ ○ /partnerships                                  1.64 kB         478 kB
├ ○ /payroll                                       2.11 kB         478 kB
├ ○ /performance                                   1.85 kB         478 kB
├ ○ /permits                                       2.15 kB         478 kB
├ ƒ /permits/[id]                                  1.89 kB         478 kB
├ ○ /pipeline                                      1.66 kB         478 kB
├ ○ /portfolio                                     2.48 kB         478 kB
├ ○ /procurement                                   2.63 kB         479 kB
├ ○ /procurement/categories                        2.73 kB         479 kB
├ ○ /procurement/emergency                         2.64 kB         479 kB
├ ○ /procurement/logistics                         2.55 kB         478 kB
├ ○ /procurement/vendor-audits                     2.41 kB         478 kB
├ ○ /procurement/vendor-selection                  2.9 kB          479 kB
├ ○ /productions                                   1.07 kB         477 kB
├ ○ /profile                                       1.75 kB         478 kB
├ ○ /projects                                      2 kB            478 kB
├ ƒ /projects/[id]                                 2.37 kB         478 kB
├ ○ /quick-links                                   2.58 kB         479 kB
├ ○ /quotes                                        1.94 kB         478 kB
├ ○ /reports                                       2.35 kB         478 kB
├ ○ /reports/scheduled                             2.28 kB         478 kB
├ ○ /revenue-recognition                           2.58 kB         479 kB
├ ○ /rfp                                           2.01 kB         478 kB
├ ○ /risks                                         1.84 kB         478 kB
├ ○ /scenarios                                     2.31 kB         478 kB
├ ○ /schedule                                      1.81 kB         478 kB
├ ○ /schedule/contingencies                        2.3 kB          478 kB
├ ƒ /schedule/contingencies/[id]                   2 kB            478 kB
├ ○ /schedule/tasks                                2.23 kB         478 kB
├ ƒ /schedule/tasks/[id]                           1.79 kB         478 kB
├ ○ /schedule/templates                            2.54 kB         478 kB
├ ○ /settings                                      1.73 kB         478 kB
├ ○ /settings/appearance                           3.43 kB         479 kB
├ ○ /sponsors                                      2.22 kB         478 kB
├ ƒ /sponsors/[id]                                 2.67 kB         479 kB
├ ○ /sponsors/deck                                 1.86 kB         478 kB
├ ○ /sponsors/fulfillment                          1.99 kB         478 kB
├ ○ /sponsors/reports                              1.81 kB         478 kB
├ ○ /sponsors/tiers                                2.13 kB         478 kB
├ ○ /stakeholders                                  1.97 kB         478 kB
├ ○ /subsidiaries                                  1.91 kB         478 kB
├ ○ /taxes                                         1.87 kB         478 kB
├ ○ /training                                      1.91 kB         478 kB
├ ○ /vendors                                       2.33 kB         478 kB
├ ○ /vendors/contracts                             1.79 kB         478 kB
├ ○ /vendors/rate-cards                            2.01 kB         478 kB
├ ○ /venues                                        2.24 kB         478 kB
├ ƒ /venues/[id]                                   2.03 kB         478 kB
├ ○ /venues/maps                                   1.91 kB         478 kB
├ ○ /venues/zones                                  2.52 kB         478 kB
├ ƒ /venues/zones/[id]                             1.64 kB         478 kB
├ ƒ /verticals/activations                         136 B           476 kB
├ ƒ /verticals/destinations                        136 B           476 kB
├ ƒ /verticals/installations                       136 B           476 kB
├ ƒ /verticals/productions                         135 B           476 kB
├ ○ /workforce                                     2.08 kB         478 kB
├ ○ /workforce/background-checks                   2.08 kB         478 kB
├ ○ /workforce/compensation                        1.86 kB         478 kB
├ ○ /workforce/handbook                            3.28 kB         479 kB
├ ○ /workforce/labor-laws                          1.96 kB         478 kB
├ ○ /workforce/referrals                           1.9 kB          478 kB
├ ○ /workforce/succession                          2.17 kB         478 kB
├ ○ /workforce/union-compliance                    2.43 kB         478 kB
└ ○ /workforce/union-rules                         1.92 kB         478 kB
+ First Load JS shared by all                      476 kB
  ├ chunks/commons-1ac89290fab93667.js             100 kB
  ├ chunks/lib-75cbbd0a61ed8b3d.js                 374 kB
  └ other shared chunks (total)                    1.99 kB


ƒ Middleware                                       76.3 kB

○  (Static)   prerendered as static content
ƒ  (Dynamic)  server-rendered on demand

