

> @ghxstship/ui@0.0.1 build /Users/julianclarkson/Documents/Dragonflyone/packages/ui
> tsc -p tsconfig.json

[96msrc/organisms/GanttChart/GanttChart.tsx[0m:[93m249[0m:[93m6[0m - [91merror[0m[90m TS17008: [0mJSX element 'div' has no corresponding closing tag.

[7m249[0m     <div className={clsx(ganttChartVariants({ inverted }), className)}>
[7m   [0m [91m     ~~~[0m

[96msrc/organisms/GanttChart/GanttChart.tsx[0m:[93m310[0m:[93m8[0m - [91merror[0m[90m TS17008: [0mJSX element 'div' has no corresponding closing tag.

[7m310[0m       <div className="overflow-x-auto">
[7m   [0m [91m       ~~~[0m

[96msrc/organisms/GanttChart/GanttChart.tsx[0m:[93m311[0m:[93m10[0m - [91merror[0m[90m TS17008: [0mJSX element 'div' has no corresponding closing tag.

[7m311[0m         <div style={{ width: totalWidth, minWidth: "100%" }}>
[7m   [0m [91m         ~~~[0m

[96msrc/organisms/GanttChart/GanttChart.tsx[0m:[93m379[0m:[93m25[0m - [91merror[0m[90m TS2657: [0mJSX expressions must have one parent element.

[7m379[0m                         <div
[7m   [0m [91m                        ~~~~[0m
[7m380[0m                     {/* Task bar */}
[7m   [0m [91m~~~~~~~~~~~~~~~~~~~~~~~~~~~~~~~~~~~~[0m
[7m...[0m 
[7m407[0m                       )}
[7m   [0m [91m~~~~~~~~~~~~~~~~~~~~~~~~[0m
[7m408[0m                     </div>
[7m   [0m [91m~~~~~~~~~~~~~~~~~~~~~~~~~~[0m

[96msrc/organisms/GanttChart/GanttChart.tsx[0m:[93m380[0m:[93m36[0m - [91merror[0m[90m TS1005: [0m'...' expected.

[7m380[0m                     {/* Task bar */}
[7m   [0m [91m                                   ~[0m

[96msrc/organisms/GanttChart/GanttChart.tsx[0m:[93m381[0m:[93m21[0m - [91merror[0m[90m TS1003: [0mIdentifier expected.

[7m381[0m                     <div
[7m   [0m [91m                    ~[0m

[96msrc/organisms/GanttChart/GanttChart.tsx[0m:[93m409[0m:[93m19[0m - [91merror[0m[90m TS1005: [0m')' expected.

[7m409[0m                   </div>
[7m   [0m [91m                  ~~[0m

[96msrc/organisms/GanttChart/GanttChart.tsx[0m:[93m412[0m:[93m13[0m - [91merror[0m[90m TS1381: [0mUnexpected token. Did you mean `{'}'}` or `&rbrace;`?

[7m412[0m             })}
[7m   [0m [91m            ~[0m

[96msrc/organisms/GanttChart/GanttChart.tsx[0m:[93m412[0m:[93m15[0m - [91merror[0m[90m TS1381: [0mUnexpected token. Did you mean `{'}'}` or `&rbrace;`?

[7m412[0m             })}
[7m   [0m [91m              ~[0m

[96msrc/organisms/GanttChart/GanttChart.tsx[0m:[93m415[0m:[93m11[0m - [91merror[0m[90m TS1005: [0m')' expected.

[7m415[0m           {/* Today marker */}
[7m   [0m [91m          ~[0m

[96msrc/organisms/GanttChart/GanttChart.tsx[0m:[93m448[0m:[93m9[0m - [91merror[0m[90m TS1128: [0mDeclaration or statement expected.

[7m448[0m         </div>
[7m   [0m [91m        ~~[0m

[96msrc/organisms/GanttChart/GanttChart.tsx[0m:[93m450[0m:[93m5[0m - [91merror[0m[90m TS1005: [0m')' expected.

[7m450[0m     </div>
[7m   [0m [91m    ~~[0m

[96msrc/organisms/GanttChart/GanttChart.tsx[0m:[93m452[0m:[93m1[0m - [91merror[0m[90m TS1381: [0mUnexpected token. Did you mean `{'}'}` or `&rbrace;`?

[7m452[0m }
[7m   [0m [91m~[0m

[96msrc/organisms/GanttChart/GanttChart.tsx[0m:[93m455[0m:[93m1[0m - [91merror[0m[90m TS1005: [0m'</' expected.

[7m455[0m 
[7m   [0m [91m[0m


Found 14 errors in the same file, starting at: src/organisms/GanttChart/GanttChart.tsx[90m:249[0m

[41m[30m ELIFECYCLE [39m[49m [31mCommand failed with exit code 2.[39m
